C51 COMPILER V9.00   LCD                                                                   03/07/2019 20:18:40 PAGE 1   


C51 COMPILER V9.00, COMPILATION OF MODULE LCD
OBJECT MODULE PLACED IN lcd.OBJ
COMPILER INVOKED BY: D:\KeilC51\C51\BIN\C51.EXE lcd.c BROWSE INCDIR(..\ADC_DACй╣яИ) DEBUG OBJECTEXTEND

line level    source

   1          #include <c8051f020.h>
   2          //#include <stdio.h>
   3          #include <math.h>
   4          //#include <DataType.h>
   5          #include "lcd.h"
   6          
   7          
   8          
   9          sbit    SCK=                P3^4;
  10          sbit    SDA=                    P3^5;
  11          
  12          //extern const unsigned char code AsciiFontData[95][16];
  13          const unsigned char code AsciiFontData[95][16]  =
  14          {
  15          /*--  ндвж:     --*/
  16          /*--  кнлЕ9;  ╢квжлЕоб╤тс╕╣д╣ЦуСн╙ё╨©Мx╦ъ=8x15   --*/
  17          /*--  ╦ъ╤х╡╩йг8╣д╠╤йЩё╛ож╣ВуШн╙ё╨©М╤хx╦ъ╤х=8x16  --*/
  18          0x00,0x00,0x00,0x00,0x00,0x00,0x00,0x00,0x00,0x00,0x00,0x00,0x00,0x00,0x00,0x00,
  19          
  20          /*--  ндвж:  !  --*/
  21          /*--  кнлЕ9;  ╢квжлЕоб╤тс╕╣д╣ЦуСн╙ё╨©Мx╦ъ=8x15   --*/
  22          /*--  ╦ъ╤х╡╩йг8╣д╠╤йЩё╛ож╣ВуШн╙ё╨©М╤хx╦ъ╤х=8x16  --*/
  23          0x00,0x00,0x00,0x3F,0x00,0x00,0x00,0x00,0x00,0x00,0x00,0x98,0x18,0x00,0x00,0x00,
  24          
  25          /*--  ндвж:  "  --*/
  26          /*--  кнлЕ9;  ╢квжлЕоб╤тс╕╣д╣ЦуСн╙ё╨©Мx╦ъ=8x15   --*/
  27          /*--  ╦ъ╤х╡╩йг8╣д╠╤йЩё╛ож╣ВуШн╙ё╨©М╤хx╦ъ╤х=8x16  --*/
  28          0x00,0x08,0x30,0x48,0x30,0x40,0x00,0x00,0x00,0x00,0x00,0x00,0x00,0x00,0x00,0x00,
  29          
  30          /*--  ндвж:  #  --*/
  31          /*--  кнлЕ9;  ╢квжлЕоб╤тс╕╣д╣ЦуСн╙ё╨©Мx╦ъ=8x15   --*/
  32          /*--  ╦ъ╤х╡╩йг8╣д╠╤йЩё╛ож╣ВуШн╙ё╨©М╤хx╦ъ╤х=8x16  --*/
  33          0x00,0x04,0x04,0x1F,0x04,0x1F,0x04,0x00,0x00,0x40,0xF8,0x40,0xF8,0x40,0x40,0x00,
  34          
  35          /*--  ндвж:  $  --*/
  36          /*--  кнлЕ9;  ╢квжлЕоб╤тс╕╣д╣ЦуСн╙ё╨©Мx╦ъ=8x15   --*/
  37          /*--  ╦ъ╤х╡╩йг8╣д╠╤йЩё╛ож╣ВуШн╙ё╨©М╤хx╦ъ╤х=8x16  --*/
  38          0x00,0x0E,0x11,0x3F,0x10,0x0C,0x00,0x00,0x00,0x30,0x08,0xFE,0x88,0x70,0x00,0x00,
  39          
  40          /*--  ндвж:  %  --*/
  41          /*--  кнлЕ9;  ╢квжлЕоб╤тс╕╣д╣ЦуСн╙ё╨©Мx╦ъ=8x15   --*/
  42          /*--  ╦ъ╤х╡╩йг8╣д╠╤йЩё╛ож╣ВуШн╙ё╨©М╤хx╦ъ╤х=8x16  --*/
  43          0x0E,0x11,0x0E,0x01,0x06,0x18,0x00,0x00,0x00,0x18,0x60,0x80,0x70,0x88,0x70,0x00,
  44          
  45          /*--  ндвж:  &  --*/
  46          /*--  кнлЕ9;  ╢квжлЕоб╤тс╕╣д╣ЦуСн╙ё╨©Мx╦ъ=8x15   --*/
  47          /*--  ╦ъ╤х╡╩йг8╣д╠╤йЩё╛ож╣ВуШн╙ё╨©М╤хx╦ъ╤х=8x16  --*/
  48          0x00,0x0F,0x11,0x0F,0x01,0x01,0x00,0x00,0xF0,0x08,0xC8,0x28,0xF0,0x08,0x08,0x00,
  49          
  50          /*--  ндвж:  '  --*/
  51          /*--  кнлЕ9;  ╢квжлЕоб╤тс╕╣д╣ЦуСн╙ё╨©Мx╦ъ=8x15   --*/
  52          /*--  ╦ъ╤х╡╩йг8╣д╠╤йЩё╛ож╣ВуШн╙ё╨©М╤хx╦ъ╤х=8x16  --*/
  53          0x08,0x68,0x70,0x00,0x00,0x00,0x00,0x00,0x00,0x00,0x00,0x00,0x00,0x00,0x00,0x00,
  54          
  55          /*--  ндвж:  (  --*/
C51 COMPILER V9.00   LCD                                                                   03/07/2019 20:18:40 PAGE 2   

  56          /*--  кнлЕ9;  ╢квжлЕоб╤тс╕╣д╣ЦуСн╙ё╨©Мx╦ъ=8x15   --*/
  57          /*--  ╦ъ╤х╡╩йг8╣д╠╤йЩё╛ож╣ВуШн╙ё╨©М╤хx╦ъ╤х=8x16  --*/
  58          0x00,0x00,0x00,0x07,0x18,0x20,0x40,0x00,0x00,0x00,0x00,0xC0,0x30,0x08,0x04,0x00,
  59          
  60          /*--  ндвж:  )  --*/
  61          /*--  кнлЕ9;  ╢квжлЕоб╤тс╕╣д╣ЦуСн╙ё╨©Мx╦ъ=8x15   --*/
  62          /*--  ╦ъ╤х╡╩йг8╣д╠╤йЩё╛ож╣ВуШн╙ё╨©М╤хx╦ъ╤х=8x16  --*/
  63          0x00,0x40,0x20,0x18,0x07,0x00,0x00,0x00,0x00,0x04,0x08,0x30,0xC0,0x00,0x00,0x00,
  64          
  65          /*--  ндвж:  *  --*/
  66          /*--  кнлЕ9;  ╢квжлЕоб╤тс╕╣д╣ЦуСн╙ё╨©Мx╦ъ=8x15   --*/
  67          /*--  ╦ъ╤х╡╩йг8╣д╠╤йЩё╛ож╣ВуШн╙ё╨©М╤хx╦ъ╤х=8x16  --*/
  68          0x02,0x02,0x01,0x0F,0x01,0x02,0x02,0x00,0x40,0x40,0x80,0xF0,0x80,0x40,0x40,0x00,
  69          
  70          /*--  ндвж:  +  --*/
  71          /*--  кнлЕ9;  ╢квжлЕоб╤тс╕╣д╣ЦуСн╙ё╨©Мx╦ъ=8x15   --*/
  72          /*--  ╦ъ╤х╡╩йг8╣д╠╤йЩё╛ож╣ВуШн╙ё╨©М╤хx╦ъ╤х=8x16  --*/
  73          0x01,0x01,0x01,0x0F,0x01,0x01,0x01,0x00,0x00,0x00,0x00,0xE0,0x00,0x00,0x00,0x00,
  74          
  75          /*--  ндвж:  ,  --*/
  76          /*--  кнлЕ9;  ╢квжлЕоб╤тс╕╣д╣ЦуСн╙ё╨©Мx╦ъ=8x15   --*/
  77          /*--  ╦ъ╤х╡╩йг8╣д╠╤йЩё╛ож╣ВуШн╙ё╨©М╤хx╦ъ╤х=8x16  --*/
  78          0x00,0x00,0x00,0x00,0x00,0x00,0x00,0x00,0x02,0x1A,0x1C,0x00,0x00,0x00,0x00,0x00,
  79          
  80          /*--  ндвж:  -  --*/
  81          /*--  кнлЕ9;  ╢квжлЕоб╤тс╕╣д╣ЦуСн╙ё╨©Мx╦ъ=8x15   --*/
  82          /*--  ╦ъ╤х╡╩йг8╣д╠╤йЩё╛ож╣ВуШн╙ё╨©М╤хx╦ъ╤х=8x16  --*/
  83          0x01,0x01,0x01,0x01,0x01,0x01,0x01,0x00,0x00,0x00,0x00,0x00,0x00,0x00,0x00,0x00,
  84          
  85          /*--  ндвж:  .  --*/
  86          /*--  кнлЕ9;  ╢квжлЕоб╤тс╕╣д╣ЦуСн╙ё╨©Мx╦ъ=8x15   --*/
  87          /*--  ╦ъ╤х╡╩йг8╣д╠╤йЩё╛ож╣ВуШн╙ё╨©М╤хx╦ъ╤х=8x16  --*/
  88          0x00,0x00,0x00,0x00,0x00,0x00,0x00,0x00,0x00,0x18,0x18,0x00,0x00,0x00,0x00,0x00,
  89          
  90          /*--  ндвж:  /  --*/
  91          /*--  кнлЕ9;  ╢квжлЕоб╤тс╕╣д╣ЦуСн╙ё╨©Мx╦ъ=8x15   --*/
  92          /*--  ╦ъ╤х╡╩йг8╣д╠╤йЩё╛ож╣ВуШн╙ё╨©М╤хx╦ъ╤х=8x16  --*/
  93          0x00,0x00,0x00,0x01,0x06,0x38,0x40,0x00,0x00,0x0C,0x30,0xC0,0x00,0x00,0x00,0x00,
  94          
  95          /*--  ндвж:  0  --*/
  96          /*--  кнлЕ9;  ╢квжлЕоб╤тс╕╣д╣ЦуСн╙ё╨©Мx╦ъ=8x15   --*/
  97          /*--  ╦ъ╤х╡╩йг8╣д╠╤йЩё╛ож╣ВуШн╙ё╨©М╤хx╦ъ╤х=8x16  --*/
  98          0x00,0x07,0x08,0x10,0x10,0x08,0x07,0x00,0x00,0xE0,0x10,0x08,0x08,0x10,0xE0,0x00,
  99          
 100          /*--  ндвж:  1  --*/
 101          /*--  кнлЕ9;  ╢квжлЕоб╤тс╕╣д╣ЦуСн╙ё╨©Мx╦ъ=8x15   --*/
 102          /*--  ╦ъ╤х╡╩йг8╣д╠╤йЩё╛ож╣ВуШн╙ё╨©М╤хx╦ъ╤х=8x16  --*/
 103          0x00,0x08,0x08,0x1F,0x00,0x00,0x00,0x00,0x00,0x08,0x08,0xF8,0x08,0x08,0x00,0x00,
 104          
 105          /*--  ндвж:  2  --*/
 106          /*--  кнлЕ9;  ╢квжлЕоб╤тс╕╣д╣ЦуСн╙ё╨©Мx╦ъ=8x15   --*/
 107          /*--  ╦ъ╤х╡╩йг8╣д╠╤йЩё╛ож╣ВуШн╙ё╨©М╤хx╦ъ╤х=8x16  --*/
 108          0x00,0x0C,0x10,0x10,0x10,0x11,0x0E,0x00,0x00,0x18,0x28,0x48,0x88,0x08,0x18,0x00,
 109          
 110          /*--  ндвж:  3  --*/
 111          /*--  кнлЕ9;  ╢квжлЕоб╤тс╕╣д╣ЦуСн╙ё╨©Мx╦ъ=8x15   --*/
 112          /*--  ╦ъ╤х╡╩йг8╣д╠╤йЩё╛ож╣ВуШн╙ё╨©М╤хx╦ъ╤х=8x16  --*/
 113          0x00,0x0C,0x10,0x11,0x11,0x12,0x0C,0x00,0x00,0x30,0x08,0x08,0x08,0x88,0x70,0x00,
 114          
 115          /*--  ндвж:  4  --*/
 116          /*--  кнлЕ9;  ╢квжлЕоб╤тс╕╣д╣ЦуСн╙ё╨©Мx╦ъ=8x15   --*/
 117          /*--  ╦ъ╤х╡╩йг8╣д╠╤йЩё╛ож╣ВуШн╙ё╨©М╤хx╦ъ╤х=8x16  --*/
C51 COMPILER V9.00   LCD                                                                   03/07/2019 20:18:40 PAGE 3   

 118          0x00,0x01,0x02,0x04,0x1F,0x00,0x00,0x00,0x00,0xC0,0x40,0x48,0xF8,0x48,0x48,0x00,
 119          
 120          /*--  ндвж:  5  --*/
 121          /*--  кнлЕ9;  ╢квжлЕоб╤тс╕╣д╣ЦуСн╙ё╨©Мx╦ъ=8x15   --*/
 122          /*--  ╦ъ╤х╡╩йг8╣д╠╤йЩё╛ож╣ВуШн╙ё╨©М╤хx╦ъ╤х=8x16  --*/
 123          0x00,0x1F,0x11,0x12,0x12,0x12,0x11,0x00,0x00,0x30,0x08,0x08,0x08,0x08,0xF0,0x00,
 124          
 125          /*--  ндвж:  6  --*/
 126          /*--  кнлЕ9;  ╢квжлЕоб╤тс╕╣д╣ЦуСн╙ё╨©Мx╦ъ=8x15   --*/
 127          /*--  ╦ъ╤х╡╩йг8╣д╠╤йЩё╛ож╣ВуШн╙ё╨©М╤хx╦ъ╤х=8x16  --*/
 128          0x00,0x07,0x08,0x11,0x11,0x19,0x00,0x00,0x00,0xF0,0x88,0x08,0x08,0x08,0xF0,0x00,
 129          
 130          /*--  ндвж:  7  --*/
 131          /*--  кнлЕ9;  ╢квжлЕоб╤тс╕╣д╣ЦуСн╙ё╨©Мx╦ъ=8x15   --*/
 132          /*--  ╦ъ╤х╡╩йг8╣д╠╤йЩё╛ож╣ВуШн╙ё╨©М╤хx╦ъ╤х=8x16  --*/
 133          0x00,0x1C,0x10,0x10,0x13,0x1C,0x10,0x00,0x00,0x00,0x00,0xF8,0x00,0x00,0x00,0x00,
 134          
 135          /*--  ндвж:  8  --*/
 136          /*--  кнлЕ9;  ╢квжлЕоб╤тс╕╣д╣ЦуСн╙ё╨©Мx╦ъ=8x15   --*/
 137          /*--  ╦ъ╤х╡╩йг8╣д╠╤йЩё╛ож╣ВуШн╙ё╨©М╤хx╦ъ╤х=8x16  --*/
 138          0x00,0x0E,0x11,0x11,0x11,0x11,0x0E,0x00,0x00,0x70,0x88,0x08,0x08,0x88,0x70,0x00,
 139          
 140          /*--  ндвж:  9  --*/
 141          /*--  кнлЕ9;  ╢квжлЕоб╤тс╕╣д╣ЦуСн╙ё╨©Мx╦ъ=8x15   --*/
 142          /*--  ╦ъ╤х╡╩йг8╣д╠╤йЩё╛ож╣ВуШн╙ё╨©М╤хx╦ъ╤х=8x16  --*/
 143          0x00,0x0F,0x10,0x10,0x10,0x09,0x07,0x00,0x00,0x00,0x98,0x88,0x88,0x10,0xE0,0x00,
 144          
 145          /*--  ндвж:  :  --*/
 146          /*--  кнлЕ9;  ╢квжлЕоб╤тс╕╣д╣ЦуСн╙ё╨©Мx╦ъ=8x15   --*/
 147          /*--  ╦ъ╤х╡╩йг8╣д╠╤йЩё╛ож╣ВуШн╙ё╨©М╤хx╦ъ╤х=8x16  --*/
 148          0x00,0x00,0x00,0x03,0x03,0x00,0x00,0x00,0x00,0x00,0x00,0x18,0x18,0x00,0x00,0x00,
 149          
 150          /*--  ндвж:  ;  --*/
 151          /*--  кнлЕ9;  ╢квжлЕоб╤тс╕╣д╣ЦуСн╙ё╨©Мx╦ъ=8x15   --*/
 152          /*--  ╦ъ╤х╡╩йг8╣д╠╤йЩё╛ож╣ВуШн╙ё╨©М╤хx╦ъ╤х=8x16  --*/
 153          0x00,0x00,0x00,0x02,0x00,0x00,0x00,0x00,0x00,0x00,0x02,0x0C,0x00,0x00,0x00,0x00,
 154          
 155          /*--  ндвж:  <  --*/
 156          /*--  кнлЕ9;  ╢квжлЕоб╤тс╕╣д╣ЦуСн╙ё╨©Мx╦ъ=8x15   --*/
 157          /*--  ╦ъ╤х╡╩йг8╣д╠╤йЩё╛ож╣ВуШн╙ё╨©М╤хx╦ъ╤х=8x16  --*/
 158          0x00,0x01,0x02,0x04,0x08,0x10,0x20,0x00,0x00,0x00,0x80,0x40,0x20,0x10,0x08,0x00,
 159          
 160          /*--  ндвж:  =  --*/
 161          /*--  кнлЕ9;  ╢квжлЕоб╤тс╕╣д╣ЦуСн╙ё╨©Мx╦ъ=8x15   --*/
 162          /*--  ╦ъ╤х╡╩йг8╣д╠╤йЩё╛ож╣ВуШн╙ё╨©М╤хx╦ъ╤х=8x16  --*/
 163          0x02,0x02,0x02,0x02,0x02,0x02,0x02,0x00,0x40,0x40,0x40,0x40,0x40,0x40,0x40,0x00,
 164          
 165          /*--  ндвж:  >  --*/
 166          /*--  кнлЕ9;  ╢квжлЕоб╤тс╕╣д╣ЦуСн╙ё╨©Мx╦ъ=8x15   --*/
 167          /*--  ╦ъ╤х╡╩йг8╣д╠╤йЩё╛ож╣ВуШн╙ё╨©М╤хx╦ъ╤х=8x16  --*/
 168          0x00,0x20,0x10,0x08,0x04,0x02,0x01,0x00,0x00,0x08,0x10,0x20,0x40,0x80,0x00,0x00,
 169          
 170          /*--  ндвж:  ?  --*/
 171          /*--  кнлЕ9;  ╢квжлЕоб╤тс╕╣д╣ЦуСн╙ё╨©Мx╦ъ=8x15   --*/
 172          /*--  ╦ъ╤х╡╩йг8╣д╠╤йЩё╛ож╣ВуШн╙ё╨©М╤хx╦ъ╤х=8x16  --*/
 173          0x00,0x1C,0x20,0x20,0x20,0x21,0x1E,0x00,0x00,0x00,0x00,0x18,0xD8,0x00,0x00,0x00,
 174          
 175          /*--  ндвж:  @  --*/
 176          /*--  кнлЕ9;  ╢квжлЕоб╤тс╕╣д╣ЦуСн╙ё╨©Мx╦ъ=8x15   --*/
 177          /*--  ╦ъ╤х╡╩йг8╣д╠╤йЩё╛ож╣ВуШн╙ё╨©М╤хx╦ъ╤х=8x16  --*/
 178          0x07,0x08,0x13,0x14,0x17,0x08,0x07,0x00,0xE0,0x10,0xE8,0x28,0xC8,0x28,0xD0,0x00,
 179          
C51 COMPILER V9.00   LCD                                                                   03/07/2019 20:18:40 PAGE 4   

 180          /*--  ндвж:  A  --*/
 181          /*--  кнлЕ9;  ╢квжлЕоб╤тс╕╣д╣ЦуСн╙ё╨©Мx╦ъ=8x15   --*/
 182          /*--  ╦ъ╤х╡╩йг8╣д╠╤йЩё╛ож╣ВуШн╙ё╨©М╤хx╦ъ╤х=8x16  --*/
 183          0x00,0x00,0x07,0x18,0x07,0x00,0x00,0x00,0x08,0x78,0xC8,0x40,0xC8,0x78,0x08,0x00,
 184          
 185          /*--  ндвж:  B  --*/
 186          /*--  кнлЕ9;  ╢квжлЕоб╤тс╕╣д╣ЦуСн╙ё╨©Мx╦ъ=8x15   --*/
 187          /*--  ╦ъ╤х╡╩йг8╣д╠╤йЩё╛ож╣ВуШн╙ё╨©М╤хx╦ъ╤х=8x16  --*/
 188          0x10,0x1F,0x11,0x11,0x11,0x12,0x0C,0x00,0x08,0xF8,0x08,0x08,0x08,0x88,0x70,0x00,
 189          
 190          /*--  ндвж:  C  --*/
 191          /*--  кнлЕ9;  ╢квжлЕоб╤тс╕╣д╣ЦуСн╙ё╨©Мx╦ъ=8x15   --*/
 192          /*--  ╦ъ╤х╡╩йг8╣д╠╤йЩё╛ож╣ВуШн╙ё╨©М╤хx╦ъ╤х=8x16  --*/
 193          0x07,0x08,0x10,0x10,0x10,0x10,0x1C,0x00,0xE0,0x10,0x08,0x08,0x08,0x10,0x20,0x00,
 194          
 195          /*--  ндвж:  D  --*/
 196          /*--  кнлЕ9;  ╢квжлЕоб╤тс╕╣д╣ЦуСн╙ё╨©Мx╦ъ=8x15   --*/
 197          /*--  ╦ъ╤х╡╩йг8╣д╠╤йЩё╛ож╣ВуШн╙ё╨©М╤хx╦ъ╤х=8x16  --*/
 198          0x10,0x1F,0x10,0x10,0x10,0x08,0x07,0x00,0x08,0xF8,0x08,0x08,0x08,0x10,0xE0,0x00,
 199          
 200          /*--  ндвж:  E  --*/
 201          /*--  кнлЕ9;  ╢квжлЕоб╤тс╕╣д╣ЦуСн╙ё╨©Мx╦ъ=8x15   --*/
 202          /*--  ╦ъ╤х╡╩йг8╣д╠╤йЩё╛ож╣ВуШн╙ё╨©М╤хx╦ъ╤х=8x16  --*/
 203          0x10,0x1F,0x11,0x11,0x17,0x10,0x08,0x00,0x08,0xF8,0x08,0x08,0xC8,0x08,0x10,0x00,
 204          
 205          /*--  ндвж:  F  --*/
 206          /*--  кнлЕ9;  ╢квжлЕоб╤тс╕╣д╣ЦуСн╙ё╨©Мx╦ъ=8x15   --*/
 207          /*--  ╦ъ╤х╡╩йг8╣д╠╤йЩё╛ож╣ВуШн╙ё╨©М╤хx╦ъ╤х=8x16  --*/
 208          0x10,0x1F,0x11,0x11,0x17,0x10,0x08,0x00,0x08,0xF8,0x08,0x00,0xC0,0x00,0x00,0x00,
 209          
 210          /*--  ндвж:  G  --*/
 211          /*--  кнлЕ9;  ╢квжлЕоб╤тс╕╣д╣ЦуСн╙ё╨©Мx╦ъ=8x15   --*/
 212          /*--  ╦ъ╤х╡╩йг8╣д╠╤йЩё╛ож╣ВуШн╙ё╨©М╤хx╦ъ╤х=8x16  --*/
 213          0x07,0x08,0x10,0x10,0x10,0x1C,0x00,0x00,0xE0,0x10,0x08,0x08,0x48,0x70,0x40,0x00,
 214          
 215          /*--  ндвж:  H  --*/
 216          /*--  кнлЕ9;  ╢квжлЕоб╤тс╕╣д╣ЦуСн╙ё╨©Мx╦ъ=8x15   --*/
 217          /*--  ╦ъ╤х╡╩йг8╣д╠╤йЩё╛ож╣ВуШн╙ё╨©М╤хx╦ъ╤х=8x16  --*/
 218          0x10,0x1F,0x11,0x01,0x11,0x1F,0x10,0x00,0x08,0xF8,0x08,0x00,0x08,0xF8,0x08,0x00,
 219          
 220          /*--  ндвж:  I  --*/
 221          /*--  кнлЕ9;  ╢квжлЕоб╤тс╕╣д╣ЦуСн╙ё╨©Мx╦ъ=8x15   --*/
 222          /*--  ╦ъ╤х╡╩йг8╣д╠╤йЩё╛ож╣ВуШн╙ё╨©М╤хx╦ъ╤х=8x16  --*/
 223          0x00,0x10,0x10,0x1F,0x10,0x10,0x00,0x00,0x00,0x08,0x08,0xF8,0x08,0x08,0x00,0x00,
 224          
 225          /*--  ндвж:  J  --*/
 226          /*--  кнлЕ9;  ╢квжлЕоб╤тс╕╣д╣ЦуСн╙ё╨©Мx╦ъ=8x15   --*/
 227          /*--  ╦ъ╤х╡╩йг8╣д╠╤йЩё╛ож╣ВуШн╙ё╨©М╤хx╦ъ╤х=8x16  --*/
 228          0x00,0x00,0x10,0x10,0x1F,0x10,0x10,0x00,0x06,0x02,0x02,0x02,0xFC,0x00,0x00,0x00,
 229          
 230          /*--  ндвж:  K  --*/
 231          /*--  кнлЕ9;  ╢квжлЕоб╤тс╕╣д╣ЦуСн╙ё╨©Мx╦ъ=8x15   --*/
 232          /*--  ╦ъ╤х╡╩йг8╣д╠╤йЩё╛ож╣ВуШн╙ё╨©М╤хx╦ъ╤х=8x16  --*/
 233          0x10,0x1F,0x11,0x03,0x14,0x18,0x10,0x00,0x08,0xF8,0x08,0x80,0x68,0x18,0x08,0x00,
 234          
 235          /*--  ндвж:  L  --*/
 236          /*--  кнлЕ9;  ╢квжлЕоб╤тс╕╣д╣ЦуСн╙ё╨©Мx╦ъ=8x15   --*/
 237          /*--  ╦ъ╤х╡╩йг8╣д╠╤йЩё╛ож╣ВуШн╙ё╨©М╤хx╦ъ╤х=8x16  --*/
 238          0x10,0x1F,0x10,0x00,0x00,0x00,0x00,0x00,0x08,0xF8,0x08,0x08,0x08,0x08,0x18,0x00,
 239          
 240          /*--  ндвж:  M  --*/
 241          /*--  кнлЕ9;  ╢квжлЕоб╤тс╕╣д╣ЦуСн╙ё╨©Мx╦ъ=8x15   --*/
C51 COMPILER V9.00   LCD                                                                   03/07/2019 20:18:40 PAGE 5   

 242          /*--  ╦ъ╤х╡╩йг8╣д╠╤йЩё╛ож╣ВуШн╙ё╨©М╤хx╦ъ╤х=8x16  --*/
 243          0x10,0x1F,0x1E,0x01,0x1E,0x1F,0x10,0x00,0x08,0xF8,0x00,0xF8,0x00,0xF8,0x08,0x00,
 244          
 245          /*--  ндвж:  N  --*/
 246          /*--  кнлЕ9;  ╢квжлЕоб╤тс╕╣д╣ЦуСн╙ё╨©Мx╦ъ=8x15   --*/
 247          /*--  ╦ъ╤х╡╩йг8╣д╠╤йЩё╛ож╣ВуШн╙ё╨©М╤хx╦ъ╤х=8x16  --*/
 248          0x10,0x1F,0x1C,0x03,0x10,0x1F,0x10,0x00,0x08,0xF8,0x08,0x80,0x70,0xF8,0x00,0x00,
 249          
 250          /*--  ндвж:  O  --*/
 251          /*--  кнлЕ9;  ╢квжлЕоб╤тс╕╣д╣ЦуСн╙ё╨©Мx╦ъ=8x15   --*/
 252          /*--  ╦ъ╤х╡╩йг8╣д╠╤йЩё╛ож╣ВуШн╙ё╨©М╤хx╦ъ╤х=8x16  --*/
 253          0x07,0x08,0x10,0x10,0x10,0x08,0x07,0x00,0xE0,0x10,0x08,0x08,0x08,0x10,0xE0,0x00,
 254          
 255          /*--  ндвж:  P  --*/
 256          /*--  кнлЕ9;  ╢квжлЕоб╤тс╕╣д╣ЦуСн╙ё╨©Мx╦ъ=8x15   --*/
 257          /*--  ╦ъ╤х╡╩йг8╣д╠╤йЩё╛ож╣ВуШн╙ё╨©М╤хx╦ъ╤х=8x16  --*/
 258          0x10,0x1F,0x11,0x11,0x11,0x11,0x0E,0x00,0x08,0xF8,0x08,0x00,0x00,0x00,0x00,0x00,
 259          
 260          /*--  ндвж:  Q  --*/
 261          /*--  кнлЕ9;  ╢квжлЕоб╤тс╕╣д╣ЦуСн╙ё╨©Мx╦ъ=8x15   --*/
 262          /*--  ╦ъ╤х╡╩йг8╣д╠╤йЩё╛ож╣ВуШн╙ё╨©М╤хx╦ъ╤х=8x16  --*/
 263          0x07,0x08,0x10,0x10,0x10,0x08,0x07,0x00,0xE0,0x10,0x28,0x28,0x18,0x14,0xE4,0x00,
 264          
 265          /*--  ндвж:  R  --*/
 266          /*--  кнлЕ9;  ╢квжлЕоб╤тс╕╣д╣ЦуСн╙ё╨©Мx╦ъ=8x15   --*/
 267          /*--  ╦ъ╤х╡╩йг8╣д╠╤йЩё╛ож╣ВуШн╙ё╨©М╤хx╦ъ╤х=8x16  --*/
 268          0x10,0x1F,0x11,0x11,0x11,0x0E,0x00,0x00,0x08,0xF8,0x08,0x80,0x60,0x18,0x08,0x00,
 269          
 270          /*--  ндвж:  S  --*/
 271          /*--  кнлЕ9;  ╢квжлЕоб╤тс╕╣д╣ЦуСн╙ё╨©Мx╦ъ=8x15   --*/
 272          /*--  ╦ъ╤х╡╩йг8╣д╠╤йЩё╛ож╣ВуШн╙ё╨©М╤хx╦ъ╤х=8x16  --*/
 273          0x00,0x0E,0x11,0x11,0x10,0x10,0x1C,0x00,0x00,0x38,0x08,0x08,0x88,0x88,0x70,0x00,
 274          
 275          /*--  ндвж:  T  --*/
 276          /*--  кнлЕ9;  ╢квжлЕоб╤тс╕╣д╣ЦуСн╙ё╨©Мx╦ъ=8x15   --*/
 277          /*--  ╦ъ╤х╡╩йг8╣д╠╤йЩё╛ож╣ВуШн╙ё╨©М╤хx╦ъ╤х=8x16  --*/
 278          0x18,0x10,0x10,0x1F,0x10,0x10,0x18,0x00,0x00,0x00,0x08,0xF8,0x08,0x00,0x00,0x00,
 279          
 280          /*--  ндвж:  U  --*/
 281          /*--  кнлЕ9;  ╢квжлЕоб╤тс╕╣д╣ЦуСн╙ё╨©Мx╦ъ=8x15   --*/
 282          /*--  ╦ъ╤х╡╩йг8╣д╠╤йЩё╛ож╣ВуШн╙ё╨©М╤хx╦ъ╤х=8x16  --*/
 283          0x10,0x1F,0x10,0x00,0x10,0x1F,0x10,0x00,0x00,0xF0,0x08,0x08,0x08,0xF0,0x00,0x00,
 284          
 285          /*--  ндвж:  V  --*/
 286          /*--  кнлЕ9;  ╢квжлЕоб╤тс╕╣д╣ЦуСн╙ё╨©Мx╦ъ=8x15   --*/
 287          /*--  ╦ъ╤х╡╩йг8╣д╠╤йЩё╛ож╣ВуШн╙ё╨©М╤хx╦ъ╤х=8x16  --*/
 288          0x10,0x1E,0x11,0x00,0x11,0x1E,0x10,0x00,0x00,0x00,0xE0,0x18,0xE0,0x00,0x00,0x00,
 289          
 290          /*--  ндвж:  W  --*/
 291          /*--  кнлЕ9;  ╢квжлЕоб╤тс╕╣д╣ЦуСн╙ё╨©Мx╦ъ=8x15   --*/
 292          /*--  ╦ъ╤х╡╩йг8╣д╠╤йЩё╛ож╣ВуШн╙ё╨©М╤хx╦ъ╤х=8x16  --*/
 293          0x10,0x1F,0x00,0x1F,0x00,0x1F,0x10,0x00,0x00,0x80,0xF8,0x00,0xF8,0x80,0x00,0x00,
 294          
 295          /*--  ндвж:  X  --*/
 296          /*--  кнлЕ9;  ╢квжлЕоб╤тс╕╣д╣ЦуСн╙ё╨©Мx╦ъ=8x15   --*/
 297          /*--  ╦ъ╤х╡╩йг8╣д╠╤йЩё╛ож╣ВуШн╙ё╨©М╤хx╦ъ╤х=8x16  --*/
 298          0x10,0x18,0x16,0x01,0x16,0x18,0x10,0x00,0x08,0x18,0x68,0x80,0x68,0x18,0x08,0x00,
 299          
 300          /*--  ндвж:  Y  --*/
 301          /*--  кнлЕ9;  ╢квжлЕоб╤тс╕╣д╣ЦуСн╙ё╨©Мx╦ъ=8x15   --*/
 302          /*--  ╦ъ╤х╡╩йг8╣д╠╤йЩё╛ож╣ВуШн╙ё╨©М╤хx╦ъ╤х=8x16  --*/
 303          0x10,0x1C,0x13,0x00,0x13,0x1C,0x10,0x00,0x00,0x00,0x08,0xF8,0x08,0x00,0x00,0x00,
C51 COMPILER V9.00   LCD                                                                   03/07/2019 20:18:40 PAGE 6   

 304          
 305          /*--  ндвж:  Z  --*/
 306          /*--  кнлЕ9;  ╢квжлЕоб╤тс╕╣д╣ЦуСн╙ё╨©Мx╦ъ=8x15   --*/
 307          /*--  ╦ъ╤х╡╩йг8╣д╠╤йЩё╛ож╣ВуШн╙ё╨©М╤хx╦ъ╤х=8x16  --*/
 308          0x00,0x08,0x10,0x10,0x13,0x1C,0x10,0x00,0x00,0x08,0x38,0xC8,0x08,0x08,0x18,0x00,
 309          
 310          /*--  ндвж:  [  --*/
 311          /*--  кнлЕ9;  ╢квжлЕоб╤тс╕╣д╣ЦуСн╙ё╨©Мx╦ъ=8x15   --*/
 312          /*--  ╦ъ╤х╡╩йг8╣д╠╤йЩё╛ож╣ВуШн╙ё╨©М╤хx╦ъ╤х=8x16  --*/
 313          0x00,0x00,0x00,0x7F,0x40,0x40,0x40,0x00,0x00,0x00,0x00,0xFC,0x04,0x04,0x04,0x00,
 314          
 315          /*--  ндвж:  \  --*/
 316          /*--  кнлЕ9;  ╢квжлЕоб╤тс╕╣д╣ЦуСн╙ё╨©Мx╦ъ=8x15   --*/
 317          /*--  ╦ъ╤х╡╩йг8╣д╠╤йЩё╛ож╣ВуШн╙ё╨©М╤хx╦ъ╤х=8x16  --*/
 318          0x00,0x30,0x0C,0x03,0x00,0x00,0x00,0x00,0x00,0x00,0x00,0x80,0x60,0x1C,0x02,0x00,
 319          
 320          /*--  ндвж:  ]  --*/
 321          /*--  кнлЕ9;  ╢квжлЕоб╤тс╕╣д╣ЦуСн╙ё╨©Мx╦ъ=8x15   --*/
 322          /*--  ╦ъ╤х╡╩йг8╣д╠╤йЩё╛ож╣ВуШн╙ё╨©М╤хx╦ъ╤х=8x16  --*/
 323          0x00,0x40,0x40,0x40,0x7F,0x00,0x00,0x00,0x00,0x04,0x04,0x04,0xFC,0x00,0x00,0x00,
 324          
 325          /*--  ндвж:  ^  --*/
 326          /*--  кнлЕ9;  ╢квжлЕоб╤тс╕╣д╣ЦуСн╙ё╨©Мx╦ъ=8x15   --*/
 327          /*--  ╦ъ╤х╡╩йг8╣д╠╤йЩё╛ож╣ВуШн╙ё╨©М╤хx╦ъ╤х=8x16  --*/
 328          0x00,0x00,0x20,0x40,0x40,0x20,0x00,0x00,0x00,0x00,0x00,0x00,0x00,0x00,0x00,0x00,
 329          
 330          /*--  ндвж:  _  --*/
 331          /*--  кнлЕ9;  ╢квжлЕоб╤тс╕╣д╣ЦуСн╙ё╨©Мx╦ъ=8x15   --*/
 332          /*--  ╦ъ╤х╡╩йг8╣д╠╤йЩё╛ож╣ВуШн╙ё╨©М╤хx╦ъ╤х=8x16  --*/
 333          0x00,0x00,0x00,0x00,0x00,0x00,0x00,0x00,0x02,0x02,0x02,0x02,0x02,0x02,0x02,0x00,
 334          
 335          /*--  ндвж:  `  --*/
 336          /*--  кнлЕ9;  ╢квжлЕоб╤тс╕╣д╣ЦуСн╙ё╨©Мx╦ъ=8x15   --*/
 337          /*--  ╦ъ╤х╡╩йг8╣д╠╤йЩё╛ож╣ВуШн╙ё╨©М╤хx╦ъ╤х=8x16  --*/
 338          0x00,0x40,0x40,0x20,0x00,0x00,0x00,0x00,0x00,0x00,0x00,0x00,0x00,0x00,0x00,0x00,
 339          
 340          /*--  ндвж:  a  --*/
 341          /*--  кнлЕ9;  ╢квжлЕоб╤тс╕╣д╣ЦуСн╙ё╨©Мx╦ъ=8x15   --*/
 342          /*--  ╦ъ╤х╡╩йг8╣д╠╤йЩё╛ож╣ВуШн╙ё╨©М╤хx╦ъ╤х=8x16  --*/
 343          0x00,0x01,0x02,0x02,0x02,0x01,0x00,0x00,0x00,0x30,0x48,0x88,0x88,0xF8,0x08,0x00,
 344          
 345          /*--  ндвж:  b  --*/
 346          /*--  кнлЕ9;  ╢квжлЕоб╤тс╕╣д╣ЦуСн╙ё╨©Мx╦ъ=8x15   --*/
 347          /*--  ╦ъ╤х╡╩йг8╣д╠╤йЩё╛ож╣ВуШн╙ё╨©М╤хx╦ъ╤х=8x16  --*/
 348          0x10,0x1F,0x01,0x02,0x02,0x02,0x01,0x00,0x00,0xF8,0x08,0x08,0x08,0x08,0xF0,0x00,
 349          
 350          /*--  ндвж:  c  --*/
 351          /*--  кнлЕ9;  ╢квжлЕоб╤тс╕╣д╣ЦуСн╙ё╨©Мx╦ъ=8x15   --*/
 352          /*--  ╦ъ╤х╡╩йг8╣д╠╤йЩё╛ож╣ВуШн╙ё╨©М╤хx╦ъ╤х=8x16  --*/
 353          0x00,0x00,0x01,0x02,0x02,0x02,0x01,0x00,0x00,0xE0,0x10,0x08,0x08,0x08,0x10,0x00,
 354          
 355          /*--  ндвж:  d  --*/
 356          /*--  кнлЕ9;  ╢квжлЕоб╤тс╕╣д╣ЦуСн╙ё╨©Мx╦ъ=8x15   --*/
 357          /*--  ╦ъ╤х╡╩йг8╣д╠╤йЩё╛ож╣ВуШн╙ё╨©М╤хx╦ъ╤х=8x16  --*/
 358          0x00,0x01,0x02,0x02,0x02,0x12,0x1F,0x00,0x00,0xF0,0x08,0x08,0x08,0x10,0xF8,0x08,
 359          
 360          /*--  ндвж:  e  --*/
 361          /*--  кнлЕ9;  ╢квжлЕоб╤тс╕╣д╣ЦуСн╙ё╨©Мx╦ъ=8x15   --*/
 362          /*--  ╦ъ╤х╡╩йг8╣д╠╤йЩё╛ож╣ВуШн╙ё╨©М╤хx╦ъ╤х=8x16  --*/
 363          0x00,0x01,0x02,0x02,0x02,0x02,0x01,0x00,0x00,0xF0,0x88,0x88,0x88,0x88,0x90,0x00,
 364          
 365          /*--  ндвж:  f  --*/
C51 COMPILER V9.00   LCD                                                                   03/07/2019 20:18:40 PAGE 7   

 366          /*--  кнлЕ9;  ╢квжлЕоб╤тс╕╣д╣ЦуСн╙ё╨©Мx╦ъ=8x15   --*/
 367          /*--  ╦ъ╤х╡╩йг8╣д╠╤йЩё╛ож╣ВуШн╙ё╨©М╤хx╦ъ╤х=8x16  --*/
 368          0x00,0x02,0x02,0x0F,0x12,0x12,0x18,0x00,0x00,0x08,0x08,0xF8,0x08,0x08,0x00,0x00,
 369          
 370          /*--  ндвж:  g  --*/
 371          /*--  кнлЕ9;  ╢квжлЕоб╤тс╕╣д╣ЦуСн╙ё╨©Мx╦ъ=8x15   --*/
 372          /*--  ╦ъ╤х╡╩йг8╣д╠╤йЩё╛ож╣ВуШн╙ё╨©М╤хx╦ъ╤х=8x16  --*/
 373          0x00,0x01,0x02,0x02,0x02,0x03,0x02,0x00,0x00,0xAC,0x52,0x52,0x52,0x92,0x0C,0x00,
 374          
 375          /*--  ндвж:  h  --*/
 376          /*--  кнлЕ9;  ╢квжлЕоб╤тс╕╣д╣ЦуСн╙ё╨©Мx╦ъ=8x15   --*/
 377          /*--  ╦ъ╤х╡╩йг8╣д╠╤йЩё╛ож╣ВуШн╙ё╨©М╤хx╦ъ╤х=8x16  --*/
 378          0x10,0x1F,0x01,0x02,0x02,0x02,0x01,0x00,0x08,0xF8,0x08,0x00,0x00,0x08,0xF8,0x08,
 379          
 380          /*--  ндвж:  i  --*/
 381          /*--  кнлЕ9;  ╢квжлЕоб╤тс╕╣д╣ЦуСн╙ё╨©Мx╦ъ=8x15   --*/
 382          /*--  ╦ъ╤х╡╩йг8╣д╠╤йЩё╛ож╣ВуШн╙ё╨©М╤хx╦ъ╤х=8x16  --*/
 383          0x00,0x02,0x1A,0x1B,0x00,0x00,0x00,0x00,0x00,0x08,0x08,0xF8,0x08,0x08,0x00,0x00,
 384          
 385          /*--  ндвж:  j  --*/
 386          /*--  кнлЕ9;  ╢квжлЕоб╤тс╕╣д╣ЦуСн╙ё╨©Мx╦ъ=8x15   --*/
 387          /*--  ╦ъ╤х╡╩йг8╣д╠╤йЩё╛ож╣ВуШн╙ё╨©М╤хx╦ъ╤х=8x16  --*/
 388          0x00,0x00,0x00,0x02,0x1A,0x1B,0x00,0x00,0x00,0x06,0x02,0x02,0x02,0xFC,0x00,0x00,
 389          
 390          /*--  ндвж:  k  --*/
 391          /*--  кнлЕ9;  ╢квжлЕоб╤тс╕╣д╣ЦуСн╙ё╨©Мx╦ъ=8x15   --*/
 392          /*--  ╦ъ╤х╡╩йг8╣д╠╤йЩё╛ож╣ВуШн╙ё╨©М╤хx╦ъ╤х=8x16  --*/
 393          0x10,0x1F,0x00,0x00,0x03,0x02,0x02,0x00,0x08,0xF8,0x48,0x80,0x68,0x18,0x08,0x00,
 394          
 395          /*--  ндвж:  l  --*/
 396          /*--  кнлЕ9;  ╢квжлЕоб╤тс╕╣д╣ЦуСн╙ё╨©Мx╦ъ=8x15   --*/
 397          /*--  ╦ъ╤х╡╩йг8╣д╠╤йЩё╛ож╣ВуШн╙ё╨©М╤хx╦ъ╤х=8x16  --*/
 398          0x00,0x10,0x10,0x1F,0x00,0x00,0x00,0x00,0x00,0x08,0x08,0xF8,0x08,0x08,0x00,0x00,
 399          
 400          /*--  ндвж:  m  --*/
 401          /*--  кнлЕ9;  ╢квжлЕоб╤тс╕╣д╣ЦуСн╙ё╨©Мx╦ъ=8x15   --*/
 402          /*--  ╦ъ╤х╡╩йг8╣д╠╤йЩё╛ож╣ВуШн╙ё╨©М╤хx╦ъ╤х=8x16  --*/
 403          0x02,0x03,0x02,0x03,0x02,0x01,0x00,0x00,0x08,0xF8,0x00,0xF8,0x00,0xF8,0x08,0x00,
 404          
 405          /*--  ндвж:  n  --*/
 406          /*--  кнлЕ9;  ╢квжлЕоб╤тс╕╣д╣ЦуСн╙ё╨©Мx╦ъ=8x15   --*/
 407          /*--  ╦ъ╤х╡╩йг8╣д╠╤йЩё╛ож╣ВуШн╙ё╨©М╤хx╦ъ╤х=8x16  --*/
 408          0x02,0x03,0x01,0x02,0x02,0x02,0x01,0x00,0x08,0xF8,0x08,0x00,0x00,0x08,0xF8,0x08,
 409          
 410          /*--  ндвж:  o  --*/
 411          /*--  кнлЕ9;  ╢квжлЕоб╤тс╕╣д╣ЦуСн╙ё╨©Мx╦ъ=8x15   --*/
 412          /*--  ╦ъ╤х╡╩йг8╣д╠╤йЩё╛ож╣ВуШн╙ё╨©М╤хx╦ъ╤х=8x16  --*/
 413          0x00,0x00,0x01,0x02,0x02,0x01,0x00,0x00,0x00,0xE0,0x10,0x08,0x08,0x10,0xE0,0x00,
 414          
 415          /*--  ндвж:  p  --*/
 416          /*--  кнлЕ9;  ╢квжлЕоб╤тс╕╣д╣ЦуСн╙ё╨©Мx╦ъ=8x15   --*/
 417          /*--  ╦ъ╤х╡╩йг8╣д╠╤йЩё╛ож╣ВуШн╙ё╨©М╤хx╦ъ╤х=8x16  --*/
 418          0x02,0x03,0x01,0x02,0x02,0x02,0x01,0x00,0x02,0xFE,0x0A,0x08,0x08,0x08,0xF0,0x00,
 419          
 420          /*--  ндвж:  q  --*/
 421          /*--  кнлЕ9;  ╢квжлЕоб╤тс╕╣д╣ЦуСн╙ё╨©Мx╦ъ=8x15   --*/
 422          /*--  ╦ъ╤х╡╩йг8╣д╠╤йЩё╛ож╣ВуШн╙ё╨©М╤хx╦ъ╤х=8x16  --*/
 423          0x00,0x01,0x02,0x02,0x02,0x02,0x03,0x00,0x00,0xF0,0x08,0x08,0x08,0x12,0xFE,0x02,
 424          
 425          /*--  ндвж:  r  --*/
 426          /*--  кнлЕ9;  ╢квжлЕоб╤тс╕╣д╣ЦуСн╙ё╨©Мx╦ъ=8x15   --*/
 427          /*--  ╦ъ╤х╡╩йг8╣д╠╤йЩё╛ож╣ВуШн╙ё╨©М╤хx╦ъ╤х=8x16  --*/
C51 COMPILER V9.00   LCD                                                                   03/07/2019 20:18:40 PAGE 8   

 428          0x02,0x02,0x03,0x01,0x02,0x02,0x03,0x00,0x08,0x08,0xF8,0x08,0x08,0x00,0x00,0x00,
 429          
 430          /*--  ндвж:  s  --*/
 431          /*--  кнлЕ9;  ╢квжлЕоб╤тс╕╣д╣ЦуСн╙ё╨©Мx╦ъ=8x15   --*/
 432          /*--  ╦ъ╤х╡╩йг8╣д╠╤йЩё╛ож╣ВуШн╙ё╨©М╤хx╦ъ╤х=8x16  --*/
 433          0x00,0x01,0x02,0x02,0x02,0x03,0x00,0x00,0x00,0x98,0x48,0x48,0x48,0x30,0x00,0x00,
 434          
 435          /*--  ндвж:  t  --*/
 436          /*--  кнлЕ9;  ╢квжлЕоб╤тс╕╣д╣ЦуСн╙ё╨©Мx╦ъ=8x15   --*/
 437          /*--  ╦ъ╤х╡╩йг8╣д╠╤йЩё╛ож╣ВуШн╙ё╨©М╤хx╦ъ╤х=8x16  --*/
 438          0x00,0x02,0x02,0x0F,0x02,0x02,0x00,0x00,0x00,0x00,0x00,0xF0,0x08,0x08,0x00,0x00,
 439          
 440          /*--  ндвж:  u  --*/
 441          /*--  кнлЕ9;  ╢квжлЕоб╤тс╕╣д╣ЦуСн╙ё╨©Мx╦ъ=8x15   --*/
 442          /*--  ╦ъ╤х╡╩йг8╣д╠╤йЩё╛ож╣ВуШн╙ё╨©М╤хx╦ъ╤х=8x16  --*/
 443          0x02,0x03,0x00,0x00,0x00,0x02,0x03,0x00,0x00,0xF0,0x08,0x08,0x08,0x10,0xF8,0x08,
 444          
 445          /*--  ндвж:  v  --*/
 446          /*--  кнлЕ9;  ╢квжлЕоб╤тс╕╣д╣ЦуСн╙ё╨©Мx╦ъ=8x15   --*/
 447          /*--  ╦ъ╤х╡╩йг8╣д╠╤йЩё╛ож╣ВуШн╙ё╨©М╤хx╦ъ╤х=8x16  --*/
 448          0x02,0x03,0x02,0x00,0x00,0x02,0x03,0x02,0x00,0x00,0xE0,0x18,0x20,0xC0,0x00,0x00,
 449          
 450          /*--  ндвж:  w  --*/
 451          /*--  кнлЕ9;  ╢квжлЕоб╤тс╕╣д╣ЦуСн╙ё╨©Мx╦ъ=8x15   --*/
 452          /*--  ╦ъ╤х╡╩йг8╣д╠╤йЩё╛ож╣ВуШн╙ё╨©М╤хx╦ъ╤х=8x16  --*/
 453          0x02,0x03,0x00,0x03,0x00,0x03,0x02,0x00,0x00,0xC0,0x38,0xC0,0x38,0xC0,0x00,0x00,
 454          
 455          /*--  ндвж:  x  --*/
 456          /*--  кнлЕ9;  ╢квжлЕоб╤тс╕╣д╣ЦуСн╙ё╨©Мx╦ъ=8x15   --*/
 457          /*--  ╦ъ╤х╡╩йг8╣д╠╤йЩё╛ож╣ВуШн╙ё╨©М╤хx╦ъ╤х=8x16  --*/
 458          0x00,0x02,0x03,0x00,0x02,0x03,0x02,0x00,0x00,0x08,0x18,0xE8,0xE0,0x18,0x08,0x00,
 459          
 460          /*--  ндвж:  y  --*/
 461          /*--  кнлЕ9;  ╢квжлЕоб╤тс╕╣д╣ЦуСн╙ё╨©Мx╦ъ=8x15   --*/
 462          /*--  ╦ъ╤х╡╩йг8╣д╠╤йЩё╛ож╣ВуШн╙ё╨©М╤хx╦ъ╤х=8x16  --*/
 463          0x02,0x03,0x02,0x00,0x00,0x02,0x03,0x02,0x02,0x02,0xE2,0x1C,0x30,0xC0,0x00,0x00,
 464          
 465          /*--  ндвж:  z  --*/
 466          /*--  кнлЕ9;  ╢квжлЕоб╤тс╕╣д╣ЦуСн╙ё╨©Мx╦ъ=8x15   --*/
 467          /*--  ╦ъ╤х╡╩йг8╣д╠╤йЩё╛ож╣ВуШн╙ё╨©М╤хx╦ъ╤х=8x16  --*/
 468          0x00,0x03,0x02,0x02,0x02,0x03,0x02,0x00,0x00,0x08,0x18,0x68,0x88,0x08,0x18,0x00,
 469          
 470          /*--  ндвж:  {  --*/
 471          /*--  кнлЕ9;  ╢квжлЕоб╤тс╕╣д╣ЦуСн╙ё╨©Мx╦ъ=8x15   --*/
 472          /*--  ╦ъ╤х╡╩йг8╣д╠╤йЩё╛ож╣ВуШн╙ё╨©М╤хx╦ъ╤х=8x16  --*/
 473          0x00,0x00,0x00,0x01,0x7E,0x40,0x00,0x00,0x00,0x00,0x00,0x00,0xFC,0x04,0x00,0x00,
 474          
 475          /*--  ндвж:  |  --*/
 476          /*--  кнлЕ9;  ╢квжлЕоб╤тс╕╣д╣ЦуСн╙ё╨©Мx╦ъ=8x15   --*/
 477          /*--  ╦ъ╤х╡╩йг8╣д╠╤йЩё╛ож╣ВуШн╙ё╨©М╤хx╦ъ╤х=8x16  --*/
 478          0x00,0x00,0x00,0xFF,0x00,0x00,0x00,0x00,0x00,0x00,0x00,0xFE,0x00,0x00,0x00,0x00,
 479          
 480          /*--  ндвж:  }  --*/
 481          /*--  кнлЕ9;  ╢квжлЕоб╤тс╕╣д╣ЦуСн╙ё╨©Мx╦ъ=8x15   --*/
 482          /*--  ╦ъ╤х╡╩йг8╣д╠╤йЩё╛ож╣ВуШн╙ё╨©М╤хx╦ъ╤х=8x16  --*/
 483          0x00,0x00,0x40,0x7E,0x01,0x00,0x00,0x00,0x00,0x00,0x04,0xFC,0x00,0x00,0x00,0x00,
 484          
 485          /*--  ндвж:  ~  --*/
 486          /*--  кнлЕ9;  ╢квжлЕоб╤тс╕╣д╣ЦуСн╙ё╨©Мx╦ъ=8x15   --*/
 487          /*--  ╦ъ╤х╡╩йг8╣д╠╤йЩё╛ож╣ВуШн╙ё╨©М╤хx╦ъ╤х=8x16  --*/
 488          0x00,0x60,0x80,0x80,0x40,0x20,0x20,0xC0,0x00,0x00,0x00,0x00,0x00,0x00,0x00,0x00,
 489          
C51 COMPILER V9.00   LCD                                                                   03/07/2019 20:18:40 PAGE 9   

 490          };
 491          
 492          
 493          void Delayms(unsigned int time)
 494          {
 495   1              int i;
 496   1              while(time--)
 497   1              for(i=0;i<=20;i++);
 498   1      }
 499          
 500          void WrateC(unsigned char com)                          //╥╒кмцЭаН      сиLCDWrite╣х╨╞йЩ╣Всц
 501          
 502          {
 503   1          unsigned char data i,j,k;
 504   1                  ClrLCDRS;  
 505   1                      for(i=0;i<8;i++)
 506   1                  { 
 507   2                               j=com;                          
 508   2                               SDA=com&0x80; 
 509   2                               SCK=0;
 510   2                               for(k = 0;k < 3;k ++);//ясй╠
 511   2                       SCK=1; 
 512   2                               for(k = 0;k < 3;k ++);//ясй╠     
 513   2                               com=j<<1;
 514   2                      }
 515   1                      SetLCDRS;
 516   1      }
 517          
 518          void WrateD(unsigned char dat)                    //╥╒кмйЩ╬щ     сиLCDWrite╣х╨╞йЩ╣Всц
 519          
 520          {
 521   1          unsigned char data i,j,k;
 522   1                  SetLCDRS;  
 523   1                      for(i=0;i<8;i++)
 524   1                  { 
 525   2                               j=dat;
 526   2                               
 527   2                               SDA=dat&0x80;
 528   2                               SCK=0;
 529   2                               for(k = 0;k < 3;k ++);//ясй╠
 530   2                       SCK=1;   
 531   2                               for(k = 0;k < 3;k ++);//ясй╠   
 532   2                               dat=j<<1;
 533   2                      }
 534   1                      ClrLCDRS;
 535   1      }
 536          
 537          void LCDWrite(unsigned char type,unsigned char dat)             //      #define         W_CMD           1               #define         W_DAT           0               оРLCD╢╚кмпео
             -╒ цЭаН/йЩ╬щ        
 538          
 539          { 
 540   1      
 541   1              if(type)
 542   1              {
 543   2                      WrateC(dat);
 544   2              }
 545   1              else
 546   1              {
 547   2                      WrateD(dat);
 548   2              }
 549   1      }
 550          
C51 COMPILER V9.00   LCD                                                                   03/07/2019 20:18:40 PAGE 10  

 551          void newLCDInit()                                                 //LCDЁУй╪╩╞╨╞йЩ,рЩ╫е╡©╥щжцсзо╣мЁЁУй╪╩╞╡©╥щакё╛в╒рБ╢╝ппдёй╫обLCD╣дй╠жсйЩ╨мйЩ╬щоъ╤╪
             -р╙иХжцн╙Pдёй╫ё╗ё©ё╘
 552          {
 553   1      //      P3MDOUT |= BIT(4) + BIT(5); //P3.4 P3.5 LCD IO ©зиХжц
 554   1       //   P74OUT |= BIT0;             //P4.0-P4.4иХжцн╙мфмЛйДЁЖ
 555   1              SetLCDRST;
 556   1              Delayms(10);
 557   1              ClrLCDRST;
 558   1              Delayms(10);
 559   1              SetLCDRST;
 560   1              Delayms(10);
 561   1              LCDWrite(W_CMD,0xE2);   //хМ╪Ч╦╢н╩
 562   1              LCDWrite(W_CMD,0xA3);//Bais set         отй╬ф╚я╧
 563   1              LCDWrite(W_CMD,0xA0);//ADC seg╬╣оЯя║тЯ 0xa0уЩЁёё╛0xA1вСср╬╣оЯ
 564   1              LCDWrite(W_CMD,0xC0);//com output scan directionё╛com╬╣оЯя║тЯ 0xc0уЩЁёё╛0xC8иооб╬╣оЯ
 565   1              LCDWrite(W_CMD,0x26);
 566   1              Delayms(5);
 567   1      
 568   1              
 569   1      
 570   1              LCDWrite(W_CMD,0x2C);//дз╡©╣Гт╢╧эюМё╛
 571   1              Delayms(10);
 572   1              LCDWrite(W_CMD,0x2E);//хЩлУж╦аН╪Д╦Тй╠╪Д2ms
 573   1              Delayms(10);
 574   1              LCDWrite(W_CMD,0x2F);
 575   1              Delayms(10);
 576   1      
 577   1      //      LCDWrite(W_CMD,0x24);//╣Гя╧╣ВуШ╪д╢ФфВ╦ън╩ ╥╤н╖ё╨0x21-0x27 
 578   1              LCDWrite(W_CMD,0x81);//╣Гя╧дёй╫я║тЯ
 579   1              LCDWrite(W_CMD,0x20);//╣Гя╧╣ВуШ╪д╢ФфВ╣мн╩ ╥╤н╖ё╨0x00-0x3f
 580   1              Delayms(10);
 581   1              LCDWrite(W_CMD,0xF8);
 582   1              LCDWrite(W_CMD,0x01);
 583   1          Delayms(5);
 584   1              LCDWrite(W_CMD,0xAF);//отй╬©╙         
 585   1      //      LCDWrite(W_CMD,0x40);//╢сйвпп©╙й╪отй╬
 586   1      }
 587          //
 588          //---------------------------------------------
 589          //LCD_set_XY: иХжцLCDвЬ╠Й╨╞йЩ
 590          //йДхК╡нйЩё╨Xё╨0ё╜127  Yё╨0ё╜7
 591          //╠Юп╢хуфзё╨
 592          //---------------------------------------------
 593          void LCD_setXY(unsigned char X, unsigned char Y)           //иХжцLCDвЬ╠Й╨╞йЩXё╨0ё╜127  Yё╨0ё╜7 ,╣Всц╥╫й╫ё╨LCD_set
             -XY(0,0)   вСио╫гн╙т╜╣Цс╢ё║
 594          {
 595   1              unsigned char gao,di;
 596   1              WrateC(0xB0 | Y); //рЁ
 597   1              gao = X & 0xf0;
 598   1              gao = gao >> 4;
 599   1              di = X & 0x0f;
 600   1              WrateC(0x10 | gao);  //set Column address MSB
 601   1          WrateC(0x00 | di);  //set column address LSB
 602   1      
 603   1      }
 604          
 605          
 606          void LCD_draw_point(unsigned char x,unsigned char y)    // вСио╫гн╙т╜╣Цс╢ё║ Xё╨0ё╜127  Yё╨0ё╜7 н╩жц╩╜╣Ц  р
             -╩╢нр╩ап╟к╦Ж╣Цс╢ё║ 
 607          {
 608   1              LCD_setXY(x,y);
 609   1              LCDWrite(W_DAT,0xff) ;
C51 COMPILER V9.00   LCD                                                                   03/07/2019 20:18:40 PAGE 11  

 610   1      }
 611          
 612          void Clear()                                                              //гЕфа
 613          {
 614   1         unsigned char page,j;
 615   1               for(page=0xB7;page>=0xB0;page--)  
 616   1          {  
 617   2              LCDWrite(W_CMD,page);
 618   2              LCDWrite(W_CMD,0x10);
 619   2              LCDWrite(W_CMD,0x00);  
 620   2           for(j=0;j<128;j++)  
 621   2              {  
 622   3               WrateD(0x00);  
 623   3              }  
 624   2          } 
 625   1      }
 626          
 627          /*
 628          void set_page_add(unsigned char page)             //╩╩рЁ
 629          {  
 630                  LCDWrite(W_CMD,0xB7-page);
 631          }
 632          
 633          void set_column_add(unsigned char column)
 634          {
 635                  unsigned char column_H,column_L;
 636                    column_H=(column>>4)|0x10;      //╣ВуШйЩ╬щ╦Яй╫
 637                    column_L=column&0x0f;           //╣ВуШйЩ╬щ╦Яй╫
 638                            LCDWrite(W_CMD,column_H);
 639                            LCDWrite(W_CMD,column_L);
 640          }
 641          
 642          void s_out_W(unsigned char j)
 643          {  
 644            unsigned char u,k;  
 645            for(u=0;u<8;u++)
 646                 { 
 647                  SDA=j&0x01;
 648                          SCK=0;
 649                          for(k = 0;k < 5;k ++);//ясй╠
 650                      SCK=1;        
 651                          for(k = 0;k < 5;k ++);//ясй╠
 652                  j>>=1;
 653                 }   
 654          }
 655          
 656          void w_dat_W(unsigned char dat)  
 657          {    
 658                  SetLCDRS;    
 659                  s_out_W(dat); 
 660          } 
 661          */
 662          
 663          void DrawPoint(unsigned char x,unsigned char y)         //а╛пЬ╡ывВм╛р╩отй╬вж╫зй╠,╠ёаТт╜й╪йЩ╬щё╛╩╜╣Цё║      LCDвСоб╫
             -гн╙вЬ╠Йт╜╣Ц x:0~127 y :0~63
 664          {
 665   1          unsigned char senddat,yy;
 666   1              static unsigned char DataOld=0,yOld=0,xOld=0;
 667   1              yy=(int)(y/8);
 668   1              if((yy==yOld)&&(x==xOld))
 669   1                 senddat = DataOld | (0x80>>(y%8));
 670   1              else
C51 COMPILER V9.00   LCD                                                                   03/07/2019 20:18:40 PAGE 12  

 671   1                 senddat = 0x80>>(y%8);
 672   1              LCD_setXY(x,abs(yy-7));
 673   1              LCDWrite(W_DAT,senddat);
 674   1              DataOld = senddat;
 675   1              yOld=yy;
 676   1              xOld=x;
 677   1      }
 678          
 679          
 680          /*********************************************************************
 681          *тзфад╩иоотй╬р╩╦Жвж╥Ш
 682          *╡нйЩё╨Cвж╥Ш    row пп:0~3  col ап:0~15
 683          *********************************************************************/
 684          void Drawchar(unsigned char C,unsigned char row,unsigned char col)                //row пп:0~3  col ап:0~15   ц©╦Жвж╥Ш
             -у╪LCD 16*8╦Ж╣Ц         вСио╫гт╜╣Ц
 685          {       
 686   1          unsigned char b,Row,Col;
 687   1          unsigned char k;
 688   1              k=C-0x20;
 689   1              Row=(63-(16*row));
 690   1              Col=8*col;
 691   1      
 692   1              for(b = 0;b<16;b++)
 693   1              {
 694   2                unsigned char F;
 695   2                F=2*b;
 696   2               if(b<8)
 697   2               {
 698   3                if((AsciiFontData[k][b]&0x80)!=0)
 699   3                DrawPoint(Col+b,Row);
 700   3                      
 701   3                
 702   3                if((AsciiFontData[k][b]&0x40)!=0)
 703   3                DrawPoint(Col+b,Row-1);
 704   3                      
 705   3                if((AsciiFontData[k][b]&0x20)!=0)
 706   3                DrawPoint(Col+b,Row-2);
 707   3                      
 708   3                if((AsciiFontData[k][b]&0x10)!=0)
 709   3                DrawPoint(Col+b,Row-3);
 710   3      
 711   3                if((AsciiFontData[k][b]&0x08)!=0)
 712   3                DrawPoint(Col+b,Row-4);
 713   3                      
 714   3                if((AsciiFontData[k][b]&0x04)!=0)
 715   3                DrawPoint(Col+b,Row-5);
 716   3                 
 717   3                if((AsciiFontData[k][b]&0x02)!=0)
 718   3            DrawPoint(Col+b,Row-6);
 719   3                      
 720   3                if((AsciiFontData[k][b]&0x01)!=0)
 721   3                DrawPoint(Col+b,Row-7);
 722   3                }
 723   2                else
 724   2                {
 725   3                 if((AsciiFontData[k][b]&0x80)!=0)
 726   3                DrawPoint(Col+b-8,Row-8);
 727   3                      
 728   3                
 729   3                if((AsciiFontData[k][b]&0x40)!=0)
 730   3                DrawPoint(Col+b-8,Row-9);
 731   3                      
C51 COMPILER V9.00   LCD                                                                   03/07/2019 20:18:40 PAGE 13  

 732   3                if((AsciiFontData[k][b]&0x20)!=0)
 733   3                DrawPoint(Col+b-8,Row-10);
 734   3                      
 735   3                if((AsciiFontData[k][b]&0x10)!=0)
 736   3                DrawPoint(Col+b-8,Row-11);
 737   3      
 738   3                if((AsciiFontData[k][b]&0x08)!=0)
 739   3                DrawPoint(Col+b-8,Row-12);
 740   3                      
 741   3                if((AsciiFontData[k][b]&0x04)!=0)
 742   3                DrawPoint(Col+b-8,Row-13);
 743   3                 
 744   3                if((AsciiFontData[k][b]&0x02)!=0)
 745   3            DrawPoint(Col+b-8,Row-14);
 746   3                      
 747   3                if((AsciiFontData[k][b]&0x01)!=0)
 748   3                DrawPoint(Col+b-8,Row-15);
 749   3                }       
 750   2              
 751   2              }
 752   1      
 753   1      }
 754          
 755          /*********************************************************************
 756          *тзфад╩иоотй╬р╩╢╝вж╥Ш
 757          *╡нйЩё╨C║╬║©вж╥Ш╢╝      row фПй╪пп:0~3  low фПй╪ап:0~15
 758          *********************************************************************/
 759          void DrawcharS(unsigned char *C,unsigned char row,unsigned char col)            //ц©ппвН╤Ю16╦Жвж╥Шё╛╤Юсз16╦Ж╩╩ппё║╧╡
             -4пп                вСио╫гт╜╣Ц
 760          {
 761   1        int flag=0,i=0;
 762   1        unsigned char R,L,TOTAL;
 763   1        TOTAL=(row*16)+col;
 764   1        if(TOTAL>63||row>3||col>15)
 765   1         {flag=1;}
 766   1      
 767   1        while(flag==0)
 768   1        {
 769   2         if(*C!='\0')
 770   2         {
 771   3           R= (TOTAL+i)/16 ;
 772   3               L=     (TOTAL+i)%16;
 773   3               Drawchar(*C,R,L);
 774   3               C++;
 775   3               i++;
 776   3               if((TOTAL+i)>63)
 777   3                {
 778   4                       flag=1;
 779   4                }
 780   3         }
 781   2         else
 782   2         {
 783   3           flag=1;
 784   3         }
 785   2       }
 786   1      
 787   1      }
 788          
 789          
 790          


C51 COMPILER V9.00   LCD                                                                   03/07/2019 20:18:40 PAGE 14  

MODULE INFORMATION:   STATIC OVERLAYABLE
   CODE SIZE        =   1369    ----
   CONSTANT SIZE    =   1520    ----
   XDATA SIZE       =   ----    ----
   PDATA SIZE       =   ----    ----
   DATA SIZE        =      3      20
   IDATA SIZE       =   ----    ----
   BIT SIZE         =   ----    ----
END OF MODULE INFORMATION.


C51 COMPILATION COMPLETE.  0 WARNING(S),  0 ERROR(S)
