C51 COMPILER V9.00   MAIN                                                                  03/07/2019 20:18:40 PAGE 1   


C51 COMPILER V9.00, COMPILATION OF MODULE MAIN
OBJECT MODULE PLACED IN main.OBJ
COMPILER INVOKED BY: D:\KeilC51\C51\BIN\C51.EXE main.c BROWSE INCDIR(..\ADC_DAC µ—È) DEBUG OBJECTEXTEND

line level    source

   1          /////////////////////////////////////
   2          //  Generated Initialization File  //
   3          /////////////////////////////////////
   4          
   5          #include "C8051F020.h"
   6          #include "lcd.h"
   7          #include "key.h"
   8          #include "adc.h"
   9          #include "math.h"
  10          
  11          // Peripheral specific initialization functions,
  12          // Called from the Init_Device() function
  13          void Reset_Sources_Init()
  14          {
  15   1          WDTCN     = 0xDE;
  16   1          WDTCN     = 0xAD;
  17   1          RSTSRC    = 0x04;
  18   1      }
  19          
  20          void Timer_Init()
  21          {
  22   1          CKCON     = 0x20;
  23   1          TMR3CN    = 0x06;
  24   1          TMR3RLL   = 0xA0;
  25   1          TMR3RLH   = 0xFF;
  26   1      }
  27          
  28          void ADC_Init()
  29          {
  30   1          ADC0CN    = 0x84;
  31   1      }
  32          
  33          void DAC_Init()
  34          {
  35   1          DAC0CN    = 0x88;
  36   1          DAC1CN    = 0x80;
  37   1      }
  38          
  39          void Voltage_Reference_Init()
  40          {
  41   1          REF0CN    = 0x03;
  42   1      }
  43          
  44          void Port_IO_Init()
  45          {
  46   1          // P0.0  -  Unassigned,  Open-Drain, Digital
  47   1          // P0.1  -  Unassigned,  Open-Drain, Digital
  48   1          // P0.2  -  Unassigned,  Open-Drain, Digital
  49   1          // P0.3  -  Unassigned,  Open-Drain, Digital
  50   1          // P0.4  -  Unassigned,  Open-Drain, Digital
  51   1          // P0.5  -  Unassigned,  Open-Drain, Digital
  52   1          // P0.6  -  Unassigned,  Open-Drain, Digital
  53   1          // P0.7  -  Unassigned,  Open-Drain, Digital
  54   1      
  55   1          // P1.0  -  Unassigned,  Open-Drain, Digital
C51 COMPILER V9.00   MAIN                                                                  03/07/2019 20:18:40 PAGE 2   

  56   1          // P1.1  -  Unassigned,  Open-Drain, Digital
  57   1          // P1.2  -  Unassigned,  Open-Drain, Digital
  58   1          // P1.3  -  Unassigned,  Open-Drain, Digital
  59   1          // P1.4  -  Unassigned,  Open-Drain, Digital
  60   1          // P1.5  -  Unassigned,  Open-Drain, Digital
  61   1          // P1.6  -  Unassigned,  Open-Drain, Digital
  62   1          // P1.7  -  Unassigned,  Open-Drain, Digital
  63   1      
  64   1          // P2.0  -  Unassigned,  Open-Drain, Digital
  65   1          // P2.1  -  Unassigned,  Open-Drain, Digital
  66   1          // P2.2  -  Unassigned,  Open-Drain, Digital
  67   1          // P2.3  -  Unassigned,  Open-Drain, Digital
  68   1          // P2.4  -  Unassigned,  Open-Drain, Digital
  69   1          // P2.5  -  Unassigned,  Open-Drain, Digital
  70   1          // P2.6  -  Unassigned,  Open-Drain, Digital
  71   1          // P2.7  -  Unassigned,  Open-Drain, Digital
  72   1      
  73   1          // P3.0  -  Unassigned,  Open-Drain, Digital
  74   1          // P3.1  -  Unassigned,  Open-Drain, Digital
  75   1          // P3.2  -  Unassigned,  Open-Drain, Digital
  76   1          // P3.3  -  Unassigned,  Open-Drain, Digital
  77   1          // P3.4  -  Unassigned,  Push-Pull,  Digital
  78   1          // P3.5  -  Unassigned,  Push-Pull,  Digital
  79   1          // P3.6  -  Unassigned,  Open-Drain, Digital
  80   1          // P3.7  -  Unassigned,  Open-Drain, Digital
  81   1      
  82   1          P3MDOUT   = 0x30;
  83   1          XBR2      = 0x40;
  84   1      }
  85          
  86          void Oscillator_Init()
  87          {
  88   1          int i = 0;
  89   1          OSCXCN    = 0x67;
  90   1          for (i = 0; i < 3000; i++);  // Wait 1ms for initialization
  91   1          while ((OSCXCN & 0x80) == 0);
  92   1          OSCICN    = 0x08;
  93   1      }
  94          
  95          void Interrupts_Init()
  96          {
  97   1          IE        = 0x80;
  98   1          EIE2      = 0x03;
  99   1      }
 100          
 101          // Initialization function for device,
 102          // Call Init_Device() from your main program
 103          void Init_Device(void)
 104          {
 105   1          Reset_Sources_Init();
 106   1          Timer_Init();
 107   1          ADC_Init();
 108   1          DAC_Init();
 109   1          Voltage_Reference_Init();
 110   1          Port_IO_Init();
 111   1          Oscillator_Init();
 112   1          Interrupts_Init();
 113   1      }
 114          
 115          
 116          main()
 117          {
C51 COMPILER V9.00   MAIN                                                                  03/07/2019 20:18:40 PAGE 3   

 118   1      
 119   1               unsigned char key=0,x=0,y=0;
 120   1               unsigned int i=0,j=0;
 121   1               Init_Device();
 122   1           for(i=0;i<1000;i++)
 123   1               adcmem[i]=0;
 124   1               newLCDInit();
 125   1               Clear();
 126   1               LCDWrite(W_CMD,0xA7);    //∑¥œ‘√¸¡Ó  
 127   1           DrawcharS("Welcome",1,4);
 128   1           DrawcharS("to PHY!",2,4);
 129   1               
 130   1               for(i=0;i<255;i++)
 131   1                      {
 132   2                              Delayms(100);
 133   2                      }
 134   1      //       Clear();
 135   1               LCDWrite(W_CMD,0xA6);    //’˝≥£œ‘√¸¡Ó           
 136   1      //     DrawcharS("Welcome",1,4);
 137   1      //     DrawcharS("to PHY!",2,4);
 138   1               
 139   1               for(i=0;i<255;i++)
 140   1                      {
 141   2                              Delayms(100);
 142   2                      }
 143   1               Clear();                         //«Â∆¡
 144   1              for(i=0;i<128;i++)
 145   1                      DrawPoint(i,(sintab[i%100])>>6);
 146   1               for(i=0;i<255;i++)
 147   1                      {
 148   2                              Delayms(100);
 149   2                      }
 150   1               Clear();                         //«Â∆¡
 151   1               while(1)
 152   1               {
 153   2                 j++;         
 154   2                 if(j>10000) {j=0;Clear();} 
 155   2                 if(j<128){ DrawPoint(j,(adcmem[(j*20)%1000])>>6);}      //‘⁄∆¡…œœ‘ æ≤®–Œ
 156   2             key = KeyScan();
 157   2                      if(key != 0)
 158   2                      {
 159   3                              switch(key)
 160   3                              {
 161   4                                 case 1:      Clear();
 162   4                                                      for(x=0;x<128;x++)
 163   4                                           {
 164   5                                                              LCD_draw_point(x,0); // LCD◊Û…œΩ«Œ™‘≠µ„”¥£° X£∫0£≠127  Y£∫0£≠7 Œª÷√ª≠µ„  “ª¥Œ“ª¡–∞À∏ˆµ„”¥£° 
 165   5                                                       }   
 166   4                                                       break;
 167   4                                 case 2:  Clear();
 168   4                                                      for(x=0;x<128;x++)
 169   4                                           {
 170   5                                                              LCD_draw_point(x,1);
 171   5                                                       }   
 172   4                                                       break;
 173   4                                 case 3:      Clear();
 174   4                                                      for(x=0;x<128;x++)
 175   4                                           {
 176   5                                                              DrawPoint(x,0);     // LCD◊Ûœ¬Ω«Œ™◊¯±Í‘≠µ„ x:0~127 y :0~63        ¡¨–¯≤Ÿ◊˜Õ¨“ªœ‘ æ◊÷Ω⁄ ±,±£¡Ù‘≠ º ˝æ›£¨ª
             -≠µ„£°
 177   5                                                       }   
 178   4                                                       break;
C51 COMPILER V9.00   MAIN                                                                  03/07/2019 20:18:40 PAGE 4   

 179   4                                 case 4:  Clear();
 180   4                                                      for(x=0;x<128;x++)
 181   4                                           {
 182   5                                                              DrawPoint(x,1);
 183   5                                                       }   
 184   4                                                       break;
 185   4                                 case 5:      DrawPoint(63,0);                //ª≠“ª∏ˆµ„
 186   4                                                      break;
 187   4                                 case 6:  LCD_draw_point(63,0);   //ª≠∞À∏ˆµ„
 188   4                                                      break;
 189   4                                 case 7:      for(i=0;i<127;i++)              //ª≠“ª Æ◊÷£¨◊¢“‚œ»∫Û”¥£°
 190   4                                                      {
 191   5                                                              DrawPoint(i,31);
 192   5                                                      }
 193   4      
 194   4                                         for(i=0;i<64;i++)
 195   4                                                      {
 196   5                                                              DrawPoint(63,i);        
 197   5                                                      }
 198   4                                                      break;
 199   4                                 case 8:  Clear();
 200   4                                          DrawcharS("abcdefghijklmnopqrstuvwxyz",0,0);  //√ø––◊Ó∂‡16∏ˆ◊÷∑˚£¨∂‡”⁄16∏ˆªª––£°π≤4––£¨LCD◊
             -Û…œΩ«Œ™‘≠µ„”¥£°
 201   4                                          P5&=(~0x01);         //µ„¡¡LED
 202   4                                                      break;
 203   4                                 case 9:      Clear();
 204   4                                          for(i=0;i<64;i++)
 205   4                                                  DrawPoint(i,i);
 206   4                                          for(i=64;i<127;i++)
 207   4                                                  DrawPoint(i,127-i);
 208   4                                          P5|=0x01;    //√LED
 209   4                                                      break;
 210   4                              }
 211   3                       x=0;
 212   3                       y=0;
 213   3                       key=0;
 214   3      
 215   3                  }
 216   2               }
 217   1      }


MODULE INFORMATION:   STATIC OVERLAYABLE
   CODE SIZE        =    807    ----
   CONSTANT SIZE    =     43    ----
   XDATA SIZE       =   ----    ----
   PDATA SIZE       =   ----    ----
   DATA SIZE        =   ----       7
   IDATA SIZE       =   ----    ----
   BIT SIZE         =   ----    ----
END OF MODULE INFORMATION.


C51 COMPILATION COMPLETE.  0 WARNING(S),  0 ERROR(S)
