<?xml version="1.0"?>
<link_info>
   <banner>MSP430 Linker PC v4.2.1</banner>
   <copyright>Copyright (c) 2003-2013 Texas Instruments Incorporated</copyright>
   <link_time>0x58f71edc</link_time>
   <link_errors>0x0</link_errors>
   <output_file>7_1_Breath_Lamp.out</output_file>
   <entry_point>
      <name>_c_int00</name>
      <address>0xc418</address>
   </entry_point>
   <input_file_list>
      <input_file id="fl-2">
         <path>.\src\</path>
         <kind>object</kind>
         <file>TA_PWM.obj</file>
         <name>TA_PWM.obj</name>
      </input_file>
      <input_file id="fl-3">
         <path>.\src\</path>
         <kind>object</kind>
         <file>Breath_Lamp_Global.obj</file>
         <name>Breath_Lamp_Global.obj</name>
      </input_file>
      <input_file id="fl-4">
         <path>.\src\</path>
         <kind>object</kind>
         <file>Breath_Lamp_Event.obj</file>
         <name>Breath_Lamp_Event.obj</name>
      </input_file>
      <input_file id="fl-5">
         <path>.\</path>
         <kind>object</kind>
         <file>main.obj</file>
         <name>main.obj</name>
      </input_file>
      <input_file id="fl-1f">
         <path>C:\ti\ccsv5\tools\compiler\msp430_4.2.1\lib\</path>
         <kind>archive</kind>
         <file>rts430.lib</file>
         <name>boot.obj</name>
      </input_file>
      <input_file id="fl-20">
         <path>C:\ti\ccsv5\tools\compiler\msp430_4.2.1\lib\</path>
         <kind>archive</kind>
         <file>rts430.lib</file>
         <name>copy_decompress_none.obj</name>
      </input_file>
      <input_file id="fl-21">
         <path>C:\ti\ccsv5\tools\compiler\msp430_4.2.1\lib\</path>
         <kind>archive</kind>
         <file>rts430.lib</file>
         <name>copy_decompress_rle.obj</name>
      </input_file>
      <input_file id="fl-22">
         <path>C:\ti\ccsv5\tools\compiler\msp430_4.2.1\lib\</path>
         <kind>archive</kind>
         <file>rts430.lib</file>
         <name>copy_zero_init.obj</name>
      </input_file>
      <input_file id="fl-23">
         <path>C:\ti\ccsv5\tools\compiler\msp430_4.2.1\lib\</path>
         <kind>archive</kind>
         <file>rts430.lib</file>
         <name>div32u.obj</name>
      </input_file>
      <input_file id="fl-24">
         <path>C:\ti\ccsv5\tools\compiler\msp430_4.2.1\lib\</path>
         <kind>archive</kind>
         <file>rts430.lib</file>
         <name>epilog.obj</name>
      </input_file>
      <input_file id="fl-25">
         <path>C:\ti\ccsv5\tools\compiler\msp430_4.2.1\lib\</path>
         <kind>archive</kind>
         <file>rts430.lib</file>
         <name>exit.obj</name>
      </input_file>
      <input_file id="fl-26">
         <path>C:\ti\ccsv5\tools\compiler\msp430_4.2.1\lib\</path>
         <kind>archive</kind>
         <file>rts430.lib</file>
         <name>lsr16.obj</name>
      </input_file>
      <input_file id="fl-27">
         <path>C:\ti\ccsv5\tools\compiler\msp430_4.2.1\lib\</path>
         <kind>archive</kind>
         <file>rts430.lib</file>
         <name>memcpy.obj</name>
      </input_file>
      <input_file id="fl-28">
         <path>C:\ti\ccsv5\tools\compiler\msp430_4.2.1\lib\</path>
         <kind>archive</kind>
         <file>rts430.lib</file>
         <name>mult32.obj</name>
      </input_file>
      <input_file id="fl-29">
         <path>C:\ti\ccsv5\tools\compiler\msp430_4.2.1\lib\</path>
         <kind>archive</kind>
         <file>rts430.lib</file>
         <name>pre_init.obj</name>
      </input_file>
      <input_file id="fl-2a">
         <path>C:\ti\ccsv5\tools\compiler\msp430_4.2.1\lib\</path>
         <kind>archive</kind>
         <file>rts430.lib</file>
         <name>_lock.obj</name>
      </input_file>
      <input_file id="fl-2b">
         <path>C:\ti\ccsv5\tools\compiler\msp430_4.2.1\lib\</path>
         <kind>archive</kind>
         <file>rts430.lib</file>
         <name>args_main.obj</name>
      </input_file>
      <input_file id="fl-2c">
         <path>C:\ti\ccsv5\tools\compiler\msp430_4.2.1\lib\</path>
         <kind>archive</kind>
         <file>rts430.lib</file>
         <name>autoinit.obj</name>
      </input_file>
   </input_file_list>
   <object_component_list>
      <object_component id="oc-23">
         <name>.bss</name>
         <uninitialized>true</uninitialized>
         <run_address>0x20a</run_address>
         <size>0x2</size>
         <input_file_ref idref="fl-3"/>
      </object_component>
      <object_component id="oc-27">
         <name>.bss</name>
         <uninitialized>true</uninitialized>
         <run_address>0x208</run_address>
         <size>0x2</size>
         <input_file_ref idref="fl-4"/>
      </object_component>
      <object_component id="oc-32">
         <name>.bss</name>
         <uninitialized>true</uninitialized>
         <run_address>0x204</run_address>
         <size>0x4</size>
         <input_file_ref idref="fl-1f"/>
      </object_component>
      <object_component id="oc-60">
         <name>.bss</name>
         <uninitialized>true</uninitialized>
         <run_address>0x200</run_address>
         <size>0x4</size>
         <input_file_ref idref="fl-2a"/>
      </object_component>
      <object_component id="oc-34">
         <name>.stack</name>
         <uninitialized>true</uninitialized>
         <run_address>0x3b0</run_address>
         <size>0x2</size>
         <input_file_ref idref="fl-1f"/>
      </object_component>
      <object_component id="oc-9e">
         <name>.stack</name>
         <uninitialized>true</uninitialized>
         <run_address>0x3b0</run_address>
         <size>0x0</size>
      </object_component>
      <object_component id="oc-75">
         <name>.text:TA0_PWM_Init</name>
         <load_address>0xc000</load_address>
         <run_address>0xc000</run_address>
         <size>0x186</size>
         <input_file_ref idref="fl-2"/>
      </object_component>
      <object_component id="oc-78">
         <name>.text:TA0_PWM_SetPermill</name>
         <load_address>0xc186</load_address>
         <run_address>0xc186</run_address>
         <size>0x146</size>
         <input_file_ref idref="fl-2"/>
      </object_component>
      <object_component id="oc-45">
         <name>.text</name>
         <load_address>0xc2cc</load_address>
         <run_address>0xc2cc</run_address>
         <size>0x58</size>
         <input_file_ref idref="fl-23"/>
      </object_component>
      <object_component id="oc-50">
         <name>.text</name>
         <load_address>0xc324</load_address>
         <run_address>0xc324</run_address>
         <size>0x4c</size>
         <input_file_ref idref="fl-26"/>
      </object_component>
      <object_component id="oc-6f">
         <name>.text:_auto_init</name>
         <load_address>0xc370</load_address>
         <run_address>0xc370</run_address>
         <size>0x48</size>
         <input_file_ref idref="fl-2c"/>
      </object_component>
      <object_component id="oc-77">
         <name>.text:WDT_Ontime</name>
         <load_address>0xc3b8</load_address>
         <run_address>0xc3b8</run_address>
         <size>0x30</size>
         <input_file_ref idref="fl-4"/>
      </object_component>
      <object_component id="oc-70">
         <name>.text:main</name>
         <load_address>0xc3e8</load_address>
         <run_address>0xc3e8</run_address>
         <size>0x30</size>
         <input_file_ref idref="fl-5"/>
      </object_component>
      <object_component id="oc-1e">
         <name>.text:_c_int00_noexit</name>
         <load_address>0xc418</load_address>
         <run_address>0xc418</run_address>
         <size>0x26</size>
         <input_file_ref idref="fl-1f"/>
      </object_component>
      <object_component id="oc-58">
         <name>.text</name>
         <load_address>0xc43e</load_address>
         <run_address>0xc43e</run_address>
         <size>0x26</size>
         <input_file_ref idref="fl-28"/>
      </object_component>
      <object_component id="oc-72">
         <name>.text:WDT_ISR</name>
         <load_address>0xc464</load_address>
         <run_address>0xc464</run_address>
         <size>0x1a</size>
         <input_file_ref idref="fl-5"/>
      </object_component>
      <object_component id="oc-73">
         <name>.text:memcpy</name>
         <load_address>0xc47e</load_address>
         <run_address>0xc47e</run_address>
         <size>0x12</size>
         <input_file_ref idref="fl-27"/>
      </object_component>
      <object_component id="oc-74">
         <name>.text</name>
         <load_address>0xc490</load_address>
         <run_address>0xc490</run_address>
         <size>0x10</size>
         <input_file_ref idref="fl-24"/>
      </object_component>
      <object_component id="oc-76">
         <name>.text:TA0_PWM_SetPeriod</name>
         <load_address>0xc4a0</load_address>
         <run_address>0xc4a0</run_address>
         <size>0x8</size>
         <input_file_ref idref="fl-2"/>
      </object_component>
      <object_component id="oc-6e">
         <name>.text:_system_pre_init</name>
         <load_address>0xc4a8</load_address>
         <run_address>0xc4a8</run_address>
         <size>0x4</size>
         <input_file_ref idref="fl-29"/>
      </object_component>
      <object_component id="oc-71">
         <name>.text:abort</name>
         <load_address>0xc4ac</load_address>
         <run_address>0xc4ac</run_address>
         <size>0x4</size>
         <input_file_ref idref="fl-25"/>
      </object_component>
      <object_component id="oc-6d">
         <name>.text:_nop</name>
         <load_address>0xc4b0</load_address>
         <run_address>0xc4b0</run_address>
         <size>0x2</size>
         <input_file_ref idref="fl-2a"/>
      </object_component>
      <object_component id="oc-29">
         <name>.cinit</name>
         <load_address>0xc4b2</load_address>
         <run_address>0xc4b2</run_address>
         <size>0x6</size>
         <input_file_ref idref="fl-4"/>
      </object_component>
      <object_component id="oc-25">
         <name>.cinit</name>
         <load_address>0xc4b8</load_address>
         <run_address>0xc4b8</run_address>
         <size>0x6</size>
         <input_file_ref idref="fl-3"/>
      </object_component>
      <object_component id="oc-2e">
         <name>.int10</name>
         <load_address>0xfff4</load_address>
         <run_address>0xfff4</run_address>
         <size>0x2</size>
         <input_file_ref idref="fl-5"/>
      </object_component>
      <object_component id="oc-35">
         <name>.reset</name>
         <load_address>0xfffe</load_address>
         <run_address>0xfffe</run_address>
         <size>0x2</size>
         <input_file_ref idref="fl-1f"/>
      </object_component>
      <object_component id="oc-1f">
         <name>.debug_info</name>
         <load_address>0x0</load_address>
         <run_address>0x0</run_address>
         <size>0x66b</size>
         <input_file_ref idref="fl-2"/>
      </object_component>
      <object_component id="oc-24">
         <name>.debug_info</name>
         <load_address>0x66b</load_address>
         <run_address>0x66b</run_address>
         <size>0x21c</size>
         <input_file_ref idref="fl-3"/>
      </object_component>
      <object_component id="oc-28">
         <name>.debug_info</name>
         <load_address>0x887</load_address>
         <run_address>0x887</run_address>
         <size>0x2f7</size>
         <input_file_ref idref="fl-4"/>
      </object_component>
      <object_component id="oc-2d">
         <name>.debug_info</name>
         <load_address>0xb7e</load_address>
         <run_address>0xb7e</run_address>
         <size>0x38b</size>
         <input_file_ref idref="fl-5"/>
      </object_component>
      <object_component id="oc-33">
         <name>.debug_info</name>
         <load_address>0xf09</load_address>
         <run_address>0xf09</run_address>
         <size>0x443</size>
         <input_file_ref idref="fl-1f"/>
      </object_component>
      <object_component id="oc-39">
         <name>.debug_info</name>
         <load_address>0x134c</load_address>
         <run_address>0x134c</run_address>
         <size>0x261</size>
         <input_file_ref idref="fl-20"/>
      </object_component>
      <object_component id="oc-3d">
         <name>.debug_info</name>
         <load_address>0x15ad</load_address>
         <run_address>0x15ad</run_address>
         <size>0x212</size>
         <input_file_ref idref="fl-21"/>
      </object_component>
      <object_component id="oc-41">
         <name>.debug_info</name>
         <load_address>0x17bf</load_address>
         <run_address>0x17bf</run_address>
         <size>0x228</size>
         <input_file_ref idref="fl-22"/>
      </object_component>
      <object_component id="oc-46">
         <name>.debug_info</name>
         <load_address>0x19e7</load_address>
         <run_address>0x19e7</run_address>
         <size>0xb9</size>
         <input_file_ref idref="fl-23"/>
      </object_component>
      <object_component id="oc-49">
         <name>.debug_info</name>
         <load_address>0x1aa0</load_address>
         <run_address>0x1aa0</run_address>
         <size>0xc0</size>
         <input_file_ref idref="fl-24"/>
      </object_component>
      <object_component id="oc-4c">
         <name>.debug_info</name>
         <load_address>0x1b60</load_address>
         <run_address>0x1b60</run_address>
         <size>0x28e</size>
         <input_file_ref idref="fl-25"/>
      </object_component>
      <object_component id="oc-51">
         <name>.debug_info</name>
         <load_address>0x1dee</load_address>
         <run_address>0x1dee</run_address>
         <size>0xb4</size>
         <input_file_ref idref="fl-26"/>
      </object_component>
      <object_component id="oc-54">
         <name>.debug_info</name>
         <load_address>0x1ea2</load_address>
         <run_address>0x1ea2</run_address>
         <size>0x2a5</size>
         <input_file_ref idref="fl-27"/>
      </object_component>
      <object_component id="oc-59">
         <name>.debug_info</name>
         <load_address>0x2147</load_address>
         <run_address>0x2147</run_address>
         <size>0xb7</size>
         <input_file_ref idref="fl-28"/>
      </object_component>
      <object_component id="oc-5c">
         <name>.debug_info</name>
         <load_address>0x21fe</load_address>
         <run_address>0x21fe</run_address>
         <size>0x220</size>
         <input_file_ref idref="fl-29"/>
      </object_component>
      <object_component id="oc-61">
         <name>.debug_info</name>
         <load_address>0x241e</load_address>
         <run_address>0x241e</run_address>
         <size>0x23c</size>
         <input_file_ref idref="fl-2a"/>
      </object_component>
      <object_component id="oc-65">
         <name>.debug_info</name>
         <load_address>0x265a</load_address>
         <run_address>0x265a</run_address>
         <size>0x26b</size>
         <input_file_ref idref="fl-2b"/>
      </object_component>
      <object_component id="oc-69">
         <name>.debug_info</name>
         <load_address>0x28c5</load_address>
         <run_address>0x28c5</run_address>
         <size>0x32c</size>
         <input_file_ref idref="fl-2c"/>
      </object_component>
      <object_component id="oc-9f">
         <name>.debug_info</name>
         <load_address>0x2bf1</load_address>
         <run_address>0x2bf1</run_address>
         <size>0x6a</size>
      </object_component>
      <object_component id="oc-20">
         <name>.debug_frame</name>
         <load_address>0x0</load_address>
         <run_address>0x0</run_address>
         <size>0x82</size>
         <input_file_ref idref="fl-2"/>
      </object_component>
      <object_component id="oc-2a">
         <name>.debug_frame</name>
         <load_address>0x82</load_address>
         <run_address>0x82</run_address>
         <size>0x47</size>
         <input_file_ref idref="fl-4"/>
      </object_component>
      <object_component id="oc-2f">
         <name>.debug_frame</name>
         <load_address>0xc9</load_address>
         <run_address>0xc9</run_address>
         <size>0x89</size>
         <input_file_ref idref="fl-5"/>
      </object_component>
      <object_component id="oc-36">
         <name>.debug_frame</name>
         <load_address>0x152</load_address>
         <run_address>0x152</run_address>
         <size>0x42</size>
         <input_file_ref idref="fl-1f"/>
      </object_component>
      <object_component id="oc-3a">
         <name>.debug_frame</name>
         <load_address>0x194</load_address>
         <run_address>0x194</run_address>
         <size>0x32</size>
         <input_file_ref idref="fl-20"/>
      </object_component>
      <object_component id="oc-3e">
         <name>.debug_frame</name>
         <load_address>0x1c6</load_address>
         <run_address>0x1c6</run_address>
         <size>0x32</size>
         <input_file_ref idref="fl-21"/>
      </object_component>
      <object_component id="oc-42">
         <name>.debug_frame</name>
         <load_address>0x1f8</load_address>
         <run_address>0x1f8</run_address>
         <size>0x32</size>
         <input_file_ref idref="fl-22"/>
      </object_component>
      <object_component id="oc-4d">
         <name>.debug_frame</name>
         <load_address>0x22a</load_address>
         <run_address>0x22a</run_address>
         <size>0x47</size>
         <input_file_ref idref="fl-25"/>
      </object_component>
      <object_component id="oc-55">
         <name>.debug_frame</name>
         <load_address>0x271</load_address>
         <run_address>0x271</run_address>
         <size>0x47</size>
         <input_file_ref idref="fl-27"/>
      </object_component>
      <object_component id="oc-5d">
         <name>.debug_frame</name>
         <load_address>0x2b8</load_address>
         <run_address>0x2b8</run_address>
         <size>0x47</size>
         <input_file_ref idref="fl-29"/>
      </object_component>
      <object_component id="oc-62">
         <name>.debug_frame</name>
         <load_address>0x2ff</load_address>
         <run_address>0x2ff</run_address>
         <size>0x47</size>
         <input_file_ref idref="fl-2a"/>
      </object_component>
      <object_component id="oc-66">
         <name>.debug_frame</name>
         <load_address>0x346</load_address>
         <run_address>0x346</run_address>
         <size>0x32</size>
         <input_file_ref idref="fl-2b"/>
      </object_component>
      <object_component id="oc-6a">
         <name>.debug_frame</name>
         <load_address>0x378</load_address>
         <run_address>0x378</run_address>
         <size>0x51</size>
         <input_file_ref idref="fl-2c"/>
      </object_component>
      <object_component id="oc-21">
         <name>.debug_line</name>
         <load_address>0x0</load_address>
         <run_address>0x0</run_address>
         <size>0x175</size>
         <input_file_ref idref="fl-2"/>
      </object_component>
      <object_component id="oc-2b">
         <name>.debug_line</name>
         <load_address>0x175</load_address>
         <run_address>0x175</run_address>
         <size>0x5c</size>
         <input_file_ref idref="fl-4"/>
      </object_component>
      <object_component id="oc-30">
         <name>.debug_line</name>
         <load_address>0x1d1</load_address>
         <run_address>0x1d1</run_address>
         <size>0x5d</size>
         <input_file_ref idref="fl-5"/>
      </object_component>
      <object_component id="oc-37">
         <name>.debug_line</name>
         <load_address>0x22e</load_address>
         <run_address>0x22e</run_address>
         <size>0x42</size>
         <input_file_ref idref="fl-1f"/>
      </object_component>
      <object_component id="oc-3b">
         <name>.debug_line</name>
         <load_address>0x270</load_address>
         <run_address>0x270</run_address>
         <size>0x34</size>
         <input_file_ref idref="fl-20"/>
      </object_component>
      <object_component id="oc-3f">
         <name>.debug_line</name>
         <load_address>0x2a4</load_address>
         <run_address>0x2a4</run_address>
         <size>0x33</size>
         <input_file_ref idref="fl-21"/>
      </object_component>
      <object_component id="oc-43">
         <name>.debug_line</name>
         <load_address>0x2d7</load_address>
         <run_address>0x2d7</run_address>
         <size>0x2e</size>
         <input_file_ref idref="fl-22"/>
      </object_component>
      <object_component id="oc-47">
         <name>.debug_line</name>
         <load_address>0x305</load_address>
         <run_address>0x305</run_address>
         <size>0x61</size>
         <input_file_ref idref="fl-23"/>
      </object_component>
      <object_component id="oc-4a">
         <name>.debug_line</name>
         <load_address>0x366</load_address>
         <run_address>0x366</run_address>
         <size>0x3d</size>
         <input_file_ref idref="fl-24"/>
      </object_component>
      <object_component id="oc-4e">
         <name>.debug_line</name>
         <load_address>0x3a3</load_address>
         <run_address>0x3a3</run_address>
         <size>0x3a</size>
         <input_file_ref idref="fl-25"/>
      </object_component>
      <object_component id="oc-52">
         <name>.debug_line</name>
         <load_address>0x3dd</load_address>
         <run_address>0x3dd</run_address>
         <size>0x5b</size>
         <input_file_ref idref="fl-26"/>
      </object_component>
      <object_component id="oc-56">
         <name>.debug_line</name>
         <load_address>0x438</load_address>
         <run_address>0x438</run_address>
         <size>0x42</size>
         <input_file_ref idref="fl-27"/>
      </object_component>
      <object_component id="oc-5a">
         <name>.debug_line</name>
         <load_address>0x47a</load_address>
         <run_address>0x47a</run_address>
         <size>0x48</size>
         <input_file_ref idref="fl-28"/>
      </object_component>
      <object_component id="oc-5e">
         <name>.debug_line</name>
         <load_address>0x4c2</load_address>
         <run_address>0x4c2</run_address>
         <size>0x3b</size>
         <input_file_ref idref="fl-29"/>
      </object_component>
      <object_component id="oc-63">
         <name>.debug_line</name>
         <load_address>0x4fd</load_address>
         <run_address>0x4fd</run_address>
         <size>0x35</size>
         <input_file_ref idref="fl-2a"/>
      </object_component>
      <object_component id="oc-67">
         <name>.debug_line</name>
         <load_address>0x532</load_address>
         <run_address>0x532</run_address>
         <size>0x29</size>
         <input_file_ref idref="fl-2b"/>
      </object_component>
      <object_component id="oc-6b">
         <name>.debug_line</name>
         <load_address>0x55b</load_address>
         <run_address>0x55b</run_address>
         <size>0x5f</size>
         <input_file_ref idref="fl-2c"/>
      </object_component>
      <object_component id="oc-22">
         <name>.debug_abbrev</name>
         <load_address>0x0</load_address>
         <run_address>0x0</run_address>
         <size>0xeb</size>
         <input_file_ref idref="fl-2"/>
      </object_component>
      <object_component id="oc-26">
         <name>.debug_abbrev</name>
         <load_address>0xeb</load_address>
         <run_address>0xeb</run_address>
         <size>0x35</size>
         <input_file_ref idref="fl-3"/>
      </object_component>
      <object_component id="oc-2c">
         <name>.debug_abbrev</name>
         <load_address>0x120</load_address>
         <run_address>0x120</run_address>
         <size>0xa4</size>
         <input_file_ref idref="fl-4"/>
      </object_component>
      <object_component id="oc-31">
         <name>.debug_abbrev</name>
         <load_address>0x1c4</load_address>
         <run_address>0x1c4</run_address>
         <size>0xdc</size>
         <input_file_ref idref="fl-5"/>
      </object_component>
      <object_component id="oc-38">
         <name>.debug_abbrev</name>
         <load_address>0x2a0</load_address>
         <run_address>0x2a0</run_address>
         <size>0x113</size>
         <input_file_ref idref="fl-1f"/>
      </object_component>
      <object_component id="oc-3c">
         <name>.debug_abbrev</name>
         <load_address>0x3b3</load_address>
         <run_address>0x3b3</run_address>
         <size>0xbc</size>
         <input_file_ref idref="fl-20"/>
      </object_component>
      <object_component id="oc-40">
         <name>.debug_abbrev</name>
         <load_address>0x46f</load_address>
         <run_address>0x46f</run_address>
         <size>0xbf</size>
         <input_file_ref idref="fl-21"/>
      </object_component>
      <object_component id="oc-44">
         <name>.debug_abbrev</name>
         <load_address>0x52e</load_address>
         <run_address>0x52e</run_address>
         <size>0x94</size>
         <input_file_ref idref="fl-22"/>
      </object_component>
      <object_component id="oc-48">
         <name>.debug_abbrev</name>
         <load_address>0x5c2</load_address>
         <run_address>0x5c2</run_address>
         <size>0x35</size>
         <input_file_ref idref="fl-23"/>
      </object_component>
      <object_component id="oc-4b">
         <name>.debug_abbrev</name>
         <load_address>0x5f7</load_address>
         <run_address>0x5f7</run_address>
         <size>0x33</size>
         <input_file_ref idref="fl-24"/>
      </object_component>
      <object_component id="oc-4f">
         <name>.debug_abbrev</name>
         <load_address>0x62a</load_address>
         <run_address>0x62a</run_address>
         <size>0xf3</size>
         <input_file_ref idref="fl-25"/>
      </object_component>
      <object_component id="oc-53">
         <name>.debug_abbrev</name>
         <load_address>0x71d</load_address>
         <run_address>0x71d</run_address>
         <size>0x35</size>
         <input_file_ref idref="fl-26"/>
      </object_component>
      <object_component id="oc-57">
         <name>.debug_abbrev</name>
         <load_address>0x752</load_address>
         <run_address>0x752</run_address>
         <size>0xa2</size>
         <input_file_ref idref="fl-27"/>
      </object_component>
      <object_component id="oc-5b">
         <name>.debug_abbrev</name>
         <load_address>0x7f4</load_address>
         <run_address>0x7f4</run_address>
         <size>0x35</size>
         <input_file_ref idref="fl-28"/>
      </object_component>
      <object_component id="oc-5f">
         <name>.debug_abbrev</name>
         <load_address>0x829</load_address>
         <run_address>0x829</run_address>
         <size>0x5f</size>
         <input_file_ref idref="fl-29"/>
      </object_component>
      <object_component id="oc-64">
         <name>.debug_abbrev</name>
         <load_address>0x888</load_address>
         <run_address>0x888</run_address>
         <size>0xa0</size>
         <input_file_ref idref="fl-2a"/>
      </object_component>
      <object_component id="oc-68">
         <name>.debug_abbrev</name>
         <load_address>0x928</load_address>
         <run_address>0x928</run_address>
         <size>0xdb</size>
         <input_file_ref idref="fl-2b"/>
      </object_component>
      <object_component id="oc-6c">
         <name>.debug_abbrev</name>
         <load_address>0xa03</load_address>
         <run_address>0xa03</run_address>
         <size>0x10e</size>
         <input_file_ref idref="fl-2c"/>
      </object_component>
      <object_component id="oc-a0">
         <name>.debug_abbrev</name>
         <load_address>0xb11</load_address>
         <run_address>0xb11</run_address>
         <size>0xd</size>
      </object_component>
   </object_component_list>
   <logical_group_list>
      <logical_group id="lg-2" display="no" color="cyan">
         <name>.bss</name>
         <run_address>0x200</run_address>
         <size>0xc</size>
         <contents>
            <object_component_ref idref="oc-23"/>
            <object_component_ref idref="oc-27"/>
            <object_component_ref idref="oc-32"/>
            <object_component_ref idref="oc-60"/>
         </contents>
      </logical_group>
      <logical_group id="lg-3" display="no" color="cyan">
         <name>.sysmem</name>
         <run_address>0x0</run_address>
         <size>0x0</size>
         <contents>
         </contents>
      </logical_group>
      <logical_group id="lg-4" display="no" color="cyan">
         <name>.stack</name>
         <run_address>0x3b0</run_address>
         <size>0x50</size>
         <contents>
            <object_component_ref idref="oc-34"/>
            <object_component_ref idref="oc-9e"/>
         </contents>
      </logical_group>
      <logical_group id="lg-5" display="no" color="cyan">
         <name>.text</name>
         <load_address>0xc000</load_address>
         <run_address>0xc000</run_address>
         <size>0x4b2</size>
         <contents>
            <object_component_ref idref="oc-75"/>
            <object_component_ref idref="oc-78"/>
            <object_component_ref idref="oc-45"/>
            <object_component_ref idref="oc-50"/>
            <object_component_ref idref="oc-6f"/>
            <object_component_ref idref="oc-77"/>
            <object_component_ref idref="oc-70"/>
            <object_component_ref idref="oc-1e"/>
            <object_component_ref idref="oc-58"/>
            <object_component_ref idref="oc-72"/>
            <object_component_ref idref="oc-73"/>
            <object_component_ref idref="oc-74"/>
            <object_component_ref idref="oc-76"/>
            <object_component_ref idref="oc-6e"/>
            <object_component_ref idref="oc-71"/>
            <object_component_ref idref="oc-6d"/>
         </contents>
      </logical_group>
      <logical_group id="lg-6" display="no" color="cyan">
         <name>.cinit</name>
         <load_address>0xc4b2</load_address>
         <run_address>0xc4b2</run_address>
         <size>0xe</size>
         <contents>
            <object_component_ref idref="oc-29"/>
            <object_component_ref idref="oc-25"/>
         </contents>
      </logical_group>
      <logical_group id="lg-7" display="no" color="cyan">
         <name>.const</name>
         <run_address>0x0</run_address>
         <size>0x0</size>
         <contents>
         </contents>
      </logical_group>
      <logical_group id="lg-8" display="no" color="cyan">
         <name>.cio</name>
         <run_address>0x0</run_address>
         <size>0x0</size>
         <contents>
         </contents>
      </logical_group>
      <logical_group id="lg-9" display="no" color="cyan">
         <name>.pinit</name>
         <run_address>0x0</run_address>
         <size>0x0</size>
         <contents>
         </contents>
      </logical_group>
      <logical_group id="lg-a" display="no" color="cyan">
         <name>.infoA</name>
         <run_address>0x0</run_address>
         <size>0x0</size>
         <contents>
         </contents>
      </logical_group>
      <logical_group id="lg-b" display="no" color="cyan">
         <name>.infoB</name>
         <run_address>0x0</run_address>
         <size>0x0</size>
         <contents>
         </contents>
      </logical_group>
      <logical_group id="lg-c" display="no" color="cyan">
         <name>.infoC</name>
         <run_address>0x0</run_address>
         <size>0x0</size>
         <contents>
         </contents>
      </logical_group>
      <logical_group id="lg-d" display="no" color="cyan">
         <name>.infoD</name>
         <run_address>0x0</run_address>
         <size>0x0</size>
         <contents>
         </contents>
      </logical_group>
      <logical_group id="lg-e" display="no" color="cyan">
         <name>.int00</name>
         <run_address>0x0</run_address>
         <size>0x0</size>
         <contents>
         </contents>
      </logical_group>
      <logical_group id="lg-f" display="no" color="cyan">
         <name>.int01</name>
         <run_address>0x0</run_address>
         <size>0x0</size>
         <contents>
         </contents>
      </logical_group>
      <logical_group id="lg-10" display="no" color="cyan">
         <name>.int02</name>
         <run_address>0x0</run_address>
         <size>0x0</size>
         <contents>
         </contents>
      </logical_group>
      <logical_group id="lg-11" display="no" color="cyan">
         <name>.int03</name>
         <run_address>0x0</run_address>
         <size>0x0</size>
         <contents>
         </contents>
      </logical_group>
      <logical_group id="lg-12" display="no" color="cyan">
         <name>.int04</name>
         <run_address>0x0</run_address>
         <size>0x0</size>
         <contents>
         </contents>
      </logical_group>
      <logical_group id="lg-13" display="no" color="cyan">
         <name>.int05</name>
         <run_address>0x0</run_address>
         <size>0x0</size>
         <contents>
         </contents>
      </logical_group>
      <logical_group id="lg-14" display="no" color="cyan">
         <name>.int06</name>
         <run_address>0x0</run_address>
         <size>0x0</size>
         <contents>
         </contents>
      </logical_group>
      <logical_group id="lg-15" display="no" color="cyan">
         <name>.int07</name>
         <run_address>0x0</run_address>
         <size>0x0</size>
         <contents>
         </contents>
      </logical_group>
      <logical_group id="lg-16" display="no" color="cyan">
         <name>.int08</name>
         <run_address>0x0</run_address>
         <size>0x0</size>
         <contents>
         </contents>
      </logical_group>
      <logical_group id="lg-17" display="no" color="cyan">
         <name>.int09</name>
         <run_address>0x0</run_address>
         <size>0x0</size>
         <contents>
         </contents>
      </logical_group>
      <logical_group id="lg-18" display="no" color="cyan">
         <name>.int10</name>
         <load_address>0xfff4</load_address>
         <run_address>0xfff4</run_address>
         <size>0x2</size>
         <contents>
            <object_component_ref idref="oc-2e"/>
         </contents>
      </logical_group>
      <logical_group id="lg-19" display="no" color="cyan">
         <name>.int11</name>
         <run_address>0x0</run_address>
         <size>0x0</size>
         <contents>
         </contents>
      </logical_group>
      <logical_group id="lg-1a" display="no" color="cyan">
         <name>.int12</name>
         <run_address>0x0</run_address>
         <size>0x0</size>
         <contents>
         </contents>
      </logical_group>
      <logical_group id="lg-1b" display="no" color="cyan">
         <name>.int13</name>
         <run_address>0x0</run_address>
         <size>0x0</size>
         <contents>
         </contents>
      </logical_group>
      <logical_group id="lg-1c" display="no" color="cyan">
         <name>.int14</name>
         <run_address>0x0</run_address>
         <size>0x0</size>
         <contents>
         </contents>
      </logical_group>
      <logical_group id="lg-1d" display="no" color="cyan">
         <name>.reset</name>
         <load_address>0xfffe</load_address>
         <run_address>0xfffe</run_address>
         <size>0x2</size>
         <contents>
            <object_component_ref idref="oc-35"/>
         </contents>
      </logical_group>
      <logical_group id="lg-95" display="never" color="cyan">
         <name>.debug_info</name>
         <load_address>0x0</load_address>
         <run_address>0x0</run_address>
         <size>0x2c5b</size>
         <contents>
            <object_component_ref idref="oc-1f"/>
            <object_component_ref idref="oc-24"/>
            <object_component_ref idref="oc-28"/>
            <object_component_ref idref="oc-2d"/>
            <object_component_ref idref="oc-33"/>
            <object_component_ref idref="oc-39"/>
            <object_component_ref idref="oc-3d"/>
            <object_component_ref idref="oc-41"/>
            <object_component_ref idref="oc-46"/>
            <object_component_ref idref="oc-49"/>
            <object_component_ref idref="oc-4c"/>
            <object_component_ref idref="oc-51"/>
            <object_component_ref idref="oc-54"/>
            <object_component_ref idref="oc-59"/>
            <object_component_ref idref="oc-5c"/>
            <object_component_ref idref="oc-61"/>
            <object_component_ref idref="oc-65"/>
            <object_component_ref idref="oc-69"/>
            <object_component_ref idref="oc-9f"/>
         </contents>
      </logical_group>
      <logical_group id="lg-97" display="never" color="cyan">
         <name>.debug_frame</name>
         <load_address>0x0</load_address>
         <run_address>0x0</run_address>
         <size>0x3c9</size>
         <contents>
            <object_component_ref idref="oc-20"/>
            <object_component_ref idref="oc-2a"/>
            <object_component_ref idref="oc-2f"/>
            <object_component_ref idref="oc-36"/>
            <object_component_ref idref="oc-3a"/>
            <object_component_ref idref="oc-3e"/>
            <object_component_ref idref="oc-42"/>
            <object_component_ref idref="oc-4d"/>
            <object_component_ref idref="oc-55"/>
            <object_component_ref idref="oc-5d"/>
            <object_component_ref idref="oc-62"/>
            <object_component_ref idref="oc-66"/>
            <object_component_ref idref="oc-6a"/>
         </contents>
      </logical_group>
      <logical_group id="lg-99" display="never" color="cyan">
         <name>.debug_line</name>
         <load_address>0x0</load_address>
         <run_address>0x0</run_address>
         <size>0x5ba</size>
         <contents>
            <object_component_ref idref="oc-21"/>
            <object_component_ref idref="oc-2b"/>
            <object_component_ref idref="oc-30"/>
            <object_component_ref idref="oc-37"/>
            <object_component_ref idref="oc-3b"/>
            <object_component_ref idref="oc-3f"/>
            <object_component_ref idref="oc-43"/>
            <object_component_ref idref="oc-47"/>
            <object_component_ref idref="oc-4a"/>
            <object_component_ref idref="oc-4e"/>
            <object_component_ref idref="oc-52"/>
            <object_component_ref idref="oc-56"/>
            <object_component_ref idref="oc-5a"/>
            <object_component_ref idref="oc-5e"/>
            <object_component_ref idref="oc-63"/>
            <object_component_ref idref="oc-67"/>
            <object_component_ref idref="oc-6b"/>
         </contents>
      </logical_group>
      <logical_group id="lg-9b" display="never" color="cyan">
         <name>.debug_abbrev</name>
         <load_address>0x0</load_address>
         <run_address>0x0</run_address>
         <size>0xb1e</size>
         <contents>
            <object_component_ref idref="oc-22"/>
            <object_component_ref idref="oc-26"/>
            <object_component_ref idref="oc-2c"/>
            <object_component_ref idref="oc-31"/>
            <object_component_ref idref="oc-38"/>
            <object_component_ref idref="oc-3c"/>
            <object_component_ref idref="oc-40"/>
            <object_component_ref idref="oc-44"/>
            <object_component_ref idref="oc-48"/>
            <object_component_ref idref="oc-4b"/>
            <object_component_ref idref="oc-4f"/>
            <object_component_ref idref="oc-53"/>
            <object_component_ref idref="oc-57"/>
            <object_component_ref idref="oc-5b"/>
            <object_component_ref idref="oc-5f"/>
            <object_component_ref idref="oc-64"/>
            <object_component_ref idref="oc-68"/>
            <object_component_ref idref="oc-6c"/>
            <object_component_ref idref="oc-a0"/>
         </contents>
      </logical_group>
   </logical_group_list>
   <placement_map>
      <memory_area display="no" color="green">
         <name>SFR</name>
         <page_id>0x0</page_id>
         <origin>0x0</origin>
         <length>0x10</length>
         <used_space>0x0</used_space>
         <unused_space>0x10</unused_space>
         <attributes>RWIX</attributes>
         <usage_details>
         </usage_details>
      </memory_area>
      <memory_area display="yes" color="green">
         <name>PERIPHERALS_8BIT</name>
         <page_id>0x0</page_id>
         <origin>0x10</origin>
         <length>0xf0</length>
         <used_space>0x0</used_space>
         <unused_space>0xf0</unused_space>
         <attributes>RWIX</attributes>
         <usage_details>
         </usage_details>
      </memory_area>
      <memory_area display="yes" color="green">
         <name>PERIPHERALS_16BIT</name>
         <page_id>0x0</page_id>
         <origin>0x100</origin>
         <length>0x100</length>
         <used_space>0x0</used_space>
         <unused_space>0x100</unused_space>
         <attributes>RWIX</attributes>
         <usage_details>
         </usage_details>
      </memory_area>
      <memory_area display="yes" color="green">
         <name>RAM</name>
         <page_id>0x0</page_id>
         <origin>0x200</origin>
         <length>0x200</length>
         <used_space>0x5c</used_space>
         <unused_space>0x1a4</unused_space>
         <attributes>RWIX</attributes>
         <usage_details>
            <allocated_space>
               <start_address>0x200</start_address>
               <size>0xc</size>
               <logical_group_ref idref="lg-2"/>
            </allocated_space>
            <available_space>
               <start_address>0x20c</start_address>
               <size>0x1a4</size>
            </available_space>
            <allocated_space>
               <start_address>0x3b0</start_address>
               <size>0x50</size>
               <logical_group_ref idref="lg-4"/>
            </allocated_space>
         </usage_details>
      </memory_area>
      <memory_area display="no" color="green">
         <name>INFOD</name>
         <page_id>0x0</page_id>
         <origin>0x1000</origin>
         <length>0x40</length>
         <used_space>0x0</used_space>
         <unused_space>0x40</unused_space>
         <attributes>RWIX</attributes>
         <usage_details>
         </usage_details>
      </memory_area>
      <memory_area display="no" color="green">
         <name>INFOC</name>
         <page_id>0x0</page_id>
         <origin>0x1040</origin>
         <length>0x40</length>
         <used_space>0x0</used_space>
         <unused_space>0x40</unused_space>
         <attributes>RWIX</attributes>
         <usage_details>
         </usage_details>
      </memory_area>
      <memory_area display="no" color="green">
         <name>INFOB</name>
         <page_id>0x0</page_id>
         <origin>0x1080</origin>
         <length>0x40</length>
         <used_space>0x0</used_space>
         <unused_space>0x40</unused_space>
         <attributes>RWIX</attributes>
         <usage_details>
         </usage_details>
      </memory_area>
      <memory_area display="no" color="green">
         <name>INFOA</name>
         <page_id>0x0</page_id>
         <origin>0x10c0</origin>
         <length>0x40</length>
         <used_space>0x0</used_space>
         <unused_space>0x40</unused_space>
         <attributes>RWIX</attributes>
         <usage_details>
         </usage_details>
      </memory_area>
      <memory_area display="yes" color="green">
         <name>FLASH</name>
         <page_id>0x0</page_id>
         <origin>0xc000</origin>
         <length>0x3fe0</length>
         <used_space>0x4c0</used_space>
         <unused_space>0x3b20</unused_space>
         <attributes>RWIX</attributes>
         <usage_details>
            <allocated_space>
               <start_address>0xc000</start_address>
               <size>0x4b2</size>
               <logical_group_ref idref="lg-5"/>
            </allocated_space>
            <allocated_space>
               <start_address>0xc4b2</start_address>
               <size>0xe</size>
               <logical_group_ref idref="lg-6"/>
            </allocated_space>
            <available_space>
               <start_address>0xc4c0</start_address>
               <size>0x3b20</size>
            </available_space>
         </usage_details>
      </memory_area>
      <memory_area display="no" color="green">
         <name>INT00</name>
         <page_id>0x0</page_id>
         <origin>0xffe0</origin>
         <length>0x2</length>
         <used_space>0x0</used_space>
         <unused_space>0x2</unused_space>
         <attributes>RWIX</attributes>
         <usage_details>
         </usage_details>
      </memory_area>
      <memory_area display="no" color="green">
         <name>INT01</name>
         <page_id>0x0</page_id>
         <origin>0xffe2</origin>
         <length>0x2</length>
         <used_space>0x0</used_space>
         <unused_space>0x2</unused_space>
         <attributes>RWIX</attributes>
         <usage_details>
         </usage_details>
      </memory_area>
      <memory_area display="no" color="green">
         <name>INT02</name>
         <page_id>0x0</page_id>
         <origin>0xffe4</origin>
         <length>0x2</length>
         <used_space>0x0</used_space>
         <unused_space>0x2</unused_space>
         <attributes>RWIX</attributes>
         <usage_details>
         </usage_details>
      </memory_area>
      <memory_area display="no" color="green">
         <name>INT03</name>
         <page_id>0x0</page_id>
         <origin>0xffe6</origin>
         <length>0x2</length>
         <used_space>0x0</used_space>
         <unused_space>0x2</unused_space>
         <attributes>RWIX</attributes>
         <usage_details>
         </usage_details>
      </memory_area>
      <memory_area display="no" color="green">
         <name>INT04</name>
         <page_id>0x0</page_id>
         <origin>0xffe8</origin>
         <length>0x2</length>
         <used_space>0x0</used_space>
         <unused_space>0x2</unused_space>
         <attributes>RWIX</attributes>
         <usage_details>
         </usage_details>
      </memory_area>
      <memory_area display="no" color="green">
         <name>INT05</name>
         <page_id>0x0</page_id>
         <origin>0xffea</origin>
         <length>0x2</length>
         <used_space>0x0</used_space>
         <unused_space>0x2</unused_space>
         <attributes>RWIX</attributes>
         <usage_details>
         </usage_details>
      </memory_area>
      <memory_area display="no" color="green">
         <name>INT06</name>
         <page_id>0x0</page_id>
         <origin>0xffec</origin>
         <length>0x2</length>
         <used_space>0x0</used_space>
         <unused_space>0x2</unused_space>
         <attributes>RWIX</attributes>
         <usage_details>
         </usage_details>
      </memory_area>
      <memory_area display="no" color="green">
         <name>INT07</name>
         <page_id>0x0</page_id>
         <origin>0xffee</origin>
         <length>0x2</length>
         <used_space>0x0</used_space>
         <unused_space>0x2</unused_space>
         <attributes>RWIX</attributes>
         <usage_details>
         </usage_details>
      </memory_area>
      <memory_area display="no" color="green">
         <name>INT08</name>
         <page_id>0x0</page_id>
         <origin>0xfff0</origin>
         <length>0x2</length>
         <used_space>0x0</used_space>
         <unused_space>0x2</unused_space>
         <attributes>RWIX</attributes>
         <usage_details>
         </usage_details>
      </memory_area>
      <memory_area display="no" color="green">
         <name>INT09</name>
         <page_id>0x0</page_id>
         <origin>0xfff2</origin>
         <length>0x2</length>
         <used_space>0x0</used_space>
         <unused_space>0x2</unused_space>
         <attributes>RWIX</attributes>
         <usage_details>
         </usage_details>
      </memory_area>
      <memory_area display="no" color="green">
         <name>INT10</name>
         <page_id>0x0</page_id>
         <origin>0xfff4</origin>
         <length>0x2</length>
         <used_space>0x2</used_space>
         <unused_space>0x0</unused_space>
         <attributes>RWIX</attributes>
         <usage_details>
            <allocated_space>
               <start_address>0xfff4</start_address>
               <size>0x2</size>
               <logical_group_ref idref="lg-18"/>
            </allocated_space>
         </usage_details>
      </memory_area>
      <memory_area display="no" color="green">
         <name>INT11</name>
         <page_id>0x0</page_id>
         <origin>0xfff6</origin>
         <length>0x2</length>
         <used_space>0x0</used_space>
         <unused_space>0x2</unused_space>
         <attributes>RWIX</attributes>
         <usage_details>
         </usage_details>
      </memory_area>
      <memory_area display="no" color="green">
         <name>INT12</name>
         <page_id>0x0</page_id>
         <origin>0xfff8</origin>
         <length>0x2</length>
         <used_space>0x0</used_space>
         <unused_space>0x2</unused_space>
         <attributes>RWIX</attributes>
         <usage_details>
         </usage_details>
      </memory_area>
      <memory_area display="no" color="green">
         <name>INT13</name>
         <page_id>0x0</page_id>
         <origin>0xfffa</origin>
         <length>0x2</length>
         <used_space>0x0</used_space>
         <unused_space>0x2</unused_space>
         <attributes>RWIX</attributes>
         <usage_details>
         </usage_details>
      </memory_area>
      <memory_area display="no" color="green">
         <name>INT14</name>
         <page_id>0x0</page_id>
         <origin>0xfffc</origin>
         <length>0x2</length>
         <used_space>0x0</used_space>
         <unused_space>0x2</unused_space>
         <attributes>RWIX</attributes>
         <usage_details>
         </usage_details>
      </memory_area>
      <memory_area display="no" color="green">
         <name>RESET</name>
         <page_id>0x0</page_id>
         <origin>0xfffe</origin>
         <length>0x2</length>
         <used_space>0x2</used_space>
         <unused_space>0x0</unused_space>
         <attributes>RWIX</attributes>
         <usage_details>
            <allocated_space>
               <start_address>0xfffe</start_address>
               <size>0x2</size>
               <logical_group_ref idref="lg-1d"/>
            </allocated_space>
         </usage_details>
      </memory_area>
   </placement_map>
   <symbol_table>
      <symbol id="sm-0">
         <name>IE1</name>
         <value>0x0</value>
      </symbol>
      <symbol id="sm-1">
         <name>IFG1</name>
         <value>0x2</value>
      </symbol>
      <symbol id="sm-2">
         <name>IE2</name>
         <value>0x1</value>
      </symbol>
      <symbol id="sm-3">
         <name>IFG2</name>
         <value>0x3</value>
      </symbol>
      <symbol id="sm-4">
         <name>ADC10DTC0</name>
         <value>0x48</value>
      </symbol>
      <symbol id="sm-5">
         <name>ADC10DTC1</name>
         <value>0x49</value>
      </symbol>
      <symbol id="sm-6">
         <name>ADC10AE0</name>
         <value>0x4a</value>
      </symbol>
      <symbol id="sm-7">
         <name>ADC10CTL0</name>
         <value>0x1b0</value>
      </symbol>
      <symbol id="sm-8">
         <name>ADC10CTL1</name>
         <value>0x1b2</value>
      </symbol>
      <symbol id="sm-9">
         <name>ADC10MEM</name>
         <value>0x1b4</value>
      </symbol>
      <symbol id="sm-a">
         <name>ADC10SA</name>
         <value>0x1bc</value>
      </symbol>
      <symbol id="sm-b">
         <name>DCOCTL</name>
         <value>0x56</value>
      </symbol>
      <symbol id="sm-c">
         <name>BCSCTL1</name>
         <value>0x57</value>
      </symbol>
      <symbol id="sm-d">
         <name>BCSCTL2</name>
         <value>0x58</value>
      </symbol>
      <symbol id="sm-e">
         <name>BCSCTL3</name>
         <value>0x53</value>
      </symbol>
      <symbol id="sm-f">
         <name>CACTL1</name>
         <value>0x59</value>
      </symbol>
      <symbol id="sm-10">
         <name>CACTL2</name>
         <value>0x5a</value>
      </symbol>
      <symbol id="sm-11">
         <name>CAPD</name>
         <value>0x5b</value>
      </symbol>
      <symbol id="sm-12">
         <name>FCTL1</name>
         <value>0x128</value>
      </symbol>
      <symbol id="sm-13">
         <name>FCTL2</name>
         <value>0x12a</value>
      </symbol>
      <symbol id="sm-14">
         <name>FCTL3</name>
         <value>0x12c</value>
      </symbol>
      <symbol id="sm-15">
         <name>P1IN</name>
         <value>0x20</value>
      </symbol>
      <symbol id="sm-16">
         <name>P1OUT</name>
         <value>0x21</value>
      </symbol>
      <symbol id="sm-17">
         <name>P1DIR</name>
         <value>0x22</value>
      </symbol>
      <symbol id="sm-18">
         <name>P1IFG</name>
         <value>0x23</value>
      </symbol>
      <symbol id="sm-19">
         <name>P1IES</name>
         <value>0x24</value>
      </symbol>
      <symbol id="sm-1a">
         <name>P1IE</name>
         <value>0x25</value>
      </symbol>
      <symbol id="sm-1b">
         <name>P1SEL</name>
         <value>0x26</value>
      </symbol>
      <symbol id="sm-1c">
         <name>P1SEL2</name>
         <value>0x41</value>
      </symbol>
      <symbol id="sm-1d">
         <name>P1REN</name>
         <value>0x27</value>
      </symbol>
      <symbol id="sm-1e">
         <name>P2IN</name>
         <value>0x28</value>
      </symbol>
      <symbol id="sm-1f">
         <name>P2OUT</name>
         <value>0x29</value>
      </symbol>
      <symbol id="sm-20">
         <name>P2DIR</name>
         <value>0x2a</value>
      </symbol>
      <symbol id="sm-21">
         <name>P2IFG</name>
         <value>0x2b</value>
      </symbol>
      <symbol id="sm-22">
         <name>P2IES</name>
         <value>0x2c</value>
      </symbol>
      <symbol id="sm-23">
         <name>P2IE</name>
         <value>0x2d</value>
      </symbol>
      <symbol id="sm-24">
         <name>P2SEL</name>
         <value>0x2e</value>
      </symbol>
      <symbol id="sm-25">
         <name>P2SEL2</name>
         <value>0x42</value>
      </symbol>
      <symbol id="sm-26">
         <name>P2REN</name>
         <value>0x2f</value>
      </symbol>
      <symbol id="sm-27">
         <name>P3IN</name>
         <value>0x18</value>
      </symbol>
      <symbol id="sm-28">
         <name>P3OUT</name>
         <value>0x19</value>
      </symbol>
      <symbol id="sm-29">
         <name>P3DIR</name>
         <value>0x1a</value>
      </symbol>
      <symbol id="sm-2a">
         <name>P3SEL</name>
         <value>0x1b</value>
      </symbol>
      <symbol id="sm-2b">
         <name>P3SEL2</name>
         <value>0x43</value>
      </symbol>
      <symbol id="sm-2c">
         <name>P3REN</name>
         <value>0x10</value>
      </symbol>
      <symbol id="sm-2d">
         <name>TA0IV</name>
         <value>0x12e</value>
      </symbol>
      <symbol id="sm-2e">
         <name>TA0CTL</name>
         <value>0x160</value>
      </symbol>
      <symbol id="sm-2f">
         <name>TA0CCTL0</name>
         <value>0x162</value>
      </symbol>
      <symbol id="sm-30">
         <name>TA0CCTL1</name>
         <value>0x164</value>
      </symbol>
      <symbol id="sm-31">
         <name>TA0CCTL2</name>
         <value>0x166</value>
      </symbol>
      <symbol id="sm-32">
         <name>TA0R</name>
         <value>0x170</value>
      </symbol>
      <symbol id="sm-33">
         <name>TA0CCR0</name>
         <value>0x172</value>
      </symbol>
      <symbol id="sm-34">
         <name>TA0CCR1</name>
         <value>0x174</value>
      </symbol>
      <symbol id="sm-35">
         <name>TA0CCR2</name>
         <value>0x176</value>
      </symbol>
      <symbol id="sm-36">
         <name>TA1IV</name>
         <value>0x11e</value>
      </symbol>
      <symbol id="sm-37">
         <name>TA1CTL</name>
         <value>0x180</value>
      </symbol>
      <symbol id="sm-38">
         <name>TA1CCTL0</name>
         <value>0x182</value>
      </symbol>
      <symbol id="sm-39">
         <name>TA1CCTL1</name>
         <value>0x184</value>
      </symbol>
      <symbol id="sm-3a">
         <name>TA1CCTL2</name>
         <value>0x186</value>
      </symbol>
      <symbol id="sm-3b">
         <name>TA1R</name>
         <value>0x190</value>
      </symbol>
      <symbol id="sm-3c">
         <name>TA1CCR0</name>
         <value>0x192</value>
      </symbol>
      <symbol id="sm-3d">
         <name>TA1CCR1</name>
         <value>0x194</value>
      </symbol>
      <symbol id="sm-3e">
         <name>TA1CCR2</name>
         <value>0x196</value>
      </symbol>
      <symbol id="sm-3f">
         <name>UCA0CTL0</name>
         <value>0x60</value>
      </symbol>
      <symbol id="sm-40">
         <name>UCA0CTL1</name>
         <value>0x61</value>
      </symbol>
      <symbol id="sm-41">
         <name>UCA0BR0</name>
         <value>0x62</value>
      </symbol>
      <symbol id="sm-42">
         <name>UCA0BR1</name>
         <value>0x63</value>
      </symbol>
      <symbol id="sm-43">
         <name>UCA0MCTL</name>
         <value>0x64</value>
      </symbol>
      <symbol id="sm-44">
         <name>UCA0STAT</name>
         <value>0x65</value>
      </symbol>
      <symbol id="sm-45">
         <name>UCA0RXBUF</name>
         <value>0x66</value>
      </symbol>
      <symbol id="sm-46">
         <name>UCA0TXBUF</name>
         <value>0x67</value>
      </symbol>
      <symbol id="sm-47">
         <name>UCA0ABCTL</name>
         <value>0x5d</value>
      </symbol>
      <symbol id="sm-48">
         <name>UCA0IRTCTL</name>
         <value>0x5e</value>
      </symbol>
      <symbol id="sm-49">
         <name>UCA0IRRCTL</name>
         <value>0x5f</value>
      </symbol>
      <symbol id="sm-4a">
         <name>UCB0CTL0</name>
         <value>0x68</value>
      </symbol>
      <symbol id="sm-4b">
         <name>UCB0CTL1</name>
         <value>0x69</value>
      </symbol>
      <symbol id="sm-4c">
         <name>UCB0BR0</name>
         <value>0x6a</value>
      </symbol>
      <symbol id="sm-4d">
         <name>UCB0BR1</name>
         <value>0x6b</value>
      </symbol>
      <symbol id="sm-4e">
         <name>UCB0I2CIE</name>
         <value>0x6c</value>
      </symbol>
      <symbol id="sm-4f">
         <name>UCB0STAT</name>
         <value>0x6d</value>
      </symbol>
      <symbol id="sm-50">
         <name>UCB0RXBUF</name>
         <value>0x6e</value>
      </symbol>
      <symbol id="sm-51">
         <name>UCB0TXBUF</name>
         <value>0x6f</value>
      </symbol>
      <symbol id="sm-52">
         <name>UCB0I2COA</name>
         <value>0x118</value>
      </symbol>
      <symbol id="sm-53">
         <name>UCB0I2CSA</name>
         <value>0x11a</value>
      </symbol>
      <symbol id="sm-54">
         <name>WDTCTL</name>
         <value>0x120</value>
      </symbol>
      <symbol id="sm-55">
         <name>CALDCO_16MHZ</name>
         <value>0x10f8</value>
      </symbol>
      <symbol id="sm-56">
         <name>CALBC1_16MHZ</name>
         <value>0x10f9</value>
      </symbol>
      <symbol id="sm-57">
         <name>CALDCO_12MHZ</name>
         <value>0x10fa</value>
      </symbol>
      <symbol id="sm-58">
         <name>CALBC1_12MHZ</name>
         <value>0x10fb</value>
      </symbol>
      <symbol id="sm-59">
         <name>CALDCO_8MHZ</name>
         <value>0x10fc</value>
      </symbol>
      <symbol id="sm-5a">
         <name>CALBC1_8MHZ</name>
         <value>0x10fd</value>
      </symbol>
      <symbol id="sm-5b">
         <name>CALDCO_1MHZ</name>
         <value>0x10fe</value>
      </symbol>
      <symbol id="sm-5c">
         <name>CALBC1_1MHZ</name>
         <value>0x10ff</value>
      </symbol>
      <symbol id="sm-5d">
         <name>cinit</name>
         <value>0xc4b2</value>
      </symbol>
      <symbol id="sm-5e">
         <name>__cinit__</name>
         <value>0xc4b2</value>
      </symbol>
      <symbol id="sm-5f">
         <name>pinit</name>
         <value>0xffffffff</value>
      </symbol>
      <symbol id="sm-60">
         <name>__pinit__</name>
         <value>0xffffffff</value>
      </symbol>
      <symbol id="sm-61">
         <name>binit</name>
         <value>0xffffffff</value>
      </symbol>
      <symbol id="sm-62">
         <name>__binit__</name>
         <value>0xffffffff</value>
      </symbol>
      <symbol id="sm-63">
         <name>__STACK_SIZE</name>
         <value>0x50</value>
      </symbol>
      <symbol id="sm-64">
         <name>__STACK_END</name>
         <value>0x400</value>
      </symbol>
      <symbol id="sm-65">
         <name>__c_args__</name>
         <value>0xffffffff</value>
      </symbol>
      <symbol id="sm-66">
         <name>.text</name>
         <value>0xc000</value>
      </symbol>
      <symbol id="sm-67">
         <name>__text__</name>
         <value>0xc000</value>
      </symbol>
      <symbol id="sm-68">
         <name>etext</name>
         <value>0xc4b2</value>
      </symbol>
      <symbol id="sm-69">
         <name>__etext__</name>
         <value>0xc4b2</value>
      </symbol>
      <symbol id="sm-6a">
         <name>.bss</name>
         <value>0x200</value>
      </symbol>
      <symbol id="sm-6b">
         <name>__bss__</name>
         <value>0x200</value>
      </symbol>
      <symbol id="sm-6c">
         <name>end</name>
         <value>0x20c</value>
      </symbol>
      <symbol id="sm-6d">
         <name>__end__</name>
         <value>0x20c</value>
      </symbol>
      <symbol id="sm-e3">
         <name>TA0_PWM_Init</name>
         <value>0xc000</value>
         <object_component_ref idref="oc-75"/>
      </symbol>
      <symbol id="sm-e4">
         <name>TA0_PWM_SetPeriod</name>
         <value>0xc4a0</value>
         <object_component_ref idref="oc-76"/>
      </symbol>
      <symbol id="sm-e5">
         <name>TA0_PWM_SetPermill</name>
         <value>0xc186</value>
         <object_component_ref idref="oc-78"/>
      </symbol>
      <symbol id="sm-ef">
         <name>Bright</name>
         <value>0x20a</value>
         <object_component_ref idref="oc-23"/>
      </symbol>
      <symbol id="sm-100">
         <name>WDT_Ontime</name>
         <value>0xc3b8</value>
         <object_component_ref idref="oc-77"/>
      </symbol>
      <symbol id="sm-10e">
         <name>WDT_ISR</name>
         <value>0xc464</value>
         <object_component_ref idref="oc-72"/>
      </symbol>
      <symbol id="sm-10f">
         <name>__TI_int10</name>
         <value>0xfff4</value>
         <object_component_ref idref="oc-2e"/>
      </symbol>
      <symbol id="sm-110">
         <name>main</name>
         <value>0xc3e8</value>
         <object_component_ref idref="oc-70"/>
      </symbol>
      <symbol id="sm-121">
         <name>_c_int00_noexit</name>
         <value>0xc418</value>
         <object_component_ref idref="oc-1e"/>
      </symbol>
      <symbol id="sm-122">
         <name>_c_int00</name>
         <value>0xc418</value>
         <object_component_ref idref="oc-1e"/>
      </symbol>
      <symbol id="sm-123">
         <name>_stack</name>
         <value>0x3b0</value>
         <object_component_ref idref="oc-34"/>
      </symbol>
      <symbol id="sm-124">
         <name>__TI_dtors_ptr</name>
         <value>0x206</value>
         <object_component_ref idref="oc-32"/>
      </symbol>
      <symbol id="sm-125">
         <name>__TI_cleanup_ptr</name>
         <value>0x204</value>
         <object_component_ref idref="oc-32"/>
      </symbol>
      <symbol id="sm-126">
         <name>_reset_vector</name>
         <value>0xfffe</value>
         <object_component_ref idref="oc-35"/>
      </symbol>
      <symbol id="sm-149">
         <name>__divul</name>
         <value>0xc2cc</value>
         <object_component_ref idref="oc-45"/>
      </symbol>
      <symbol id="sm-14a">
         <name>__remul</name>
         <value>0xc2cc</value>
         <object_component_ref idref="oc-45"/>
      </symbol>
      <symbol id="sm-153">
         <name>func_epilog_1</name>
         <value>0xc49c</value>
         <object_component_ref idref="oc-74"/>
      </symbol>
      <symbol id="sm-154">
         <name>func_epilog_2</name>
         <value>0xc49a</value>
         <object_component_ref idref="oc-74"/>
      </symbol>
      <symbol id="sm-155">
         <name>func_epilog_3</name>
         <value>0xc498</value>
         <object_component_ref idref="oc-74"/>
      </symbol>
      <symbol id="sm-156">
         <name>func_epilog_4</name>
         <value>0xc496</value>
         <object_component_ref idref="oc-74"/>
      </symbol>
      <symbol id="sm-157">
         <name>func_epilog_5</name>
         <value>0xc494</value>
         <object_component_ref idref="oc-74"/>
      </symbol>
      <symbol id="sm-158">
         <name>func_epilog_6</name>
         <value>0xc492</value>
         <object_component_ref idref="oc-74"/>
      </symbol>
      <symbol id="sm-159">
         <name>func_epilog_7</name>
         <value>0xc490</value>
         <object_component_ref idref="oc-74"/>
      </symbol>
      <symbol id="sm-164">
         <name>C$$EXIT</name>
         <value>0xc4ac</value>
         <object_component_ref idref="oc-71"/>
      </symbol>
      <symbol id="sm-165">
         <name>abort</name>
         <value>0xc4ac</value>
         <object_component_ref idref="oc-71"/>
      </symbol>
      <symbol id="sm-166">
         <name>__TI_exit</name>
         <value>0x1</value>
      </symbol>
      <symbol id="sm-16e">
         <name>I_LSR</name>
         <value>0xc324</value>
         <object_component_ref idref="oc-50"/>
      </symbol>
      <symbol id="sm-16f">
         <name>I_LSR_12</name>
         <value>0xc33e</value>
         <object_component_ref idref="oc-50"/>
      </symbol>
      <symbol id="sm-170">
         <name>I_LSR_13</name>
         <value>0xc33a</value>
         <object_component_ref idref="oc-50"/>
      </symbol>
      <symbol id="sm-171">
         <name>I_LSR_10</name>
         <value>0xc346</value>
         <object_component_ref idref="oc-50"/>
      </symbol>
      <symbol id="sm-172">
         <name>I_LSR_11</name>
         <value>0xc342</value>
         <object_component_ref idref="oc-50"/>
      </symbol>
      <symbol id="sm-173">
         <name>I_LSR_14</name>
         <value>0xc336</value>
         <object_component_ref idref="oc-50"/>
      </symbol>
      <symbol id="sm-174">
         <name>I_LSR_15</name>
         <value>0xc332</value>
         <object_component_ref idref="oc-50"/>
      </symbol>
      <symbol id="sm-175">
         <name>I_LSR_3</name>
         <value>0xc362</value>
         <object_component_ref idref="oc-50"/>
      </symbol>
      <symbol id="sm-176">
         <name>I_LSR_2</name>
         <value>0xc366</value>
         <object_component_ref idref="oc-50"/>
      </symbol>
      <symbol id="sm-177">
         <name>I_LSR_1</name>
         <value>0xc36a</value>
         <object_component_ref idref="oc-50"/>
      </symbol>
      <symbol id="sm-178">
         <name>I_LSR_7</name>
         <value>0xc352</value>
         <object_component_ref idref="oc-50"/>
      </symbol>
      <symbol id="sm-179">
         <name>I_LSR_6</name>
         <value>0xc356</value>
         <object_component_ref idref="oc-50"/>
      </symbol>
      <symbol id="sm-17a">
         <name>I_LSR_5</name>
         <value>0xc35a</value>
         <object_component_ref idref="oc-50"/>
      </symbol>
      <symbol id="sm-17b">
         <name>I_LSR_4</name>
         <value>0xc35e</value>
         <object_component_ref idref="oc-50"/>
      </symbol>
      <symbol id="sm-17c">
         <name>I_LSR_9</name>
         <value>0xc34a</value>
         <object_component_ref idref="oc-50"/>
      </symbol>
      <symbol id="sm-17d">
         <name>I_LSR_8</name>
         <value>0xc34e</value>
         <object_component_ref idref="oc-50"/>
      </symbol>
      <symbol id="sm-189">
         <name>memcpy</name>
         <value>0xc47e</value>
         <object_component_ref idref="oc-73"/>
      </symbol>
      <symbol id="sm-193">
         <name>__mpyl</name>
         <value>0xc43e</value>
         <object_component_ref idref="oc-58"/>
      </symbol>
      <symbol id="sm-19d">
         <name>_system_pre_init</name>
         <value>0xc4a8</value>
         <object_component_ref idref="oc-6e"/>
      </symbol>
      <symbol id="sm-1a9">
         <name>_nop</name>
         <value>0xc4b0</value>
         <object_component_ref idref="oc-6d"/>
      </symbol>
      <symbol id="sm-1aa">
         <name>_lock</name>
         <value>0x200</value>
         <object_component_ref idref="oc-60"/>
      </symbol>
      <symbol id="sm-1ab">
         <name>_unlock</name>
         <value>0x202</value>
         <object_component_ref idref="oc-60"/>
      </symbol>
      <symbol id="sm-1b3">
         <name>__TI_args_main</name>
         <value>0x1</value>
      </symbol>
      <symbol id="sm-1c3">
         <name>_auto_init</name>
         <value>0xc370</value>
         <object_component_ref idref="oc-6f"/>
      </symbol>
      <symbol id="sm-1c4">
         <name>__TI_auto_init</name>
         <value>0x1</value>
      </symbol>
   </symbol_table>
   <title>Link successful</title>
</link_info>
