################################################################################
#                                                                              #
#      IAR Universal Linker V6.4.6.89                                          #
#                                                                              #
#           Link time     =  29/Jun/2017  21:21:39                             #
#           Target CPU    =  MSP430                                            #
#           List file     =  F:\µÁ…Ë\g2553\g2553_03.52553 ±÷”£¨ π”√Õ‚≤øæß’Ò£¨º #
#                            ‰∏Ù“ª√Î…¡À∏°£\Debug\List\ledtest.map              #
#           Output file 1 =  F:\µÁ…Ë\g2553\g2553_03.52553 ±÷”£¨ π”√Õ‚≤øæß’Ò£¨º #
#                            ‰∏Ù“ª√Î…¡À∏°£\Debug\Exe\ledtest.d43               #
#                            Format: ubrof10                                   #
#                            UBROF version 10.0.6                              #
#                            Using library modules for C-SPY (-rt)             #
#           Command line  =  F:\µÁ…Ë\g2553\g2553_03.52553 ±÷”£¨ π”√Õ‚≤øæß’Ò£¨º #
#                            ‰∏Ù“ª√Î…¡À∏°£\Debug\Obj\main.r43                  #
#                            -o                                                #
#                            F:\µÁ…Ë\g2553\g2553_03.52553 ±÷”£¨ π”√Õ‚≤øæß’Ò£¨º #
#                            ‰∏Ù“ª√Î…¡À∏°£\Debug\Exe\ledtest.d43               #
#                            -l                                                #
#                            F:\µÁ…Ë\g2553\g2553_03.52553 ±÷”£¨ π”√Õ‚≤øæß’Ò£¨º #
#                            ‰∏Ù“ª√Î…¡À∏°£\Debug\List\ledtest.map              #
#                            -xms -IE:\IAR\430\LIB\ -f                         #
#                            E:\IAR\430\config\linker\lnk430g2553.xcl          #
#                            (-cmsp430 -QCODE_I=CODE_ID -QTLS16_I=TLS16_ID     #
#                            -Z(CONST)INFO=1000-10FF                           #
#                            -Z(CONST)INFOA=10C0-10FF                          #
#                            -Z(CONST)INFOB=1080-10BF                          #
#                            -Z(CONST)INFOC=1040-107F                          #
#                            -Z(CONST)INFOD=1000-103F                          #
#                            -Z(DATA)DATA16_I,DATA16_Z,DATA16_N,TLS16_I=0200-0 #
#                            3FF                                               #
#                            -Z(DATA)DATA16_HEAP+_DATA16_HEAP_SIZE             #
#                            -Z(DATA)CODE_I -Z(DATA)CSTACK+_STACK_SIZE#        #
#                            -Z(CONST)DATA16_C,DATA16_ID,TLS16_ID,DIFUNCT,CHEC #
#                            KSUM=C000-FFDD                                    #
#                            -Z(CODE)CSTART,ISR_CODE,CODE_ID=C000-FFDD         #
#                            -P(CODE)CODE=C000-FFDD                            #
#                            -Z(CONST)SIGNATURE=FFDE-FFDF                      #
#                            -Z(CODE)INTVEC=FFE0-FFFF                          #
#                            -Z(CODE)RESET=FFFE-FFFF) -D_STACK_SIZE=50 -rt     #
#                            E:\IAR\430\lib\dlib\dl430fn.r43                   #
#                            -e_PrintfLarge=_Printf -e_ScanfLarge=_Scanf       #
#                            -D_DATA16_HEAP_SIZE=50 -s __program_start         #
#                            -D_DATA20_HEAP_SIZE=50                            #
#                                                                              #
#                           Copyright (C) 1987-2016 IAR Systems AB.            #
################################################################################





                ****************************************
                *                                      *
                *           CROSS REFERENCE            *
                *                                      *
                ****************************************

       Program entry at :           C000  Relocatable, from module : ?cstart




                ****************************************
                *                                      *
                *            RUNTIME MODEL             *
                *                                      *
                ****************************************

  __Heap_Handler             = Basic
  __SystemLibrary            = DLib
  __core                     = 430
  __dlib_file_descriptor     = 0
  __dlib_full_locale_support = 0
  __double_size              = 32
  __pic                      = no
  __reg_r4                   = free
  __reg_r5                   = free
  __rt_version               = 3

                ****************************************
                *                                      *
                *    AUTOMATIC SYMBOL REDIRECTIONS     *
                *                                      *
                ****************************************

                  There are no automatic symbol redirections.



                ****************************************
                *                                      *
                *              MODULE MAP              *
                *                                      *
                ****************************************


  DEFINED ABSOLUTE ENTRIES
    *************************************************************************

  DEFINED ABSOLUTE ENTRIES
  PROGRAM MODULE, NAME : ?ABS_ENTRY_MOD

Absolute parts
           ENTRY                   ADDRESS         REF BY
           =====                   =======         ======
           _DATA20_HEAP_SIZE       0050 
           _DATA16_HEAP_SIZE       0050 
           _STACK_SIZE             0050 
    *************************************************************************

  FILE NAME : F:\µÁ…Ë\g2553\g2553_03.52553 ±÷”£¨ π”√Õ‚≤øæß’Ò£¨º‰∏Ù“ª√Î…¡À∏°£\Debug\Obj\main.r43
  PROGRAM MODULE, NAME : main

  SEGMENTS IN THE MODULE
  ======================
DATA16_AN
  Relative segment, address: 0056 - 0056 (0x1 bytes), align: 0
  Segment part 1. ROOT        Intra module refs:   main
           ENTRY                   ADDRESS         REF BY
           =====                   =======         ======
           DCOCTL                  0056 
    -------------------------------------------------------------------------
DATA16_AN
  Relative segment, address: 0057 - 0057 (0x1 bytes), align: 0
  Segment part 2. ROOT        Intra module refs:   main
           ENTRY                   ADDRESS         REF BY
           =====                   =======         ======
           BCSCTL1                 0057 
    -------------------------------------------------------------------------
DATA16_AN
  Relative segment, address: 0053 - 0053 (0x1 bytes), align: 0
  Segment part 3. ROOT        Intra module refs:   main
           ENTRY                   ADDRESS         REF BY
           =====                   =======         ======
           BCSCTL3                 0053 
    -------------------------------------------------------------------------
DATA16_AN
  Relative segment, address: 0021 - 0021 (0x1 bytes), align: 0
  Segment part 4. ROOT        Intra module refs:   main
                                                   ta10_isr
           ENTRY                   ADDRESS         REF BY
           =====                   =======         ======
           P1OUT                   0021 
    -------------------------------------------------------------------------
DATA16_AN
  Relative segment, address: 0022 - 0022 (0x1 bytes), align: 0
  Segment part 5. ROOT        Intra module refs:   main
           ENTRY                   ADDRESS         REF BY
           =====                   =======         ======
           P1DIR                   0022 
    -------------------------------------------------------------------------
DATA16_AN
  Relative segment, address: 0180 - 0181 (0x2 bytes), align: 0
  Segment part 6. ROOT        Intra module refs:   main
           ENTRY                   ADDRESS         REF BY
           =====                   =======         ======
           TA1CTL                  0180 
    -------------------------------------------------------------------------
DATA16_AN
  Relative segment, address: 0182 - 0183 (0x2 bytes), align: 0
  Segment part 7. ROOT        Intra module refs:   main
           ENTRY                   ADDRESS         REF BY
           =====                   =======         ======
           TA1CCTL0                0182 
    -------------------------------------------------------------------------
DATA16_AN
  Relative segment, address: 0192 - 0193 (0x2 bytes), align: 0
  Segment part 8. ROOT        Intra module refs:   main
           ENTRY                   ADDRESS         REF BY
           =====                   =======         ======
           TA1CCR0                 0192 
    -------------------------------------------------------------------------
DATA16_AN
  Relative segment, address: 0120 - 0121 (0x2 bytes), align: 0
  Segment part 9. ROOT        Intra module refs:   main
           ENTRY                   ADDRESS         REF BY
           =====                   =======         ======
           WDTCTL                  0120 
    -------------------------------------------------------------------------
DATA16_AN
  Relative segment, address: 10FE - 10FE (0x1 bytes), align: 0
  Segment part 10. ROOT       Intra module refs:   main
           ENTRY                   ADDRESS         REF BY
           =====                   =======         ======
           CALDCO_1MHZ             10FE 
    -------------------------------------------------------------------------
DATA16_AN
  Relative segment, address: 10FF - 10FF (0x1 bytes), align: 0
  Segment part 11. ROOT       Intra module refs:   main
           ENTRY                   ADDRESS         REF BY
           =====                   =======         ======
           CALBC1_1MHZ             10FF 
    -------------------------------------------------------------------------
<CODE> 1 (was CODE)
  Relative segment, address: C00C - C047 (0x3c bytes), align: 1
  Segment part 14.
           ENTRY                   ADDRESS         REF BY
           =====                   =======         ======
           main                    C00C            Segment part 18 (?cstart)
    -------------------------------------------------------------------------
<CODE> 1 (was CODE)
  Relative segment, address: C05A - C05F (0x6 bytes), align: 1
  Segment part 15.            Intra module refs:   ta10_isr::??INTVEC 26
           ENTRY                   ADDRESS         REF BY
           =====                   =======         ======
           ta10_isr                C05A 
               interrupt function
    -------------------------------------------------------------------------
INTVEC
  Common segment, address: FFE0 - FFFB (0x1c bytes), align: 1
  Segment part 12. ROOT 
           ENTRY                   ADDRESS         REF BY
           =====                   =======         ======
           ta10_isr::??INTVEC 26   FFFA 

    *************************************************************************

  FILE NAME : E:\IAR\430\lib\dlib\dl430fn.r43
  LIBRARY MODULE, NAME : ?__dbg_break

  SEGMENTS IN THE MODULE
  ======================
<CODE> 1 (was CODE)
  Relative segment, address: C068 - C069 (0x2 bytes), align: 1
  Segment part 2.
           ENTRY                   ADDRESS         REF BY
           =====                   =======         ======
           __DebugBreak            C068            __exit (?__exit)

    -------------------------------------------------------------------------
  LIBRARY MODULE, NAME : ?__exit

  SEGMENTS IN THE MODULE
  ======================
<CODE> 1 (was CODE)
  Relative segment, address: C048 - C059 (0x12 bytes), align: 1
  Segment part 2.
           ENTRY                   ADDRESS         REF BY
           =====                   =======         ======
           __exit                  C048            Segment part 6 (?_exit)
                                                   _exit (?_exit)
               calls direct

    -------------------------------------------------------------------------
  LIBRARY MODULE, NAME : ?_exit

  SEGMENTS IN THE MODULE
  ======================
<CODE> 1 (was CODE)
  Relative segment, address: C060, align: 1
  Segment part 0.
           ENTRY                   ADDRESS         REF BY
           =====                   =======         ======
           _exit                   C060            exit (?exit)
    -------------------------------------------------------------------------
<CODE> 1 (was CODE)
  Relative segment, address: C060 - C063 (0x4 bytes), align: 1
  Segment part 6.             Intra module refs:   _exit

    -------------------------------------------------------------------------
  LIBRARY MODULE, NAME : ?cstart

  SEGMENTS IN THE MODULE
  ======================
CSTACK
  Relative segment, address: 03B0, align: 1
  Segment part 1.
    -------------------------------------------------------------------------
CSTART
  Relative segment, address: C000 - C003 (0x4 bytes), align: 1
  Segment part 9.
           ENTRY                   ADDRESS         REF BY
           =====                   =======         ======
           __program_start         C000            ?reset_vector (?reset_vector)
                                                   Absolute parts (?ABS_ENTRY_MOD)
           ?cstart_begin           C000 
    -------------------------------------------------------------------------
CSTART
  Relative segment, address: C004 - C00B (0x8 bytes), align: 1
  Segment part 18.            Intra module refs:   Segment part 9
           ENTRY                   ADDRESS         REF BY
           =====                   =======         ======
           ?cstart_call_main       C004 
           ?cstart_end             C00C 

    -------------------------------------------------------------------------
  LIBRARY MODULE, NAME : ?reset_vector

  SEGMENTS IN THE MODULE
  ======================
RESET
  Relative segment, address: FFFE - FFFF (0x2 bytes), align: 1
  Segment part 0.
           ENTRY                   ADDRESS         REF BY
           =====                   =======         ======
           ?reset_vector           FFFE            Segment part 9 (?cstart)

    -------------------------------------------------------------------------
  LIBRARY MODULE, NAME : ?exit

  SEGMENTS IN THE MODULE
  ======================
<CODE> 1 (was CODE)
  Relative segment, address: C064 - C067 (0x4 bytes), align: 1
  Segment part 2.
           ENTRY                   ADDRESS         REF BY
           =====                   =======         ======
           exit                    C064            Segment part 18 (?cstart)
               calls direct




                ****************************************
                *                                      *
                *      SEGMENTS IN ADDRESS ORDER       *
                *                                      *
                ****************************************


SEGMENT              SPACE    START ADDRESS   END ADDRESS     SIZE  TYPE  ALIGN
=======              =====    =============   ===========     ====  ====  =====
DATA16_AN                              0021 - 0022               2   rel    0
                                       0053 - 0053               1 
                                       0056 - 0057               2 
                                       0120 - 0121               2 
                                       0180 - 0183               4 
                                       0192 - 0193               2 
CSTACK                                 03B0 - 03FF              50   rel    1
DATA16_AN                              10FE - 10FF               2   rel    0
CSTART                                 C000 - C00B               C   rel    1
<CODE> 1                               C00C - C069              5E   rel    1
INTVEC                                 FFE0 - FFFB              1C   com    1
RESET                                  FFFE - FFFF               2   rel    1

                ****************************************
                *                                      *
                *        END OF CROSS REFERENCE        *
                *                                      *
                ****************************************

 136 bytes of CODE memory
  80 bytes of DATA memory (+ 15 absolute )

Errors: none
Warnings: none

