################################################################################
#                                                                              #
#      IAR Universal Linker V6.4.6.89                                          #
#                                                                              #
#           Link time     =  28/Mar/2019  23:09:42                             #
#           Target CPU    =  MSP430                                            #
#           List file     =  C:\Users\HP\Desktop\msp430g2553例程\g2553_12.adde #
#                            d_键盘按键数值串口输出至PC\Debug\List\ledtest.map #
#           Output file 1 =  C:\Users\HP\Desktop\msp430g2553例程\g2553_12.adde #
#                            d_键盘按键数值串口输出至PC\Debug\Exe\ledtest.d43  #
#                            Format: ubrof10                                   #
#                            UBROF version 10.0.6                              #
#                            Using library modules for C-SPY (-rt)             #
#           Command line  =  C:\Users\HP\Desktop\msp430g2553例程\g2553_12.adde #
#                            d_键盘按键数值串口输出至PC\Debug\Obj\font.r43     #
#                            C:\Users\HP\Desktop\msp430g2553例程\g2553_12.adde #
#                            d_键盘按键数值串口输出至PC\Debug\Obj\key.r43      #
#                            C:\Users\HP\Desktop\msp430g2553例程\g2553_12.adde #
#                            d_键盘按键数值串口输出至PC\Debug\Obj\lcd.r43      #
#                            C:\Users\HP\Desktop\msp430g2553例程\g2553_12.adde #
#                            d_键盘按键数值串口输出至PC\Debug\Obj\main.r43     #
#                            C:\Users\HP\Desktop\msp430g2553例程\g2553_12.adde #
#                            d_键盘按键数值串口输出至PC\Debug\Obj\uart.r43     #
#                            -o                                                #
#                            C:\Users\HP\Desktop\msp430g2553例程\g2553_12.adde #
#                            d_键盘按键数值串口输出至PC\Debug\Exe\ledtest.d43  #
#                            -l                                                #
#                            C:\Users\HP\Desktop\msp430g2553例程\g2553_12.adde #
#                            d_键盘按键数值串口输出至PC\Debug\List\ledtest.map #
#                            -xms                                              #
#                            "-IC:\Program Files (x86)\IAR Systems\Embedded Wo #
#                            rkbench 7.4\430\LIB\"                             #
#                            -f                                                #
#                            "C:\Program Files (x86)\IAR Systems\Embedded Work #
#                            bench 7.4\430\config\linker\lnk430g2553.xcl"      #
#                            (-cmsp430 -QCODE_I=CODE_ID -QTLS16_I=TLS16_ID     #
#                            -Z(CONST)INFO=1000-10FF                           #
#                            -Z(CONST)INFOA=10C0-10FF                          #
#                            -Z(CONST)INFOB=1080-10BF                          #
#                            -Z(CONST)INFOC=1040-107F                          #
#                            -Z(CONST)INFOD=1000-103F                          #
#                            -Z(DATA)DATA16_I,DATA16_Z,DATA16_N,TLS16_I=0200-0 #
#                            3FF                                               #
#                            -Z(DATA)DATA16_HEAP+_DATA16_HEAP_SIZE             #
#                            -Z(DATA)CODE_I -Z(DATA)CSTACK+_STACK_SIZE#        #
#                            -Z(CONST)DATA16_C,DATA16_ID,TLS16_ID,DIFUNCT,CHEC #
#                            KSUM=C000-FFDD                                    #
#                            -Z(CODE)CSTART,ISR_CODE,CODE_ID=C000-FFDD         #
#                            -P(CODE)CODE=C000-FFDD                            #
#                            -Z(CONST)SIGNATURE=FFDE-FFDF                      #
#                            -Z(CODE)INTVEC=FFE0-FFFF                          #
#                            -Z(CODE)RESET=FFFE-FFFF) -D_STACK_SIZE=50 -rt     #
#                            "C:\Program Files (x86)\IAR Systems\Embedded Work #
#                            bench 7.4\430\lib\dlib\dl430fn.r43"               #
#                            -e_PrintfLarge=_Printf -e_ScanfLarge=_Scanf       #
#                            -D_DATA16_HEAP_SIZE=50 -s __program_start         #
#                            -D_DATA20_HEAP_SIZE=50                            #
#                                                                              #
#                           Copyright (C) 1987-2016 IAR Systems AB.            #
################################################################################





                ****************************************
                *                                      *
                *           CROSS REFERENCE            *
                *                                      *
                ****************************************

       Program entry at :           C0D6  Relocatable, from module : ?cstart




                ****************************************
                *                                      *
                *            RUNTIME MODEL             *
                *                                      *
                ****************************************

  __Heap_Handler             = Basic
  __SystemLibrary            = DLib
  __core                     = 430
  __dlib_file_descriptor     = 0
  __dlib_full_locale_support = 0
  __double_size              = 32
  __pic                      = no
  __reg_r4                   = free
  __reg_r5                   = free
  __rt_version               = 3

                ****************************************
                *                                      *
                *    AUTOMATIC SYMBOL REDIRECTIONS     *
                *                                      *
                ****************************************

                  There are no automatic symbol redirections.



                ****************************************
                *                                      *
                *              MODULE MAP              *
                *                                      *
                ****************************************


  DEFINED ABSOLUTE ENTRIES
    *************************************************************************

  DEFINED ABSOLUTE ENTRIES
  PROGRAM MODULE, NAME : ?ABS_ENTRY_MOD

Absolute parts
           ENTRY                   ADDRESS         REF BY
           =====                   =======         ======
           _DATA20_HEAP_SIZE       0050 
           _DATA16_HEAP_SIZE       0050 
           _STACK_SIZE             0050 
    *************************************************************************

  FILE NAME : C:\Users\HP\Desktop\msp430g2553例程\g2553_12.added_键盘按键数值串口输出至PC\Debug\Obj\font.r43
  PROGRAM MODULE, NAME : font

  SEGMENTS IN THE MODULE
  ======================
CODE
  Relative segment, address: DBF6 - E1E5 (0x5f0 bytes), align: 0
  Segment part 2.
           ENTRY                   ADDRESS         REF BY
           =====                   =======         ======
           AsciiFontData           DBF6            LCD_drawCharAt (lcd)

    *************************************************************************

  FILE NAME : C:\Users\HP\Desktop\msp430g2553例程\g2553_12.added_键盘按键数值串口输出至PC\Debug\Obj\key.r43
  PROGRAM MODULE, NAME : key

  SEGMENTS IN THE MODULE
  ======================
DATA16_AN
  Relative segment, address: 0028 - 0028 (0x1 bytes), align: 0
  Segment part 1. ROOT        Intra module refs:   KeyScan
           ENTRY                   ADDRESS         REF BY
           =====                   =======         ======
           P2IN                    0028 
    -------------------------------------------------------------------------
DATA16_AN
  Relative segment, address: 0029 - 0029 (0x1 bytes), align: 0
  Segment part 2. ROOT        Intra module refs:   KeyPort_Init
                                                   KeyScan
           ENTRY                   ADDRESS         REF BY
           =====                   =======         ======
           P2OUT                   0029 
    -------------------------------------------------------------------------
DATA16_AN
  Relative segment, address: 002A - 002A (0x1 bytes), align: 0
  Segment part 3. ROOT        Intra module refs:   KeyPort_Init
           ENTRY                   ADDRESS         REF BY
           =====                   =======         ======
           P2DIR                   002A 
    -------------------------------------------------------------------------
DATA16_AN
  Relative segment, address: 002F - 002F (0x1 bytes), align: 0
  Segment part 4. ROOT        Intra module refs:   KeyPort_Init
           ENTRY                   ADDRESS         REF BY
           =====                   =======         ======
           P2REN                   002F 
    -------------------------------------------------------------------------
CODE
  Relative segment, address: C0EE - C10D (0x20 bytes), align: 1
  Segment part 6.
           ENTRY                   ADDRESS         REF BY
           =====                   =======         ======
           KeyPort_Init            C0EE            main (main)
    -------------------------------------------------------------------------
CODE
  Relative segment, address: C10E - C1DB (0xce bytes), align: 1
  Segment part 7.
           ENTRY                   ADDRESS         REF BY
           =====                   =======         ======
           KeyScan                 C10E            main (main)

    *************************************************************************

  FILE NAME : C:\Users\HP\Desktop\msp430g2553例程\g2553_12.added_键盘按键数值串口输出至PC\Debug\Obj\lcd.r43
  PROGRAM MODULE, NAME : lcd

  SEGMENTS IN THE MODULE
  ======================
DATA16_AN
  Relative segment, address: 0021 - 0021 (0x1 bytes), align: 0
  Segment part 1. ROOT        Intra module refs:   LCD_init
                                                   LCD_writeCmd
                                                   LCD_writeData
           ENTRY                   ADDRESS         REF BY
           =====                   =======         ======
           P1OUT                   0021 
    -------------------------------------------------------------------------
DATA16_AN
  Relative segment, address: 0022 - 0022 (0x1 bytes), align: 0
  Segment part 2. ROOT        Intra module refs:   LCD_init
           ENTRY                   ADDRESS         REF BY
           =====                   =======         ======
           P1DIR                   0022 
    -------------------------------------------------------------------------
DATA16_Z
  Relative segment, address: 0204 - 0205 (0x2 bytes), align: 0
  Segment part 4.             Intra module refs:   LCD_drawChar
                                                   LCD_setXY
                                                   LCD_writeData
           ENTRY                   ADDRESS         REF BY
           =====                   =======         ======
           LCDCtl                  0204 
    -------------------------------------------------------------------------
CODE
  Relative segment, address: C1DC - C2AD (0xd2 bytes), align: 1
  Segment part 12.
           ENTRY                   ADDRESS         REF BY
           =====                   =======         ======
           LCD_init                C1DC            main (main)
               calls direct
    -------------------------------------------------------------------------
CODE
  Relative segment, address: C2AE - C2C5 (0x18 bytes), align: 1
  Segment part 11.            Intra module refs:   LCD_init
           ENTRY                   ADDRESS         REF BY
           =====                   =======         ======
           LCD_delayms             C2AE 
    -------------------------------------------------------------------------
CODE
  Relative segment, address: C2C6 - C315 (0x50 bytes), align: 1
  Segment part 5.             Intra module refs:   LCD_init
                                                   LCD_setXY
           ENTRY                   ADDRESS         REF BY
           =====                   =======         ======
           LCD_writeCmd            C2C6 
    -------------------------------------------------------------------------
CODE
  Relative segment, address: C316 - C369 (0x54 bytes), align: 1
  Segment part 7.             Intra module refs:   LCD_drawCharAt
           ENTRY                   ADDRESS         REF BY
           =====                   =======         ======
           LCD_writeData           C316 
    -------------------------------------------------------------------------
CODE
  Relative segment, address: C36A - C3BB (0x52 bytes), align: 1
  Segment part 6.             Intra module refs:   LCD_drawCharAt
                                                   LCD_init
           ENTRY                   ADDRESS         REF BY
           =====                   =======         ======
           LCD_setXY               C36A 
               calls direct
    -------------------------------------------------------------------------
CODE
  Relative segment, address: C3BC - C3D1 (0x16 bytes), align: 1
  Segment part 10.            Intra module refs:   LCD_init
           ENTRY                   ADDRESS         REF BY
           =====                   =======         ======
           LCD_clear               C3BC            main (main)
               calls direct
    -------------------------------------------------------------------------
CODE
  Relative segment, address: C3D2 - C471 (0xa0 bytes), align: 1
  Segment part 8.             Intra module refs:   LCD_clearLine
                                                   LCD_drawChar
                                                   LCD_drawStrAt
           ENTRY                   ADDRESS         REF BY
           =====                   =======         ======
           LCD_drawCharAt          C3D2            main (main)
               calls direct
    -------------------------------------------------------------------------
CODE
  Relative segment, address: C472 - C4AF (0x3e bytes), align: 1
  Segment part 14.            Intra module refs:   LCD_drawStr
           ENTRY                   ADDRESS         REF BY
           =====                   =======         ======
           LCD_drawChar            C472 
               calls direct
    -------------------------------------------------------------------------
CODE
  Relative segment, address: C4B0 - C4DB (0x2c bytes), align: 1
  Segment part 16.
           ENTRY                   ADDRESS         REF BY
           =====                   =======         ======
           LCD_drawStrAt           C4B0            main (main)
               calls direct
    -------------------------------------------------------------------------
CODE
  Relative segment, address: C4DC - C505 (0x2a bytes), align: 1
  Segment part 15.            Intra module refs:   LCD_drawStrAt
           ENTRY                   ADDRESS         REF BY
           =====                   =======         ======
           LCD_drawStr             C4DC 
               calls direct
    -------------------------------------------------------------------------
CODE
  Relative segment, address: C506 - C535 (0x30 bytes), align: 1
  Segment part 9.             Intra module refs:   LCD_clear
           ENTRY                   ADDRESS         REF BY
           =====                   =======         ======
           LCD_clearLine           C506 
               calls direct

    *************************************************************************

  FILE NAME : C:\Users\HP\Desktop\msp430g2553例程\g2553_12.added_键盘按键数值串口输出至PC\Debug\Obj\main.r43
  PROGRAM MODULE, NAME : main

  SEGMENTS IN THE MODULE
  ======================
DATA16_AN
  Relative segment, address: 0056 - 0056 (0x1 bytes), align: 0
  Segment part 1. ROOT        Intra module refs:   main
           ENTRY                   ADDRESS         REF BY
           =====                   =======         ======
           DCOCTL                  0056 
    -------------------------------------------------------------------------
DATA16_AN
  Relative segment, address: 0057 - 0057 (0x1 bytes), align: 0
  Segment part 2. ROOT        Intra module refs:   main
           ENTRY                   ADDRESS         REF BY
           =====                   =======         ======
           BCSCTL1                 0057 
    -------------------------------------------------------------------------
DATA16_AN
  Relative segment, address: 0120 - 0121 (0x2 bytes), align: 0
  Segment part 3. ROOT        Intra module refs:   main
           ENTRY                   ADDRESS         REF BY
           =====                   =======         ======
           WDTCTL                  0120 
    -------------------------------------------------------------------------
DATA16_AN
  Relative segment, address: 10FE - 10FE (0x1 bytes), align: 0
  Segment part 4. ROOT        Intra module refs:   main
           ENTRY                   ADDRESS         REF BY
           =====                   =======         ======
           CALDCO_1MHZ             10FE 
    -------------------------------------------------------------------------
DATA16_AN
  Relative segment, address: 10FF - 10FF (0x1 bytes), align: 0
  Segment part 5. ROOT        Intra module refs:   main
           ENTRY                   ADDRESS         REF BY
           =====                   =======         ======
           CALBC1_1MHZ             10FF 
    -------------------------------------------------------------------------
DATA16_Z
  Relative segment, address: 0200 - 0201 (0x2 bytes), align: 1
  Segment part 17.            Intra module refs:   main
           ENTRY                   ADDRESS         REF BY
           =====                   =======         ======
           num                     0200 
    -------------------------------------------------------------------------
CODE
  Relative segment, address: C536 - C67D (0x148 bytes), align: 1
  Segment part 18.
           ENTRY                   ADDRESS         REF BY
           =====                   =======         ======
           main                    C536            Segment part 18 (?cstart)
               calls direct
    -------------------------------------------------------------------------
DATA16_C
  Relative segment, address: C000 - C010 (0x11 bytes), align: 0
  Segment part 7.             Intra module refs:   main
    -------------------------------------------------------------------------
DATA16_C
  Relative segment, address: C011 - C023 (0x13 bytes), align: 0
  Segment part 8.             Intra module refs:   main
    -------------------------------------------------------------------------
DATA16_C
  Relative segment, address: C024 - C036 (0x13 bytes), align: 0
  Segment part 9.             Intra module refs:   main
    -------------------------------------------------------------------------
DATA16_C
  Relative segment, address: C037 - C049 (0x13 bytes), align: 0
  Segment part 10.            Intra module refs:   main
    -------------------------------------------------------------------------
DATA16_C
  Relative segment, address: C04A - C05C (0x13 bytes), align: 0
  Segment part 11.            Intra module refs:   main
    -------------------------------------------------------------------------
DATA16_C
  Relative segment, address: C05D - C06F (0x13 bytes), align: 0
  Segment part 12.            Intra module refs:   main
    -------------------------------------------------------------------------
DATA16_C
  Relative segment, address: C070 - C082 (0x13 bytes), align: 0
  Segment part 13.            Intra module refs:   main
    -------------------------------------------------------------------------
DATA16_C
  Relative segment, address: C083 - C095 (0x13 bytes), align: 0
  Segment part 14.            Intra module refs:   main
    -------------------------------------------------------------------------
DATA16_C
  Relative segment, address: C096 - C0A8 (0x13 bytes), align: 0
  Segment part 15.            Intra module refs:   main
    -------------------------------------------------------------------------
DATA16_C
  Relative segment, address: C0A9 - C0BB (0x13 bytes), align: 0
  Segment part 16.            Intra module refs:   main

    *************************************************************************

  FILE NAME : C:\Users\HP\Desktop\msp430g2553例程\g2553_12.added_键盘按键数值串口输出至PC\Debug\Obj\uart.r43
  PROGRAM MODULE, NAME : uart

  SEGMENTS IN THE MODULE
  ======================
DATA16_AN
  Relative segment, address: 0001 - 0001 (0x1 bytes), align: 0
  Segment part 1. ROOT        Intra module refs:   Init_uart0
           ENTRY                   ADDRESS         REF BY
           =====                   =======         ======
           IE2                     0001 
    -------------------------------------------------------------------------
DATA16_AN
  Relative segment, address: 0003 - 0003 (0x1 bytes), align: 0
  Segment part 2. ROOT        Intra module refs:   putchar
                                                   usart0_rx
           ENTRY                   ADDRESS         REF BY
           =====                   =======         ======
           IFG2                    0003 
    -------------------------------------------------------------------------
DATA16_AN
  Relative segment, address: 0026 - 0026 (0x1 bytes), align: 0
  Segment part 3. ROOT        Intra module refs:   Init_uart0
           ENTRY                   ADDRESS         REF BY
           =====                   =======         ======
           P1SEL                   0026 
    -------------------------------------------------------------------------
DATA16_AN
  Relative segment, address: 0041 - 0041 (0x1 bytes), align: 0
  Segment part 4. ROOT        Intra module refs:   Init_uart0
           ENTRY                   ADDRESS         REF BY
           =====                   =======         ======
           P1SEL2                  0041 
    -------------------------------------------------------------------------
DATA16_AN
  Relative segment, address: 0060 - 0060 (0x1 bytes), align: 0
  Segment part 5. ROOT        Intra module refs:   Init_uart0
           ENTRY                   ADDRESS         REF BY
           =====                   =======         ======
           UCA0CTL0                0060 
    -------------------------------------------------------------------------
DATA16_AN
  Relative segment, address: 0061 - 0061 (0x1 bytes), align: 0
  Segment part 6. ROOT        Intra module refs:   Init_uart0
           ENTRY                   ADDRESS         REF BY
           =====                   =======         ======
           UCA0CTL1                0061 
    -------------------------------------------------------------------------
DATA16_AN
  Relative segment, address: 0062 - 0062 (0x1 bytes), align: 0
  Segment part 7. ROOT        Intra module refs:   Init_uart0
           ENTRY                   ADDRESS         REF BY
           =====                   =======         ======
           UCA0BR0                 0062 
    -------------------------------------------------------------------------
DATA16_AN
  Relative segment, address: 0063 - 0063 (0x1 bytes), align: 0
  Segment part 8. ROOT        Intra module refs:   Init_uart0
           ENTRY                   ADDRESS         REF BY
           =====                   =======         ======
           UCA0BR1                 0063 
    -------------------------------------------------------------------------
DATA16_AN
  Relative segment, address: 0064 - 0064 (0x1 bytes), align: 0
  Segment part 9. ROOT        Intra module refs:   Init_uart0
           ENTRY                   ADDRESS         REF BY
           =====                   =======         ======
           UCA0MCTL                0064 
    -------------------------------------------------------------------------
DATA16_AN
  Relative segment, address: 0066 - 0066 (0x1 bytes), align: 0
  Segment part 10. ROOT       Intra module refs:   usart0_rx
           ENTRY                   ADDRESS         REF BY
           =====                   =======         ======
           UCA0RXBUF               0066 
    -------------------------------------------------------------------------
DATA16_AN
  Relative segment, address: 0067 - 0067 (0x1 bytes), align: 0
  Segment part 11. ROOT       Intra module refs:   putchar
           ENTRY                   ADDRESS         REF BY
           =====                   =======         ======
           UCA0TXBUF               0067 
    -------------------------------------------------------------------------
DATA16_Z
  Relative segment, address: 0202 - 0203 (0x2 bytes), align: 1
  Segment part 15.            Intra module refs:   usart0_rx
           ENTRY                   ADDRESS         REF BY
           =====                   =======         ======
           i                       0202 
    -------------------------------------------------------------------------
CODE
  Relative segment, address: C67E - C6B3 (0x36 bytes), align: 1
  Segment part 16.
           ENTRY                   ADDRESS         REF BY
           =====                   =======         ======
           Init_uart0              C67E            main (main)
    -------------------------------------------------------------------------
CODE
  Relative segment, address: C6B4 - C6C3 (0x10 bytes), align: 1
  Segment part 18.
           ENTRY                   ADDRESS         REF BY
           =====                   =======         ======
           putchar                 C6B4            _Prout (?xprout)
    -------------------------------------------------------------------------
CODE
  Relative segment, address: C6C4 - C6D9 (0x16 bytes), align: 1
  Segment part 19.            Intra module refs:   usart0_rx::??INTVEC 14
           ENTRY                   ADDRESS         REF BY
           =====                   =======         ======
           usart0_rx               C6C4 
               interrupt function
    -------------------------------------------------------------------------
INTVEC
  Common segment, address: FFE0 - FFEF (0x10 bytes), align: 1
  Segment part 12. ROOT 
           ENTRY                   ADDRESS         REF BY
           =====                   =======         ======
           usart0_rx::??INTVEC 14
                                   FFEE 

    *************************************************************************

  FILE NAME : C:\Program Files (x86)\IAR Systems\Embedded Workbench 7.4\430\lib\dlib\dl430fn.r43
  LIBRARY MODULE, NAME : ?__dbg_break

  SEGMENTS IN THE MODULE
  ======================
CODE
  Relative segment, address: C6DA - C6DB (0x2 bytes), align: 1
  Segment part 2.
           ENTRY                   ADDRESS         REF BY
           =====                   =======         ======
           __DebugBreak            C6DA            __exit (?__exit)

    -------------------------------------------------------------------------
  LIBRARY MODULE, NAME : ?__exit

  SEGMENTS IN THE MODULE
  ======================
CODE
  Relative segment, address: C6DC - C6ED (0x12 bytes), align: 1
  Segment part 2.
           ENTRY                   ADDRESS         REF BY
           =====                   =======         ======
           __exit                  C6DC            Segment part 6 (?_exit)
                                                   _exit (?_exit)
               calls direct

    -------------------------------------------------------------------------
  LIBRARY MODULE, NAME : ?_exit

  SEGMENTS IN THE MODULE
  ======================
CODE
  Relative segment, address: C6EE, align: 1
  Segment part 0.
           ENTRY                   ADDRESS         REF BY
           =====                   =======         ======
           _exit                   C6EE            exit (?exit)
    -------------------------------------------------------------------------
CODE
  Relative segment, address: C6EE - C6F1 (0x4 bytes), align: 1
  Segment part 6.             Intra module refs:   _exit

    -------------------------------------------------------------------------
  LIBRARY MODULE, NAME : ?cstart

  SEGMENTS IN THE MODULE
  ======================
CSTACK
  Relative segment, address: 03B0, align: 1
  Segment part 1.
    -------------------------------------------------------------------------
DATA16_Z
  Relative segment, address: 0204, align: 1
  Segment part 2.
    -------------------------------------------------------------------------
CSTART
  Relative segment, address: C0D6 - C0D9 (0x4 bytes), align: 1
  Segment part 9.
           ENTRY                   ADDRESS         REF BY
           =====                   =======         ======
           __program_start         C0D6            ?reset_vector (?reset_vector)
                                                   Absolute parts (?ABS_ENTRY_MOD)
           ?cstart_begin           C0D6 
    -------------------------------------------------------------------------
CSTART
  Relative segment, address: C0DA - C0E5 (0xc bytes), align: 1
  Segment part 13.
           ENTRY                   ADDRESS         REF BY
           =====                   =======         ======
           ?cstart_init_zero       C0DA            LCDCtl (lcd)
                                                   i (uart)
                                                   num (main)
    -------------------------------------------------------------------------
CSTART
  Relative segment, address: C0E6 - C0ED (0x8 bytes), align: 1
  Segment part 18.            Intra module refs:   Segment part 9
           ENTRY                   ADDRESS         REF BY
           =====                   =======         ======
           ?cstart_call_main       C0E6 
           ?cstart_end             C0EE 

    -------------------------------------------------------------------------
  LIBRARY MODULE, NAME : ?reset_vector

  SEGMENTS IN THE MODULE
  ======================
RESET
  Relative segment, address: FFFE - FFFF (0x2 bytes), align: 1
  Segment part 0.
           ENTRY                   ADDRESS         REF BY
           =====                   =======         ======
           ?reset_vector           FFFE            Segment part 9 (?cstart)

    -------------------------------------------------------------------------
  LIBRARY MODULE, NAME : ?div64i

  SEGMENTS IN THE MODULE
  ======================
CODE
  Relative segment, address: C6F2 - C7A1 (0xb0 bytes), align: 1
  Segment part 2.
           ENTRY                   ADDRESS         REF BY
           =====                   =======         ======
           _Div64u                 C6F2            _LitobLarge (?xprintflarge)
    -------------------------------------------------------------------------
CODE
  Relative segment, address: C7A2 - C7BB (0x1a bytes), align: 1
  Segment part 4.             Intra module refs:   _Div64u

    -------------------------------------------------------------------------
  LIBRARY MODULE, NAME : ?div

  SEGMENTS IN THE MODULE
  ======================
CODE
  Relative segment, address: C7BC - C7D1 (0x16 bytes), align: 1
  Segment part 0.
           ENTRY                   ADDRESS         REF BY
           =====                   =======         ======
           div                     C7BC            _GenldLarge (?xprintflarge)

    -------------------------------------------------------------------------
  LIBRARY MODULE, NAME : ?Epilogue

  SEGMENTS IN THE MODULE
  ======================
CODE
  Relative segment, address: C7D2 - C7D3 (0x2 bytes), align: 1
  Segment part 2.
           ENTRY                   ADDRESS         REF BY
           =====                   =======         ======
           ?Epilogue6              C7D2            _GenldLarge (?xprintflarge)
                                                   _LdtobLarge (?xprintflarge)
                                                   _LitobLarge (?xprintflarge)
                                                   _PrintfLarge (?xprintflarge)
    -------------------------------------------------------------------------
CODE
  Relative segment, address: C7D4 - C7D5 (0x2 bytes), align: 1
  Segment part 3.             Intra module refs:   ?Epilogue6
           ENTRY                   ADDRESS         REF BY
           =====                   =======         ======
           ?Epilogue5              C7D4 
    -------------------------------------------------------------------------
CODE
  Relative segment, address: C7D6 - C7D7 (0x2 bytes), align: 1
  Segment part 4.             Intra module refs:   ?Epilogue5
           ENTRY                   ADDRESS         REF BY
           =====                   =======         ======
           ?Epilogue4              C7D6            _PutcharsLarge (?xprintflarge)
                                                   pad (?xprintflarge)
    -------------------------------------------------------------------------
CODE
  Relative segment, address: C7D8 - C7DF (0x8 bytes), align: 1
  Segment part 5.             Intra module refs:   ?Epilogue4
           ENTRY                   ADDRESS         REF BY
           =====                   =======         ======
           ?Epilogue3              C7D8            LCD_drawCharAt (lcd)

    -------------------------------------------------------------------------
  LIBRARY MODULE, NAME : ?exit

  SEGMENTS IN THE MODULE
  ======================
CODE
  Relative segment, address: C7E0 - C7E3 (0x4 bytes), align: 1
  Segment part 2.
           ENTRY                   ADDRESS         REF BY
           =====                   =======         ======
           exit                    C7E0            Segment part 18 (?cstart)
               calls direct

    -------------------------------------------------------------------------
  LIBRARY MODULE, NAME : ?Cast32f32i

  SEGMENTS IN THE MODULE
  ======================
CODE
  Relative segment, address: C7E4 - C861 (0x7e bytes), align: 1
  Segment part 1.
           ENTRY                   ADDRESS         REF BY
           =====                   =======         ======
           _Cast32uto32f           C7E4            _LdtobLarge (?xprintflarge)

    -------------------------------------------------------------------------
  LIBRARY MODULE, NAME : _Cast32fto32u

  SEGMENTS IN THE MODULE
  ======================
CODE
  Relative segment, address: C862 - C86D (0xc bytes), align: 1
  Segment part 0.
           ENTRY                   ADDRESS         REF BY
           =====                   =======         ======
           _Cast32fto32u           C862            _LdtobLarge (?xprintflarge)

    -------------------------------------------------------------------------
  LIBRARY MODULE, NAME : ?FLT_Extract

  SEGMENTS IN THE MODULE
  ======================
CODE
  Relative segment, address: C86E - C8B9 (0x4c bytes), align: 1
  Segment part 0.
           ENTRY                   ADDRESS         REF BY
           =====                   =======         ======
           ?FLT_Extract            C86E            _Cast32fto32u (_Cast32fto32u)

    -------------------------------------------------------------------------
  LIBRARY MODULE, NAME : ?FLT_LT

  SEGMENTS IN THE MODULE
  ======================
CODE
  Relative segment, address: C8BA - C90B (0x52 bytes), align: 1
  Segment part 0.
           ENTRY                   ADDRESS         REF BY
           =====                   =======         ======
           ?FLT_LT                 C8BA            _LdtobLarge (?xprintflarge)

    -------------------------------------------------------------------------
  LIBRARY MODULE, NAME : _Mul32f

  SEGMENTS IN THE MODULE
  ======================
CODE
  Relative segment, address: C90C - CA1B (0x110 bytes), align: 1
  Segment part 0.
           ENTRY                   ADDRESS         REF BY
           =====                   =======         ======
           _Mul32f                 C90C            _LdtobLarge (?xprintflarge)
                                                   scale (?xprintflarge)

    -------------------------------------------------------------------------
  LIBRARY MODULE, NAME : _Div32f

  SEGMENTS IN THE MODULE
  ======================
CODE
  Relative segment, address: CA1C - CB4B (0x130 bytes), align: 1
  Segment part 0.
           ENTRY                   ADDRESS         REF BY
           =====                   =======         ======
           _Div32f                 CA1C            _LdtobLarge (?xprintflarge)

    -------------------------------------------------------------------------
  LIBRARY MODULE, NAME : _Add32f

  SEGMENTS IN THE MODULE
  ======================
CODE
  Relative segment, address: CB4C - CB4F (0x4 bytes), align: 1
  Segment part 0.
           ENTRY                   ADDRESS         REF BY
           =====                   =======         ======
           _Sub32f                 CB4C            _LdtobLarge (?xprintflarge)
    -------------------------------------------------------------------------
CODE
  Relative segment, address: CB50 - CCAF (0x160 bytes), align: 1
  Segment part 1.             Intra module refs:   _Sub32f
           ENTRY                   ADDRESS         REF BY
           =====                   =======         ======
           _Add32f                 CB50 

    -------------------------------------------------------------------------
  LIBRARY MODULE, NAME : ?Mul816

  SEGMENTS IN THE MODULE
  ======================
CODE
  Relative segment, address: CCB0 - CCB3 (0x4 bytes), align: 1
  Segment part 0.
           ENTRY                   ADDRESS         REF BY
           =====                   =======         ======
           ?Mul8                   CCB0            _LitobLarge (?xprintflarge)
    -------------------------------------------------------------------------
CODE
  Relative segment, address: CCB4 - CCE1 (0x2e bytes), align: 1
  Segment part 1.             Intra module refs:   ?Mul8
           ENTRY                   ADDRESS         REF BY
           =====                   =======         ======
           ?Mul16                  CCB4 
           ?Mul16to32u             CCB4            ?Mul16to32s (?Mul16to32s)

    -------------------------------------------------------------------------
  LIBRARY MODULE, NAME : ?Mul16to32s

  SEGMENTS IN THE MODULE
  ======================
CODE
  Relative segment, address: CCE2 - CCFB (0x1a bytes), align: 1
  Segment part 0.
           ENTRY                   ADDRESS         REF BY
           =====                   =======         ======
           ?Mul16to32s             CCE2            _LdtobLarge (?xprintflarge)

    -------------------------------------------------------------------------
  LIBRARY MODULE, NAME : ?DivMod816u

  SEGMENTS IN THE MODULE
  ======================
CODE
  Relative segment, address: CCFC - CCFF (0x4 bytes), align: 1
  Segment part 0.
           ENTRY                   ADDRESS         REF BY
           =====                   =======         ======
           ?DivMod8u               CCFC            LCD_drawChar (lcd)
    -------------------------------------------------------------------------
CODE
  Relative segment, address: CD00 - CD17 (0x18 bytes), align: 1
  Segment part 1.             Intra module refs:   ?DivMod8u
           ENTRY                   ADDRESS         REF BY
           =====                   =======         ======
           ?DivMod16u              CD00            ?DivMod16s (?DivMod816s)

    -------------------------------------------------------------------------
  LIBRARY MODULE, NAME : ?DivMod816s

  SEGMENTS IN THE MODULE
  ======================
CODE
  Relative segment, address: CD18 - CD47 (0x30 bytes), align: 1
  Segment part 1.
           ENTRY                   ADDRESS         REF BY
           =====                   =======         ======
           ?DivMod16s              CD18            div (?div)

    -------------------------------------------------------------------------
  LIBRARY MODULE, NAME : ?DivMod32u

  SEGMENTS IN THE MODULE
  ======================
CODE
  Relative segment, address: CD48 - CD7F (0x38 bytes), align: 1
  Segment part 0.
           ENTRY                   ADDRESS         REF BY
           =====                   =======         ======
           ?DivMod32u              CD48            ?DivMod32s (?DivMod32s)
                                                   _LdtobLarge (?xprintflarge)

    -------------------------------------------------------------------------
  LIBRARY MODULE, NAME : ?DivMod32s

  SEGMENTS IN THE MODULE
  ======================
CODE
  Relative segment, address: CD80 - CDBF (0x40 bytes), align: 1
  Segment part 0.
           ENTRY                   ADDRESS         REF BY
           =====                   =======         ======
           ?DivMod32s              CD80            _LdtobLarge (?xprintflarge)

    -------------------------------------------------------------------------
  LIBRARY MODULE, NAME : ?ShiftRight16u_n

  SEGMENTS IN THE MODULE
  ======================
CODE
  Relative segment, address: CDC0 - CDC3 (0x4 bytes), align: 1
  Segment part 0.
           ENTRY                   ADDRESS         REF BY
           =====                   =======         ======
           ?ShiftRight16u_7        CDC0            __iar_Dunscale (?xdunscal)
    -------------------------------------------------------------------------
CODE
  Relative segment, address: CDC4 - CDC7 (0x4 bytes), align: 1
  Segment part 1.             Intra module refs:   ?ShiftRight16u_7
           ENTRY                   ADDRESS         REF BY
           =====                   =======         ======
           ?ShiftRight16u_6        CDC4 
    -------------------------------------------------------------------------
CODE
  Relative segment, address: CDC8 - CDCB (0x4 bytes), align: 1
  Segment part 2.             Intra module refs:   ?ShiftRight16u_6
           ENTRY                   ADDRESS         REF BY
           =====                   =======         ======
           ?ShiftRight16u_5        CDC8 
    -------------------------------------------------------------------------
CODE
  Relative segment, address: CDCC - CDCF (0x4 bytes), align: 1
  Segment part 3.             Intra module refs:   ?ShiftRight16u_5
           ENTRY                   ADDRESS         REF BY
           =====                   =======         ======
           ?ShiftRight16u_4        CDCC 
    -------------------------------------------------------------------------
CODE
  Relative segment, address: CDD0 - CDD9 (0xa bytes), align: 1
  Segment part 4.             Intra module refs:   ?ShiftRight16u_4
           ENTRY                   ADDRESS         REF BY
           =====                   =======         ======
           ?ShiftRight16u_3        CDD0 

    -------------------------------------------------------------------------
  LIBRARY MODULE, NAME : ?memchr

  SEGMENTS IN THE MODULE
  ======================
CODE
  Relative segment, address: CDDA - CDED (0x14 bytes), align: 1
  Segment part 2.
           ENTRY                   ADDRESS         REF BY
           =====                   =======         ======
           __iar_Memchr            CDDA            _PrintfLarge (?xprintflarge)

    -------------------------------------------------------------------------
  LIBRARY MODULE, NAME : ?memcpy

  SEGMENTS IN THE MODULE
  ======================
CODE
  Relative segment, address: CDEE - CDFF (0x12 bytes), align: 1
  Segment part 2.
           ENTRY                   ADDRESS         REF BY
           =====                   =======         ======
           memcpy                  CDEE            Segment part 11 (?xprintflarge)
                                                   _GenldLarge (?xprintflarge)
                                                   _LdtobLarge (?xprintflarge)

    -------------------------------------------------------------------------
  LIBRARY MODULE, NAME : ?memzero

  SEGMENTS IN THE MODULE
  ======================
CODE
  Relative segment, address: CE00 - CE0F (0x10 bytes), align: 1
  Segment part 2.
           ENTRY                   ADDRESS         REF BY
           =====                   =======         ======
           __data16_memzero        CE00            ?cstart_init_zero (?cstart)

    -------------------------------------------------------------------------
  LIBRARY MODULE, NAME : ?printf

  SEGMENTS IN THE MODULE
  ======================
CODE
  Relative segment, address: CE10 - CE2B (0x1c bytes), align: 1
  Segment part 2.
           ENTRY                   ADDRESS         REF BY
           =====                   =======         ======
           printf                  CE10            main (main)
               calls direct

    -------------------------------------------------------------------------
  LIBRARY MODULE, NAME : ?strchr

  SEGMENTS IN THE MODULE
  ======================
CODE
  Relative segment, address: CE2C - CE39 (0xe bytes), align: 1
  Segment part 2.
           ENTRY                   ADDRESS         REF BY
           =====                   =======         ======
           __iar_Strchr            CE2C            _PrintfLarge (?xprintflarge)

    -------------------------------------------------------------------------
  LIBRARY MODULE, NAME : ?strlen

  SEGMENTS IN THE MODULE
  ======================
CODE
  Relative segment, address: CE3A - CE4B (0x12 bytes), align: 1
  Segment part 2.
           ENTRY                   ADDRESS         REF BY
           =====                   =======         ======
           strlen                  CE3A            _PrintfLarge (?xprintflarge)

    -------------------------------------------------------------------------
  LIBRARY MODULE, NAME : ?xdunscal

  SEGMENTS IN THE MODULE
  ======================
CODE
  Relative segment, address: CE4C - CE93 (0x48 bytes), align: 1
  Segment part 2.
           ENTRY                   ADDRESS         REF BY
           =====                   =======         ======
           __iar_Dunscale          CE4C            _LdtobLarge (?xprintflarge)
               calls direct

    -------------------------------------------------------------------------
  LIBRARY MODULE, NAME : ?xprintflarge

  SEGMENTS IN THE MODULE
  ======================
CODE
  Relative segment, address: CE94 - D309 (0x476 bytes), align: 1
  Segment part 18.
           ENTRY                   ADDRESS         REF BY
           =====                   =======         ======
           _PrintfLarge            CE94            printf (?printf)
               calls direct
    -------------------------------------------------------------------------
CODE
  Relative segment, address: D30A - D317 (0xe bytes), align: 1
  Segment part 22.            Intra module refs:   _PrintfLarge
    -------------------------------------------------------------------------
CODE
  Relative segment, address: D318 - D31D (0x6 bytes), align: 1
  Segment part 23.            Intra module refs:   _PrintfLarge
    -------------------------------------------------------------------------
CODE
  Relative segment, address: D31E - D32B (0xe bytes), align: 1
  Segment part 24.            Intra module refs:   Segment part 23
                                                   _PrintfLarge
    -------------------------------------------------------------------------
CODE
  Relative segment, address: D32C - D33F (0x14 bytes), align: 1
  Segment part 26.            Intra module refs:   _PrintfLarge
    -------------------------------------------------------------------------
CODE
  Relative segment, address: D340 - D3BF (0x80 bytes), align: 1
  Segment part 8.             Intra module refs:   _PrintfLarge
           LOCAL                   ADDRESS         
           =====                   =======         
           LoadInt                 D340 
    -------------------------------------------------------------------------
CODE
  Relative segment, address: D3C0 - D3CD (0xe bytes), align: 1
  Segment part 9.             Intra module refs:   LoadInt
    -------------------------------------------------------------------------
CODE
  Relative segment, address: D3CE - D62D (0x260 bytes), align: 1
  Segment part 10.            Intra module refs:   _LdtobLarge
           LOCAL                   ADDRESS         
           =====                   =======         
           _GenldLarge             D3CE 
               calls direct
    -------------------------------------------------------------------------
CODE
  Relative segment, address: D62E - D63D (0x10 bytes), align: 1
  Segment part 11.            Intra module refs:   _GenldLarge
    -------------------------------------------------------------------------
CODE
  Relative segment, address: D63E - D65B (0x1e bytes), align: 1
  Segment part 12.            Intra module refs:   _GenldLarge
    -------------------------------------------------------------------------
CODE
  Relative segment, address: D65C - D6AD (0x52 bytes), align: 1
  Segment part 13.            Intra module refs:   _LdtobLarge
           LOCAL                   ADDRESS         
           =====                   =======         
           scale                   D65C 
               calls direct
    -------------------------------------------------------------------------
CODE
  Relative segment, address: D6AE - D8FF (0x252 bytes), align: 1
  Segment part 14.            Intra module refs:   _PrintfLarge
           LOCAL                   ADDRESS         
           =====                   =======         
           _LdtobLarge             D6AE 
               calls direct
    -------------------------------------------------------------------------
CODE
  Relative segment, address: D900 - DACB (0x1cc bytes), align: 1
  Segment part 15.            Intra module refs:   _PrintfLarge
           LOCAL                   ADDRESS         
           =====                   =======         
           _LitobLarge             D900 
               calls direct
    -------------------------------------------------------------------------
CODE
  Relative segment, address: DACC - DADD (0x12 bytes), align: 1
  Segment part 16.            Intra module refs:   _LitobLarge
    -------------------------------------------------------------------------
CODE
  Relative segment, address: DADE - DAE7 (0xa bytes), align: 1
  Segment part 17.            Intra module refs:   LoadInt
                                                   _LitobLarge
                                                   _PrintfLarge
    -------------------------------------------------------------------------
CODE
  Relative segment, address: DAE8 - DB1D (0x36 bytes), align: 1
  Segment part 27.            Intra module refs:   Segment part 24
           LOCAL                   ADDRESS         
           =====                   =======         
           pad                     DAE8 
               calls direct
    -------------------------------------------------------------------------
CODE
  Relative segment, address: DB1E - DB41 (0x24 bytes), align: 1
  Segment part 28.            Intra module refs:   _PrintfLarge
                                                   _PutcharsLarge
           LOCAL                   ADDRESS         
           =====                   =======         
           _PutcharLarge           DB1E 
               calls indirect
    -------------------------------------------------------------------------
CODE
  Relative segment, address: DB42 - DB6D (0x2c bytes), align: 1
  Segment part 29.            Intra module refs:   Segment part 22
                                                   pad
           LOCAL                   ADDRESS         
           =====                   =======         
           _PutcharsLarge          DB42 
               calls direct
    -------------------------------------------------------------------------
CODE
  Relative segment, address: DB6E - DB7B (0xe bytes), align: 1
  Segment part 19.            Intra module refs:   _PrintfLarge
    -------------------------------------------------------------------------
CODE
  Relative segment, address: DB7C - DB89 (0xe bytes), align: 1
  Segment part 20.            Intra module refs:   _PrintfLarge
    -------------------------------------------------------------------------
CODE
  Relative segment, address: DB8A - DB9B (0x12 bytes), align: 1
  Segment part 21.            Intra module refs:   _PrintfLarge
    -------------------------------------------------------------------------
CODE
  Relative segment, address: DB9C - DBD9 (0x3e bytes), align: 1
  Segment part 25.            Intra module refs:   _PrintfLarge
    -------------------------------------------------------------------------
DATA16_C
  Relative segment, address: C0BC - C0C2 (0x7 bytes), align: 0
  Segment part 2.             Intra module refs:   _PrintfLarge
    -------------------------------------------------------------------------
DATA16_C
  Relative segment, address: C0C3 - C0C6 (0x4 bytes), align: 0
  Segment part 3.             Intra module refs:   _LdtobLarge
    -------------------------------------------------------------------------
DATA16_C
  Relative segment, address: C0C7 - C0CA (0x4 bytes), align: 0
  Segment part 4.             Intra module refs:   _LdtobLarge
    -------------------------------------------------------------------------
DATA16_C
  Relative segment, address: C0CB - C0CE (0x4 bytes), align: 0
  Segment part 5.             Intra module refs:   _LdtobLarge
    -------------------------------------------------------------------------
DATA16_C
  Relative segment, address: C0CF - C0D2 (0x4 bytes), align: 0
  Segment part 6.             Intra module refs:   _LdtobLarge
    -------------------------------------------------------------------------
DATA16_C
  Relative segment, address: C0D3 - C0D4 (0x2 bytes), align: 0
  Segment part 7.             Intra module refs:   _GenldLarge

    -------------------------------------------------------------------------
  LIBRARY MODULE, NAME : ?xprout

  SEGMENTS IN THE MODULE
  ======================
CODE
  Relative segment, address: DBDA - DBF5 (0x1c bytes), align: 1
  Segment part 2.
           ENTRY                   ADDRESS         REF BY
           =====                   =======         ======
           _Prout                  DBDA            printf (?printf)
               calls direct




                ****************************************
                *                                      *
                *      SEGMENTS IN ADDRESS ORDER       *
                *                                      *
                ****************************************


SEGMENT              SPACE    START ADDRESS   END ADDRESS     SIZE  TYPE  ALIGN
=======              =====    =============   ===========     ====  ====  =====
DATA16_AN                              0001 - 0001               1   rel    0
                                       0003 - 0003               1 
                                       0021 - 0022               2 
                                       0026 - 0026               1 
                                       0028 - 002A               3 
                                       002F - 002F               1 
                                       0041 - 0041               1 
                                       0056 - 0057               2 
                                       0060 - 0064               5 
                                       0066 - 0067               2 
                                       0120 - 0121               2 
DATA16_I                                  0200                       dse    0
DATA16_Z                               0200 - 0205               6   rel    1
CSTACK                                 03B0 - 03FF              50   rel    1
DATA16_AN                              10FE - 10FF               2   rel    0
DATA16_C                               C000 - C0D4              D5   rel    0
CSTART                                 C0D6 - C0ED              18   rel    1
CODE                                   C0EE - E1E5            20F8   rel    1
INTVEC                                 FFE0 - FFEF              10   com    1
RESET                                  FFFE - FFFF               2   rel    1

                ****************************************
                *                                      *
                *        END OF CROSS REFERENCE        *
                *                                      *
                ****************************************

 8 482 bytes of CODE  memory
    86 bytes of DATA  memory (+ 23 absolute )
   213 bytes of CONST memory

Errors: none
Warnings: none

