C51 COMPILER V9.00   CHARACTER                                                             04/24/2019 18:42:25 PAGE 1   


C51 COMPILER V9.00, COMPILATION OF MODULE CHARACTER
OBJECT MODULE PLACED IN .\Object\Character.obj
COMPILER INVOKED BY: D:\KeilC51\C51\BIN\C51.EXE Common\Character.c BROWSE INCDIR(.\Peripheral_H;.\Common) DEBUG OBJECTEX
                    -TEND PRINT(.\List\Character.lst) OBJECT(.\Object\Character.obj)

line level    source

   1                  const unsigned char code Fix[32]={
   2                                  0x80,0x40,0x20,0x10,0x08,0x04,0x02,0x01,0x00,0x00,0x00,0x00,0x00,0x00,0x00,0x00,
   3                                  0x00,0x00,0x00,0x00,0x00,0x00,0x00,0x00,0x80,0x40,0x20,0x10,0x08,0x04,0x02,0x01,
   4                          }; 
   5          //扫描方式：纵向--先左右后上下
   6          //高位在前  
   7                  const unsigned char code DzkCode[7][32]={
   8                  /* 0xCBB3 [顺]   [0]*/
   9                          0x80,0x7F,0x20,0x3F,0x08,0xFF,0x02,0x4F,0x48,0x58,0x6B,0x48,0x48,0x4F,0x40,0x00,
  10                          0x02,0xFC,0x00,0xFC,0x00,0xFF,0x01,0xF2,0x84,0x58,0xE0,0x18,0x0C,0xF6,0x03,0x01,
  11                  /* 0xC4E6 [逆]   [1]*/
  12                          0x82,0x42,0x33,0x10,0x18,0x17,0x92,0x71,0x10,0x1F,0x10,0x30,0xD0,0x13,0x10,0x00,
  13                          0x02,0x04,0xF8,0x04,0x02,0xC6,0x4A,0x52,0xE2,0xC2,0x62,0x52,0x4A,0xE6,0x02,0x01,
  14                  /* 0xCAB1 [时]   [2]*/
  15                          0x80,0x7F,0x21,0x31,0x29,0x3F,0x02,0x09,0x08,0x08,0x08,0x08,0xFF,0x08,0x08,0x00,
  16                          0x00,0xFC,0x08,0x08,0x08,0xFC,0x00,0x00,0x80,0x60,0x22,0x11,0xFE,0x04,0x02,0x01,
  17                  /* 0xD5EB [针]   [3]*/
  18                          0x82,0x44,0x3C,0xF7,0x2C,0x24,0x22,0x03,0x02,0x02,0xFF,0x02,0x02,0x02,0x02,0x00,
  19                          0x80,0x80,0x80,0xFE,0x84,0x88,0x90,0x00,0x80,0x40,0xFF,0x10,0x08,0x04,0x02,0x01,
  20                  /* 0xD7AA [转]   [4]*/
  21                          0x93,0x5D,0xF1,0x17,0x19,0x15,0x02,0x13,0x12,0x17,0xFA,0x12,0x12,0x12,0x02,0x00,
  22                          0x10,0x18,0x10,0xFF,0x20,0x20,0x00,0x40,0xD0,0x48,0x64,0x5B,0x58,0x64,0x02,0x01,
  23                  /* 0xC8A6 [圈]   [5]*/
  24                          0x80,0x7F,0x62,0x5A,0x6B,0x5E,0x4E,0x7B,0x4A,0x5A,0x6B,0x4A,0x42,0x7F,0x00,0x00,
  25                          0x00,0xFF,0x42,0x82,0x02,0xF2,0x8A,0x8A,0xAA,0xEA,0x3A,0x92,0x4A,0xFF,0x02,0x01,
  26          
  27                          0xFF,0xFF,0xFF,0xFF,0xFF,0xFF,0xFF,0xFF,0xFF,0xFF,0xFF,0xFF,0xFF,0xFF,0xFF,0xFF,
  28                          0xFF,0xFF,0xFF,0xFF,0xFF,0xFF,0xFF,0xFF,0xFF,0xFF,0xFF,0xFF,0xFF,0xFF,0xFF,0xFF,
  29                  };
  30          
  31                  //extern const unsigned char code AsciiFontData[95][16];
  32                  const unsigned char code AsciiFontData[95][16]  =
  33                  {
  34                  /*--  文字:     --*/
  35                  /*--  宋体9;  此字体下对应的点阵为：宽x高=8x15   --*/
  36                  /*--  高度不是8的倍数，现调整为：宽度x高度=8x16  --*/
  37                  0x00,0x00,0x00,0x00,0x00,0x00,0x00,0x00,0x00,0x00,0x00,0x00,0x00,0x00,0x00,0x00,
  38                  
  39                  /*--  文字:  !  --*/
  40                  /*--  宋体9;  此字体下对应的点阵为：宽x高=8x15   --*/
  41                  /*--  高度不是8的倍数，现调整为：宽度x高度=8x16  --*/
  42                  0x00,0x00,0x00,0x3F,0x00,0x00,0x00,0x00,0x00,0x00,0x00,0x98,0x18,0x00,0x00,0x00,
  43                  
  44                  /*--  文字:  "  --*/
  45                  /*--  宋体9;  此字体下对应的点阵为：宽x高=8x15   --*/
  46                  /*--  高度不是8的倍数，现调整为：宽度x高度=8x16  --*/
  47                  0x00,0x08,0x30,0x48,0x30,0x40,0x00,0x00,0x00,0x00,0x00,0x00,0x00,0x00,0x00,0x00,
  48                  
  49                  /*--  文字:  #  --*/
  50                  /*--  宋体9;  此字体下对应的点阵为：宽x高=8x15   --*/
  51                  /*--  高度不是8的倍数，现调整为：宽度x高度=8x16  --*/
  52                  0x00,0x04,0x04,0x1F,0x04,0x1F,0x04,0x00,0x00,0x40,0xF8,0x40,0xF8,0x40,0x40,0x00,
  53                  
  54                  /*--  文字:  $  --*/
C51 COMPILER V9.00   CHARACTER                                                             04/24/2019 18:42:25 PAGE 2   

  55                  /*--  宋体9;  此字体下对应的点阵为：宽x高=8x15   --*/
  56                  /*--  高度不是8的倍数，现调整为：宽度x高度=8x16  --*/
  57                  0x00,0x0E,0x11,0x3F,0x10,0x0C,0x00,0x00,0x00,0x30,0x08,0xFE,0x88,0x70,0x00,0x00,
  58                  
  59                  /*--  文字:  %  --*/
  60                  /*--  宋体9;  此字体下对应的点阵为：宽x高=8x15   --*/
  61                  /*--  高度不是8的倍数，现调整为：宽度x高度=8x16  --*/
  62                  0x0E,0x11,0x0E,0x01,0x06,0x18,0x00,0x00,0x00,0x18,0x60,0x80,0x70,0x88,0x70,0x00,
  63                  
  64                  /*--  文字:  &  --*/
  65                  /*--  宋体9;  此字体下对应的点阵为：宽x高=8x15   --*/
  66                  /*--  高度不是8的倍数，现调整为：宽度x高度=8x16  --*/
  67                  0x00,0x0F,0x11,0x0F,0x01,0x01,0x00,0x00,0xF0,0x08,0xC8,0x28,0xF0,0x08,0x08,0x00,
  68                  
  69                  /*--  文字:  '  --*/
  70                  /*--  宋体9;  此字体下对应的点阵为：宽x高=8x15   --*/
  71                  /*--  高度不是8的倍数，现调整为：宽度x高度=8x16  --*/
  72                  0x08,0x68,0x70,0x00,0x00,0x00,0x00,0x00,0x00,0x00,0x00,0x00,0x00,0x00,0x00,0x00,
  73                  
  74                  /*--  文字:  (  --*/
  75                  /*--  宋体9;  此字体下对应的点阵为：宽x高=8x15   --*/
  76                  /*--  高度不是8的倍数，现调整为：宽度x高度=8x16  --*/
  77                  0x00,0x00,0x00,0x07,0x18,0x20,0x40,0x00,0x00,0x00,0x00,0xC0,0x30,0x08,0x04,0x00,
  78                  
  79                  /*--  文字:  )  --*/
  80                  /*--  宋体9;  此字体下对应的点阵为：宽x高=8x15   --*/
  81                  /*--  高度不是8的倍数，现调整为：宽度x高度=8x16  --*/
  82                  0x00,0x40,0x20,0x18,0x07,0x00,0x00,0x00,0x00,0x04,0x08,0x30,0xC0,0x00,0x00,0x00,
  83                  
  84                  /*--  文字:  *  --*/
  85                  /*--  宋体9;  此字体下对应的点阵为：宽x高=8x15   --*/
  86                  /*--  高度不是8的倍数，现调整为：宽度x高度=8x16  --*/
  87                  0x02,0x02,0x01,0x0F,0x01,0x02,0x02,0x00,0x40,0x40,0x80,0xF0,0x80,0x40,0x40,0x00,
  88                  
  89                  /*--  文字:  +  --*/
  90                  /*--  宋体9;  此字体下对应的点阵为：宽x高=8x15   --*/
  91                  /*--  高度不是8的倍数，现调整为：宽度x高度=8x16  --*/
  92                  0x01,0x01,0x01,0x0F,0x01,0x01,0x01,0x00,0x00,0x00,0x00,0xE0,0x00,0x00,0x00,0x00,
  93                  
  94                  /*--  文字:  ,  --*/
  95                  /*--  宋体9;  此字体下对应的点阵为：宽x高=8x15   --*/
  96                  /*--  高度不是8的倍数，现调整为：宽度x高度=8x16  --*/
  97                  0x00,0x00,0x00,0x00,0x00,0x00,0x00,0x00,0x02,0x1A,0x1C,0x00,0x00,0x00,0x00,0x00,
  98                  
  99                  /*--  文字:  -  --*/
 100                  /*--  宋体9;  此字体下对应的点阵为：宽x高=8x15   --*/
 101                  /*--  高度不是8的倍数，现调整为：宽度x高度=8x16  --*/
 102                  0x01,0x01,0x01,0x01,0x01,0x01,0x01,0x00,0x00,0x00,0x00,0x00,0x00,0x00,0x00,0x00,
 103                  
 104                  /*--  文字:  .  --*/
 105                  /*--  宋体9;  此字体下对应的点阵为：宽x高=8x15   --*/
 106                  /*--  高度不是8的倍数，现调整为：宽度x高度=8x16  --*/
 107                  0x00,0x00,0x00,0x00,0x00,0x00,0x00,0x00,0x00,0x18,0x18,0x00,0x00,0x00,0x00,0x00,
 108                  
 109                  /*--  文字:  /  --*/
 110                  /*--  宋体9;  此字体下对应的点阵为：宽x高=8x15   --*/
 111                  /*--  高度不是8的倍数，现调整为：宽度x高度=8x16  --*/
 112                  0x00,0x00,0x00,0x01,0x06,0x38,0x40,0x00,0x00,0x0C,0x30,0xC0,0x00,0x00,0x00,0x00,
 113                  
 114                  /*--  文字:  0  --*/
 115                  /*--  宋体9;  此字体下对应的点阵为：宽x高=8x15   --*/
 116                  /*--  高度不是8的倍数，现调整为：宽度x高度=8x16  --*/
C51 COMPILER V9.00   CHARACTER                                                             04/24/2019 18:42:25 PAGE 3   

 117                  0x00,0x07,0x08,0x10,0x10,0x08,0x07,0x00,0x00,0xE0,0x10,0x08,0x08,0x10,0xE0,0x00,
 118                  
 119                  /*--  文字:  1  --*/
 120                  /*--  宋体9;  此字体下对应的点阵为：宽x高=8x15   --*/
 121                  /*--  高度不是8的倍数，现调整为：宽度x高度=8x16  --*/
 122                  0x00,0x08,0x08,0x1F,0x00,0x00,0x00,0x00,0x00,0x08,0x08,0xF8,0x08,0x08,0x00,0x00,
 123                  
 124                  /*--  文字:  2  --*/
 125                  /*--  宋体9;  此字体下对应的点阵为：宽x高=8x15   --*/
 126                  /*--  高度不是8的倍数，现调整为：宽度x高度=8x16  --*/
 127                  0x00,0x0C,0x10,0x10,0x10,0x11,0x0E,0x00,0x00,0x18,0x28,0x48,0x88,0x08,0x18,0x00,
 128                  
 129                  /*--  文字:  3  --*/
 130                  /*--  宋体9;  此字体下对应的点阵为：宽x高=8x15   --*/
 131                  /*--  高度不是8的倍数，现调整为：宽度x高度=8x16  --*/
 132                  0x00,0x0C,0x10,0x11,0x11,0x12,0x0C,0x00,0x00,0x30,0x08,0x08,0x08,0x88,0x70,0x00,
 133                  
 134                  /*--  文字:  4  --*/
 135                  /*--  宋体9;  此字体下对应的点阵为：宽x高=8x15   --*/
 136                  /*--  高度不是8的倍数，现调整为：宽度x高度=8x16  --*/
 137                  0x00,0x01,0x02,0x04,0x1F,0x00,0x00,0x00,0x00,0xC0,0x40,0x48,0xF8,0x48,0x48,0x00,
 138                  
 139                  /*--  文字:  5  --*/
 140                  /*--  宋体9;  此字体下对应的点阵为：宽x高=8x15   --*/
 141                  /*--  高度不是8的倍数，现调整为：宽度x高度=8x16  --*/
 142                  0x00,0x1F,0x11,0x12,0x12,0x12,0x11,0x00,0x00,0x30,0x08,0x08,0x08,0x08,0xF0,0x00,
 143                  
 144                  /*--  文字:  6  --*/
 145                  /*--  宋体9;  此字体下对应的点阵为：宽x高=8x15   --*/
 146                  /*--  高度不是8的倍数，现调整为：宽度x高度=8x16  --*/
 147                  0x00,0x07,0x08,0x11,0x11,0x19,0x00,0x00,0x00,0xF0,0x88,0x08,0x08,0x08,0xF0,0x00,
 148                  
 149                  /*--  文字:  7  --*/
 150                  /*--  宋体9;  此字体下对应的点阵为：宽x高=8x15   --*/
 151                  /*--  高度不是8的倍数，现调整为：宽度x高度=8x16  --*/
 152                  0x00,0x1C,0x10,0x10,0x13,0x1C,0x10,0x00,0x00,0x00,0x00,0xF8,0x00,0x00,0x00,0x00,
 153                  
 154                  /*--  文字:  8  --*/
 155                  /*--  宋体9;  此字体下对应的点阵为：宽x高=8x15   --*/
 156                  /*--  高度不是8的倍数，现调整为：宽度x高度=8x16  --*/
 157                  0x00,0x0E,0x11,0x11,0x11,0x11,0x0E,0x00,0x00,0x70,0x88,0x08,0x08,0x88,0x70,0x00,
 158                  
 159                  /*--  文字:  9  --*/
 160                  /*--  宋体9;  此字体下对应的点阵为：宽x高=8x15   --*/
 161                  /*--  高度不是8的倍数，现调整为：宽度x高度=8x16  --*/
 162                  0x00,0x0F,0x10,0x10,0x10,0x09,0x07,0x00,0x00,0x00,0x98,0x88,0x88,0x10,0xE0,0x00,
 163                  
 164                  /*--  文字:  :  --*/
 165                  /*--  宋体9;  此字体下对应的点阵为：宽x高=8x15   --*/
 166                  /*--  高度不是8的倍数，现调整为：宽度x高度=8x16  --*/
 167                  0x00,0x00,0x00,0x03,0x03,0x00,0x00,0x00,0x00,0x00,0x00,0x18,0x18,0x00,0x00,0x00,
 168                  
 169                  /*--  文字:  ;  --*/
 170                  /*--  宋体9;  此字体下对应的点阵为：宽x高=8x15   --*/
 171                  /*--  高度不是8的倍数，现调整为：宽度x高度=8x16  --*/
 172                  0x00,0x00,0x00,0x02,0x00,0x00,0x00,0x00,0x00,0x00,0x02,0x0C,0x00,0x00,0x00,0x00,
 173                  
 174                  /*--  文字:  <  --*/
 175                  /*--  宋体9;  此字体下对应的点阵为：宽x高=8x15   --*/
 176                  /*--  高度不是8的倍数，现调整为：宽度x高度=8x16  --*/
 177                  0x00,0x01,0x02,0x04,0x08,0x10,0x20,0x00,0x00,0x00,0x80,0x40,0x20,0x10,0x08,0x00,
 178                  
C51 COMPILER V9.00   CHARACTER                                                             04/24/2019 18:42:25 PAGE 4   

 179                  /*--  文字:  =  --*/
 180                  /*--  宋体9;  此字体下对应的点阵为：宽x高=8x15   --*/
 181                  /*--  高度不是8的倍数，现调整为：宽度x高度=8x16  --*/
 182                  0x02,0x02,0x02,0x02,0x02,0x02,0x02,0x00,0x40,0x40,0x40,0x40,0x40,0x40,0x40,0x00,
 183                  
 184                  /*--  文字:  >  --*/
 185                  /*--  宋体9;  此字体下对应的点阵为：宽x高=8x15   --*/
 186                  /*--  高度不是8的倍数，现调整为：宽度x高度=8x16  --*/
 187                  0x00,0x20,0x10,0x08,0x04,0x02,0x01,0x00,0x00,0x08,0x10,0x20,0x40,0x80,0x00,0x00,
 188                  
 189                  /*--  文字:  ?  --*/
 190                  /*--  宋体9;  此字体下对应的点阵为：宽x高=8x15   --*/
 191                  /*--  高度不是8的倍数，现调整为：宽度x高度=8x16  --*/
 192                  0x00,0x1C,0x20,0x20,0x20,0x21,0x1E,0x00,0x00,0x00,0x00,0x18,0xD8,0x00,0x00,0x00,
 193                  
 194                  /*--  文字:  @  --*/
 195                  /*--  宋体9;  此字体下对应的点阵为：宽x高=8x15   --*/
 196                  /*--  高度不是8的倍数，现调整为：宽度x高度=8x16  --*/
 197                  0x07,0x08,0x13,0x14,0x17,0x08,0x07,0x00,0xE0,0x10,0xE8,0x28,0xC8,0x28,0xD0,0x00,
 198                  
 199                  /*--  文字:  A  --*/
 200                  /*--  宋体9;  此字体下对应的点阵为：宽x高=8x15   --*/
 201                  /*--  高度不是8的倍数，现调整为：宽度x高度=8x16  --*/
 202                  0x00,0x00,0x07,0x18,0x07,0x00,0x00,0x00,0x08,0x78,0xC8,0x40,0xC8,0x78,0x08,0x00,
 203                  
 204                  /*--  文字:  B  --*/
 205                  /*--  宋体9;  此字体下对应的点阵为：宽x高=8x15   --*/
 206                  /*--  高度不是8的倍数，现调整为：宽度x高度=8x16  --*/
 207                  0x10,0x1F,0x11,0x11,0x11,0x12,0x0C,0x00,0x08,0xF8,0x08,0x08,0x08,0x88,0x70,0x00,
 208                  
 209                  /*--  文字:  C  --*/
 210                  /*--  宋体9;  此字体下对应的点阵为：宽x高=8x15   --*/
 211                  /*--  高度不是8的倍数，现调整为：宽度x高度=8x16  --*/
 212                  0x07,0x08,0x10,0x10,0x10,0x10,0x1C,0x00,0xE0,0x10,0x08,0x08,0x08,0x10,0x20,0x00,
 213                  
 214                  /*--  文字:  D  --*/
 215                  /*--  宋体9;  此字体下对应的点阵为：宽x高=8x15   --*/
 216                  /*--  高度不是8的倍数，现调整为：宽度x高度=8x16  --*/
 217                  0x10,0x1F,0x10,0x10,0x10,0x08,0x07,0x00,0x08,0xF8,0x08,0x08,0x08,0x10,0xE0,0x00,
 218                  
 219                  /*--  文字:  E  --*/
 220                  /*--  宋体9;  此字体下对应的点阵为：宽x高=8x15   --*/
 221                  /*--  高度不是8的倍数，现调整为：宽度x高度=8x16  --*/
 222                  0x10,0x1F,0x11,0x11,0x17,0x10,0x08,0x00,0x08,0xF8,0x08,0x08,0xC8,0x08,0x10,0x00,
 223                  
 224                  /*--  文字:  F  --*/
 225                  /*--  宋体9;  此字体下对应的点阵为：宽x高=8x15   --*/
 226                  /*--  高度不是8的倍数，现调整为：宽度x高度=8x16  --*/
 227                  0x10,0x1F,0x11,0x11,0x17,0x10,0x08,0x00,0x08,0xF8,0x08,0x00,0xC0,0x00,0x00,0x00,
 228                  
 229                  /*--  文字:  G  --*/
 230                  /*--  宋体9;  此字体下对应的点阵为：宽x高=8x15   --*/
 231                  /*--  高度不是8的倍数，现调整为：宽度x高度=8x16  --*/
 232                  0x07,0x08,0x10,0x10,0x10,0x1C,0x00,0x00,0xE0,0x10,0x08,0x08,0x48,0x70,0x40,0x00,
 233                  
 234                  /*--  文字:  H  --*/
 235                  /*--  宋体9;  此字体下对应的点阵为：宽x高=8x15   --*/
 236                  /*--  高度不是8的倍数，现调整为：宽度x高度=8x16  --*/
 237                  0x10,0x1F,0x11,0x01,0x11,0x1F,0x10,0x00,0x08,0xF8,0x08,0x00,0x08,0xF8,0x08,0x00,
 238                  
 239                  /*--  文字:  I  --*/
 240                  /*--  宋体9;  此字体下对应的点阵为：宽x高=8x15   --*/
C51 COMPILER V9.00   CHARACTER                                                             04/24/2019 18:42:25 PAGE 5   

 241                  /*--  高度不是8的倍数，现调整为：宽度x高度=8x16  --*/
 242                  0x00,0x10,0x10,0x1F,0x10,0x10,0x00,0x00,0x00,0x08,0x08,0xF8,0x08,0x08,0x00,0x00,
 243                  
 244                  /*--  文字:  J  --*/
 245                  /*--  宋体9;  此字体下对应的点阵为：宽x高=8x15   --*/
 246                  /*--  高度不是8的倍数，现调整为：宽度x高度=8x16  --*/
 247                  0x00,0x00,0x10,0x10,0x1F,0x10,0x10,0x00,0x06,0x02,0x02,0x02,0xFC,0x00,0x00,0x00,
 248                  
 249                  /*--  文字:  K  --*/
 250                  /*--  宋体9;  此字体下对应的点阵为：宽x高=8x15   --*/
 251                  /*--  高度不是8的倍数，现调整为：宽度x高度=8x16  --*/
 252                  0x10,0x1F,0x11,0x03,0x14,0x18,0x10,0x00,0x08,0xF8,0x08,0x80,0x68,0x18,0x08,0x00,
 253                  
 254                  /*--  文字:  L  --*/
 255                  /*--  宋体9;  此字体下对应的点阵为：宽x高=8x15   --*/
 256                  /*--  高度不是8的倍数，现调整为：宽度x高度=8x16  --*/
 257                  0x10,0x1F,0x10,0x00,0x00,0x00,0x00,0x00,0x08,0xF8,0x08,0x08,0x08,0x08,0x18,0x00,
 258                  
 259                  /*--  文字:  M  --*/
 260                  /*--  宋体9;  此字体下对应的点阵为：宽x高=8x15   --*/
 261                  /*--  高度不是8的倍数，现调整为：宽度x高度=8x16  --*/
 262                  0x10,0x1F,0x1E,0x01,0x1E,0x1F,0x10,0x00,0x08,0xF8,0x00,0xF8,0x00,0xF8,0x08,0x00,
 263                  
 264                  /*--  文字:  N  --*/
 265                  /*--  宋体9;  此字体下对应的点阵为：宽x高=8x15   --*/
 266                  /*--  高度不是8的倍数，现调整为：宽度x高度=8x16  --*/
 267                  0x10,0x1F,0x1C,0x03,0x10,0x1F,0x10,0x00,0x08,0xF8,0x08,0x80,0x70,0xF8,0x00,0x00,
 268                  
 269                  /*--  文字:  O  --*/
 270                  /*--  宋体9;  此字体下对应的点阵为：宽x高=8x15   --*/
 271                  /*--  高度不是8的倍数，现调整为：宽度x高度=8x16  --*/
 272                  0x07,0x08,0x10,0x10,0x10,0x08,0x07,0x00,0xE0,0x10,0x08,0x08,0x08,0x10,0xE0,0x00,
 273                  
 274                  /*--  文字:  P  --*/
 275                  /*--  宋体9;  此字体下对应的点阵为：宽x高=8x15   --*/
 276                  /*--  高度不是8的倍数，现调整为：宽度x高度=8x16  --*/
 277                  0x10,0x1F,0x11,0x11,0x11,0x11,0x0E,0x00,0x08,0xF8,0x08,0x00,0x00,0x00,0x00,0x00,
 278                  
 279                  /*--  文字:  Q  --*/
 280                  /*--  宋体9;  此字体下对应的点阵为：宽x高=8x15   --*/
 281                  /*--  高度不是8的倍数，现调整为：宽度x高度=8x16  --*/
 282                  0x07,0x08,0x10,0x10,0x10,0x08,0x07,0x00,0xE0,0x10,0x28,0x28,0x18,0x14,0xE4,0x00,
 283                  
 284                  /*--  文字:  R  --*/
 285                  /*--  宋体9;  此字体下对应的点阵为：宽x高=8x15   --*/
 286                  /*--  高度不是8的倍数，现调整为：宽度x高度=8x16  --*/
 287                  0x10,0x1F,0x11,0x11,0x11,0x0E,0x00,0x00,0x08,0xF8,0x08,0x80,0x60,0x18,0x08,0x00,
 288                  
 289                  /*--  文字:  S  --*/
 290                  /*--  宋体9;  此字体下对应的点阵为：宽x高=8x15   --*/
 291                  /*--  高度不是8的倍数，现调整为：宽度x高度=8x16  --*/
 292                  0x00,0x0E,0x11,0x11,0x10,0x10,0x1C,0x00,0x00,0x38,0x08,0x08,0x88,0x88,0x70,0x00,
 293                  
 294                  /*--  文字:  T  --*/
 295                  /*--  宋体9;  此字体下对应的点阵为：宽x高=8x15   --*/
 296                  /*--  高度不是8的倍数，现调整为：宽度x高度=8x16  --*/
 297                  0x18,0x10,0x10,0x1F,0x10,0x10,0x18,0x00,0x00,0x00,0x08,0xF8,0x08,0x00,0x00,0x00,
 298                  
 299                  /*--  文字:  U  --*/
 300                  /*--  宋体9;  此字体下对应的点阵为：宽x高=8x15   --*/
 301                  /*--  高度不是8的倍数，现调整为：宽度x高度=8x16  --*/
 302                  0x10,0x1F,0x10,0x00,0x10,0x1F,0x10,0x00,0x00,0xF0,0x08,0x08,0x08,0xF0,0x00,0x00,
C51 COMPILER V9.00   CHARACTER                                                             04/24/2019 18:42:25 PAGE 6   

 303                  
 304                  /*--  文字:  V  --*/
 305                  /*--  宋体9;  此字体下对应的点阵为：宽x高=8x15   --*/
 306                  /*--  高度不是8的倍数，现调整为：宽度x高度=8x16  --*/
 307                  0x10,0x1E,0x11,0x00,0x11,0x1E,0x10,0x00,0x00,0x00,0xE0,0x18,0xE0,0x00,0x00,0x00,
 308                  
 309                  /*--  文字:  W  --*/
 310                  /*--  宋体9;  此字体下对应的点阵为：宽x高=8x15   --*/
 311                  /*--  高度不是8的倍数，现调整为：宽度x高度=8x16  --*/
 312                  0x10,0x1F,0x00,0x1F,0x00,0x1F,0x10,0x00,0x00,0x80,0xF8,0x00,0xF8,0x80,0x00,0x00,
 313                  
 314                  /*--  文字:  X  --*/
 315                  /*--  宋体9;  此字体下对应的点阵为：宽x高=8x15   --*/
 316                  /*--  高度不是8的倍数，现调整为：宽度x高度=8x16  --*/
 317                  0x10,0x18,0x16,0x01,0x16,0x18,0x10,0x00,0x08,0x18,0x68,0x80,0x68,0x18,0x08,0x00,
 318                  
 319                  /*--  文字:  Y  --*/
 320                  /*--  宋体9;  此字体下对应的点阵为：宽x高=8x15   --*/
 321                  /*--  高度不是8的倍数，现调整为：宽度x高度=8x16  --*/
 322                  0x10,0x1C,0x13,0x00,0x13,0x1C,0x10,0x00,0x00,0x00,0x08,0xF8,0x08,0x00,0x00,0x00,
 323                  
 324                  /*--  文字:  Z  --*/
 325                  /*--  宋体9;  此字体下对应的点阵为：宽x高=8x15   --*/
 326                  /*--  高度不是8的倍数，现调整为：宽度x高度=8x16  --*/
 327                  0x00,0x08,0x10,0x10,0x13,0x1C,0x10,0x00,0x00,0x08,0x38,0xC8,0x08,0x08,0x18,0x00,
 328                  
 329                  /*--  文字:  [  --*/
 330                  /*--  宋体9;  此字体下对应的点阵为：宽x高=8x15   --*/
 331                  /*--  高度不是8的倍数，现调整为：宽度x高度=8x16  --*/
 332                  0x00,0x00,0x00,0x7F,0x40,0x40,0x40,0x00,0x00,0x00,0x00,0xFC,0x04,0x04,0x04,0x00,
 333                  
 334                  /*--  文字:  \  --*/
 335                  /*--  宋体9;  此字体下对应的点阵为：宽x高=8x15   --*/
 336                  /*--  高度不是8的倍数，现调整为：宽度x高度=8x16  --*/
 337                  0x00,0x30,0x0C,0x03,0x00,0x00,0x00,0x00,0x00,0x00,0x00,0x80,0x60,0x1C,0x02,0x00,
 338                  
 339                  /*--  文字:  ]  --*/
 340                  /*--  宋体9;  此字体下对应的点阵为：宽x高=8x15   --*/
 341                  /*--  高度不是8的倍数，现调整为：宽度x高度=8x16  --*/
 342                  0x00,0x40,0x40,0x40,0x7F,0x00,0x00,0x00,0x00,0x04,0x04,0x04,0xFC,0x00,0x00,0x00,
 343                  
 344                  /*--  文字:  ^  --*/
 345                  /*--  宋体9;  此字体下对应的点阵为：宽x高=8x15   --*/
 346                  /*--  高度不是8的倍数，现调整为：宽度x高度=8x16  --*/
 347                  0x00,0x00,0x20,0x40,0x40,0x20,0x00,0x00,0x00,0x00,0x00,0x00,0x00,0x00,0x00,0x00,
 348                  
 349                  /*--  文字:  _  --*/
 350                  /*--  宋体9;  此字体下对应的点阵为：宽x高=8x15   --*/
 351                  /*--  高度不是8的倍数，现调整为：宽度x高度=8x16  --*/
 352                  0x00,0x00,0x00,0x00,0x00,0x00,0x00,0x00,0x02,0x02,0x02,0x02,0x02,0x02,0x02,0x00,
 353                  
 354                  /*--  文字:  `  --*/
 355                  /*--  宋体9;  此字体下对应的点阵为：宽x高=8x15   --*/
 356                  /*--  高度不是8的倍数，现调整为：宽度x高度=8x16  --*/
 357                  0x00,0x40,0x40,0x20,0x00,0x00,0x00,0x00,0x00,0x00,0x00,0x00,0x00,0x00,0x00,0x00,
 358                  
 359                  /*--  文字:  a  --*/
 360                  /*--  宋体9;  此字体下对应的点阵为：宽x高=8x15   --*/
 361                  /*--  高度不是8的倍数，现调整为：宽度x高度=8x16  --*/
 362                  0x00,0x01,0x02,0x02,0x02,0x01,0x00,0x00,0x00,0x30,0x48,0x88,0x88,0xF8,0x08,0x00,
 363                  
 364                  /*--  文字:  b  --*/
C51 COMPILER V9.00   CHARACTER                                                             04/24/2019 18:42:25 PAGE 7   

 365                  /*--  宋体9;  此字体下对应的点阵为：宽x高=8x15   --*/
 366                  /*--  高度不是8的倍数，现调整为：宽度x高度=8x16  --*/
 367                  0x10,0x1F,0x01,0x02,0x02,0x02,0x01,0x00,0x00,0xF8,0x08,0x08,0x08,0x08,0xF0,0x00,
 368                  
 369                  /*--  文字:  c  --*/
 370                  /*--  宋体9;  此字体下对应的点阵为：宽x高=8x15   --*/
 371                  /*--  高度不是8的倍数，现调整为：宽度x高度=8x16  --*/
 372                  0x00,0x00,0x01,0x02,0x02,0x02,0x01,0x00,0x00,0xE0,0x10,0x08,0x08,0x08,0x10,0x00,
 373                  
 374                  /*--  文字:  d  --*/
 375                  /*--  宋体9;  此字体下对应的点阵为：宽x高=8x15   --*/
 376                  /*--  高度不是8的倍数，现调整为：宽度x高度=8x16  --*/
 377                  0x00,0x01,0x02,0x02,0x02,0x12,0x1F,0x00,0x00,0xF0,0x08,0x08,0x08,0x10,0xF8,0x08,
 378                  
 379                  /*--  文字:  e  --*/
 380                  /*--  宋体9;  此字体下对应的点阵为：宽x高=8x15   --*/
 381                  /*--  高度不是8的倍数，现调整为：宽度x高度=8x16  --*/
 382                  0x00,0x01,0x02,0x02,0x02,0x02,0x01,0x00,0x00,0xF0,0x88,0x88,0x88,0x88,0x90,0x00,
 383                  
 384                  /*--  文字:  f  --*/
 385                  /*--  宋体9;  此字体下对应的点阵为：宽x高=8x15   --*/
 386                  /*--  高度不是8的倍数，现调整为：宽度x高度=8x16  --*/
 387                  0x00,0x02,0x02,0x0F,0x12,0x12,0x18,0x00,0x00,0x08,0x08,0xF8,0x08,0x08,0x00,0x00,
 388                  
 389                  /*--  文字:  g  --*/
 390                  /*--  宋体9;  此字体下对应的点阵为：宽x高=8x15   --*/
 391                  /*--  高度不是8的倍数，现调整为：宽度x高度=8x16  --*/
 392                  0x00,0x01,0x02,0x02,0x02,0x03,0x02,0x00,0x00,0xAC,0x52,0x52,0x52,0x92,0x0C,0x00,
 393                  
 394                  /*--  文字:  h  --*/
 395                  /*--  宋体9;  此字体下对应的点阵为：宽x高=8x15   --*/
 396                  /*--  高度不是8的倍数，现调整为：宽度x高度=8x16  --*/
 397                  0x10,0x1F,0x01,0x02,0x02,0x02,0x01,0x00,0x08,0xF8,0x08,0x00,0x00,0x08,0xF8,0x08,
 398                  
 399                  /*--  文字:  i  --*/
 400                  /*--  宋体9;  此字体下对应的点阵为：宽x高=8x15   --*/
 401                  /*--  高度不是8的倍数，现调整为：宽度x高度=8x16  --*/
 402                  0x00,0x02,0x1A,0x1B,0x00,0x00,0x00,0x00,0x00,0x08,0x08,0xF8,0x08,0x08,0x00,0x00,
 403                  
 404                  /*--  文字:  j  --*/
 405                  /*--  宋体9;  此字体下对应的点阵为：宽x高=8x15   --*/
 406                  /*--  高度不是8的倍数，现调整为：宽度x高度=8x16  --*/
 407                  0x00,0x00,0x00,0x02,0x1A,0x1B,0x00,0x00,0x00,0x06,0x02,0x02,0x02,0xFC,0x00,0x00,
 408                  
 409                  /*--  文字:  k  --*/
 410                  /*--  宋体9;  此字体下对应的点阵为：宽x高=8x15   --*/
 411                  /*--  高度不是8的倍数，现调整为：宽度x高度=8x16  --*/
 412                  0x10,0x1F,0x00,0x00,0x03,0x02,0x02,0x00,0x08,0xF8,0x48,0x80,0x68,0x18,0x08,0x00,
 413                  
 414                  /*--  文字:  l  --*/
 415                  /*--  宋体9;  此字体下对应的点阵为：宽x高=8x15   --*/
 416                  /*--  高度不是8的倍数，现调整为：宽度x高度=8x16  --*/
 417                  0x00,0x10,0x10,0x1F,0x00,0x00,0x00,0x00,0x00,0x08,0x08,0xF8,0x08,0x08,0x00,0x00,
 418                  
 419                  /*--  文字:  m  --*/
 420                  /*--  宋体9;  此字体下对应的点阵为：宽x高=8x15   --*/
 421                  /*--  高度不是8的倍数，现调整为：宽度x高度=8x16  --*/
 422                  0x02,0x03,0x02,0x03,0x02,0x01,0x00,0x00,0x08,0xF8,0x00,0xF8,0x00,0xF8,0x08,0x00,
 423                  
 424                  /*--  文字:  n  --*/
 425                  /*--  宋体9;  此字体下对应的点阵为：宽x高=8x15   --*/
 426                  /*--  高度不是8的倍数，现调整为：宽度x高度=8x16  --*/
C51 COMPILER V9.00   CHARACTER                                                             04/24/2019 18:42:25 PAGE 8   

 427                  0x02,0x03,0x01,0x02,0x02,0x02,0x01,0x00,0x08,0xF8,0x08,0x00,0x00,0x08,0xF8,0x08,
 428                  
 429                  /*--  文字:  o  --*/
 430                  /*--  宋体9;  此字体下对应的点阵为：宽x高=8x15   --*/
 431                  /*--  高度不是8的倍数，现调整为：宽度x高度=8x16  --*/
 432                  0x00,0x00,0x01,0x02,0x02,0x01,0x00,0x00,0x00,0xE0,0x10,0x08,0x08,0x10,0xE0,0x00,
 433                  
 434                  /*--  文字:  p  --*/
 435                  /*--  宋体9;  此字体下对应的点阵为：宽x高=8x15   --*/
 436                  /*--  高度不是8的倍数，现调整为：宽度x高度=8x16  --*/
 437                  0x02,0x03,0x01,0x02,0x02,0x02,0x01,0x00,0x02,0xFE,0x0A,0x08,0x08,0x08,0xF0,0x00,
 438                  
 439                  /*--  文字:  q  --*/
 440                  /*--  宋体9;  此字体下对应的点阵为：宽x高=8x15   --*/
 441                  /*--  高度不是8的倍数，现调整为：宽度x高度=8x16  --*/
 442                  0x00,0x01,0x02,0x02,0x02,0x02,0x03,0x00,0x00,0xF0,0x08,0x08,0x08,0x12,0xFE,0x02,
 443                  
 444                  /*--  文字:  r  --*/
 445                  /*--  宋体9;  此字体下对应的点阵为：宽x高=8x15   --*/
 446                  /*--  高度不是8的倍数，现调整为：宽度x高度=8x16  --*/
 447                  0x02,0x02,0x03,0x01,0x02,0x02,0x03,0x00,0x08,0x08,0xF8,0x08,0x08,0x00,0x00,0x00,
 448                  
 449                  /*--  文字:  s  --*/
 450                  /*--  宋体9;  此字体下对应的点阵为：宽x高=8x15   --*/
 451                  /*--  高度不是8的倍数，现调整为：宽度x高度=8x16  --*/
 452                  0x00,0x01,0x02,0x02,0x02,0x03,0x00,0x00,0x00,0x98,0x48,0x48,0x48,0x30,0x00,0x00,
 453                  
 454                  /*--  文字:  t  --*/
 455                  /*--  宋体9;  此字体下对应的点阵为：宽x高=8x15   --*/
 456                  /*--  高度不是8的倍数，现调整为：宽度x高度=8x16  --*/
 457                  0x00,0x02,0x02,0x0F,0x02,0x02,0x00,0x00,0x00,0x00,0x00,0xF0,0x08,0x08,0x00,0x00,
 458                  
 459                  /*--  文字:  u  --*/
 460                  /*--  宋体9;  此字体下对应的点阵为：宽x高=8x15   --*/
 461                  /*--  高度不是8的倍数，现调整为：宽度x高度=8x16  --*/
 462                  0x02,0x03,0x00,0x00,0x00,0x02,0x03,0x00,0x00,0xF0,0x08,0x08,0x08,0x10,0xF8,0x08,
 463                  
 464                  /*--  文字:  v  --*/
 465                  /*--  宋体9;  此字体下对应的点阵为：宽x高=8x15   --*/
 466                  /*--  高度不是8的倍数，现调整为：宽度x高度=8x16  --*/
 467                  0x02,0x03,0x02,0x00,0x00,0x02,0x03,0x02,0x00,0x00,0xE0,0x18,0x20,0xC0,0x00,0x00,
 468                  
 469                  /*--  文字:  w  --*/
 470                  /*--  宋体9;  此字体下对应的点阵为：宽x高=8x15   --*/
 471                  /*--  高度不是8的倍数，现调整为：宽度x高度=8x16  --*/
 472                  0x02,0x03,0x00,0x03,0x00,0x03,0x02,0x00,0x00,0xC0,0x38,0xC0,0x38,0xC0,0x00,0x00,
 473                  
 474                  /*--  文字:  x  --*/
 475                  /*--  宋体9;  此字体下对应的点阵为：宽x高=8x15   --*/
 476                  /*--  高度不是8的倍数，现调整为：宽度x高度=8x16  --*/
 477                  0x00,0x02,0x03,0x00,0x02,0x03,0x02,0x00,0x00,0x08,0x18,0xE8,0xE0,0x18,0x08,0x00,
 478                  
 479                  /*--  文字:  y  --*/
 480                  /*--  宋体9;  此字体下对应的点阵为：宽x高=8x15   --*/
 481                  /*--  高度不是8的倍数，现调整为：宽度x高度=8x16  --*/
 482                  0x02,0x03,0x02,0x00,0x00,0x02,0x03,0x02,0x02,0x02,0xE2,0x1C,0x30,0xC0,0x00,0x00,
 483                  
 484                  /*--  文字:  z  --*/
 485                  /*--  宋体9;  此字体下对应的点阵为：宽x高=8x15   --*/
 486                  /*--  高度不是8的倍数，现调整为：宽度x高度=8x16  --*/
 487                  0x00,0x03,0x02,0x02,0x02,0x03,0x02,0x00,0x00,0x08,0x18,0x68,0x88,0x08,0x18,0x00,
 488                  
C51 COMPILER V9.00   CHARACTER                                                             04/24/2019 18:42:25 PAGE 9   

 489                  /*--  文字:  {  --*/
 490                  /*--  宋体9;  此字体下对应的点阵为：宽x高=8x15   --*/
 491                  /*--  高度不是8的倍数，现调整为：宽度x高度=8x16  --*/
 492                  0x00,0x00,0x00,0x01,0x7E,0x40,0x00,0x00,0x00,0x00,0x00,0x00,0xFC,0x04,0x00,0x00,
 493                  
 494                  /*--  文字:  |  --*/
 495                  /*--  宋体9;  此字体下对应的点阵为：宽x高=8x15   --*/
 496                  /*--  高度不是8的倍数，现调整为：宽度x高度=8x16  --*/
 497                  0x00,0x00,0x00,0xFF,0x00,0x00,0x00,0x00,0x00,0x00,0x00,0xFE,0x00,0x00,0x00,0x00,
 498                  
 499                  /*--  文字:  }  --*/
 500                  /*--  宋体9;  此字体下对应的点阵为：宽x高=8x15   --*/
 501                  /*--  高度不是8的倍数，现调整为：宽度x高度=8x16  --*/
 502                  0x00,0x00,0x40,0x7E,0x01,0x00,0x00,0x00,0x00,0x00,0x04,0xFC,0x00,0x00,0x00,0x00,
 503                  
 504                  /*--  文字:  ~  --*/
 505                  /*--  宋体9;  此字体下对应的点阵为：宽x高=8x15   --*/
 506                  /*--  高度不是8的倍数，现调整为：宽度x高度=8x16  --*/
 507                  0x00,0x60,0x80,0x80,0x40,0x20,0x20,0xC0,0x00,0x00,0x00,0x00,0x00,0x00,0x00,0x00,
 508                  
 509                  };


MODULE INFORMATION:   STATIC OVERLAYABLE
   CODE SIZE        =   ----    ----
   CONSTANT SIZE    =   1776    ----
   XDATA SIZE       =   ----    ----
   PDATA SIZE       =   ----    ----
   DATA SIZE        =   ----    ----
   IDATA SIZE       =   ----    ----
   BIT SIZE         =   ----    ----
END OF MODULE INFORMATION.


C51 COMPILATION COMPLETE.  0 WARNING(S),  0 ERROR(S)
