C51 COMPILER V9.00   TIMER3                                                                04/24/2019 18:42:25 PAGE 1   


C51 COMPILER V9.00, COMPILATION OF MODULE TIMER3
OBJECT MODULE PLACED IN .\Object\Timer3.obj
COMPILER INVOKED BY: D:\KeilC51\C51\BIN\C51.EXE Peripheral_C\Timer3.c BROWSE INCDIR(.\Peripheral_H;.\Common) DEBUG OBJEC
                    -TEXTEND PRINT(.\List\Timer3.lst) OBJECT(.\Object\Timer3.obj)

line level    source

   1          #include "C8051F020.h"
   2          #include "timer3.h"
   3          
   4          unsigned int timeUnit = 0;
   5          unsigned long timeTotal = 0;
   6          unsigned char timeFlag = 0;
   7          unsigned char timeThreshold = 10;
   8          
   9          void Timer_Init()
  10          {
  11   1          CKCON     = 0x20;
  12   1          TMR3CN    = 0x02;
  13   1      //    TMR3RLL   = 0xCD;  //定时器3计时1ms
  14   1      //    TMR3RLH   = 0xD4;
  15   1              TMR3RLL = 0xAE;    //定时器计时0.1ms
  16   1              TMR3RLH = 0xFB;
  17   1      }
  18          
  19          void OpenTimer3()  //开定时器
  20          {
  21   1              TMR3CN|=0x04;
  22   1      }
  23          
  24          void CloseTimer3() //关定时器
  25          {
  26   1              TMR3CN&=~0X04;
  27   1      }
  28          
  29          void TIMER3_ISR(void)interrupt 14
  30          {
  31   1              TMR3CN &= ~0x80;                     /* TMR3CN.7（TF3）置为0
  32   1                                                                                      TF3：定时器 3 溢出标志   
  33   1                                                                                      当定时器3从0xFFFF到0x0000溢出时由硬件置位。
  34   1                                                                                  当定时器3中断被允许时， 该位置‘1’使 CPU 转向定时器 3 的中断服务程序。
  35   1                                                                                  该位不能由硬件自动清 0， 必须用软件清 0。*/
  36   1              timeUnit++;
  37   1              if(timeUnit>=timeThreshold)
  38   1              {
  39   2                      timeUnit=0;
  40   2      //              timeTotal++;
  41   2      //              P5 ^=0x01;                                              //P5.1交替闪亮
  42   2                      timeFlag = 1;
  43   2              }
  44   1      
  45   1              
  46   1      }


MODULE INFORMATION:   STATIC OVERLAYABLE
   CODE SIZE        =     59    ----
   CONSTANT SIZE    =   ----    ----
   XDATA SIZE       =   ----    ----
   PDATA SIZE       =   ----    ----
   DATA SIZE        =      8    ----
C51 COMPILER V9.00   TIMER3                                                                04/24/2019 18:42:25 PAGE 2   

   IDATA SIZE       =   ----    ----
   BIT SIZE         =   ----    ----
END OF MODULE INFORMATION.


C51 COMPILATION COMPLETE.  0 WARNING(S),  0 ERROR(S)
