<html>
<body>
<pre>
<h1>礦ision Build Log</h1>
<h2>Tool Versions:</h2>
IDE-Version: μVision V5.14.0.0
Copyright (C) 2015 ARM Ltd and ARM Germany GmbH. All rights reserved.
License Information: xinbin shi, ccnu, LIC=HF8RA-1INUE-AUW4J-U901G-V7YGM-2QR9N
 
Tool Versions:
Toolchain:       MDK-ARM Professional  Version: 5.14.0.0
Toolchain Path:  D:\KeilMDK\ARM\ARMCC\Bin
C Compiler:      Armcc.exe V5.05 update 1 (build 106)
Assembler:       Armasm.exe V5.05 update 1 (build 106)
Linker/Locator:  ArmLink.exe V5.05 update 1 (build 106)
Library Manager: ArmAr.exe V5.05 update 1 (build 106)
Hex Converter:   FromElf.exe V5.05 update 1 (build 106)
CPU DLL:         SARMCM3.DLL V5.14.0.0
Dialog DLL:      DCM.DLL V1.13.1.0
Target DLL:      STLink\ST-LINKIII-KEIL_SWO.dll V2.0.14.0_KEIL
Dialog DLL:      TCM.DLL V1.14.4.0
 
<h2>Project:</h2>
E:\WindowsDesktop\STM32F4\实验6 PWM输出实验\USER\PWM.uvprojx
Project File Date:  07/03/2019

<h2>Output:</h2>
Build target 'PWM'
compiling main.c...
main.c(22): warning:  #223-D: function "TIM2_PWM_Init" declared implicitly
        TIM2_PWM_Init(499,83);  //84M/84=1Mhz的计数频率,重装载值500，所以PWM频率为 1M/500=2Khz.     
main.c(17): warning:  #177-D: variable "led0pwmval" was declared but never referenced
        u16 led0pwmval=0;    
main.c(18): warning:  #177-D: variable "dir" was declared but never referenced
        u8 dir=1;
main.c: 3 warnings, 0 errors
linking...
Program Size: Code=8536 RO-data=424 RW-data=48 ZI-data=1832  
FromELF: creating hex file...
"..\OBJ\PWM.axf" - 0 Error(s), 3 Warning(s).

<h2>Collection of Component include folders:</h2>
  E:\WindowsDesktop\STM32F4\实验6 PWM输出实验\USER\RTE
  D:\keilMDK\ARM\PACK\Keil\STM32F4xx_DFP\2.13.0

<h2>Collection of Component Files used:</h2>
</pre>
</body>
</html>
