################################################################################
#                                                                              #
#      IAR Universal Linker V6.4.6.89                                          #
#                                                                              #
#           Link time     =  28/Apr/2019  18:59:31                             #
#           Target CPU    =  MSP430                                            #
#           List file     =  E:\WindowsDesktop\Control\MSP430◊ ¡œ\MSP430¿˝≥Ã\m #
#                            sp430g2553¿˝≥Ã\g2553_00.g2553–°µ∆…¡À∏£¨P1.0Õ‚Ω”–° #
#                            µ∆…¡À∏°£\Debug\List\ledtest.map                   #
#           Output file 1 =  E:\WindowsDesktop\Control\MSP430◊ ¡œ\MSP430¿˝≥Ã\m #
#                            sp430g2553¿˝≥Ã\g2553_00.g2553–°µ∆…¡À∏£¨P1.0Õ‚Ω”–° #
#                            µ∆…¡À∏°£\Debug\Exe\ledtest.d43                    #
#                            Format: ubrof10                                   #
#                            UBROF version 10.0.6                              #
#                            Using library modules for C-SPY (-rt)             #
#           Command line  =  -f C:\Users\Think\AppData\Local\Temp\EW9BB2.tmp   #
#                            (E:\WindowsDesktop\Control\MSP430◊ ¡œ\MSP430¿˝≥Ã\ #
#                            msp430g2553¿˝≥Ã\g2553_00.g2553–°µ∆…¡À∏£¨P1.0Õ‚Ω”– #
#                            °µ∆…¡À∏°£\Debug\Obj\main.r43                      #
#                            -o                                                #
#                            E:\WindowsDesktop\Control\MSP430◊ ¡œ\MSP430¿˝≥Ã\m #
#                            sp430g2553¿˝≥Ã\g2553_00.g2553–°µ∆…¡À∏£¨P1.0Õ‚Ω”–° #
#                            µ∆…¡À∏°£\Debug\Exe\ledtest.d43                    #
#                            -l                                                #
#                            E:\WindowsDesktop\Control\MSP430◊ ¡œ\MSP430¿˝≥Ã\m #
#                            sp430g2553¿˝≥Ã\g2553_00.g2553–°µ∆…¡À∏£¨P1.0Õ‚Ω”–° #
#                            µ∆…¡À∏°£\Debug\List\ledtest.map                   #
#                            -xms -ID:\IAR\430\LIB\ -f                         #
#                            D:\IAR\430\config\linker\lnk430f5529.xcl          #
#                            (-cmsp430 -D?CPU30_OFFSET=2 -QCODE_I=CODE_ID      #
#                            -QTLS16_I=TLS16_ID -D__iar_HWMUL=4C0              #
#                            -Z(CONST)INFO=1800-19FF                           #
#                            -Z(CONST)INFOA=1980-19FF                          #
#                            -Z(CONST)INFOB=1900-197F                          #
#                            -Z(CONST)INFOC=1880-18FF                          #
#                            -Z(CONST)INFOD=1800-187F                          #
#                            -Z(DATA)USBRAM=1C00-23FF                          #
#                            -Z(DATA)DATA16_I,DATA16_Z,DATA16_N,TLS16_I=2400-4 #
#                            3FF                                               #
#                            -Z(DATA)DATA16_HEAP+_DATA16_HEAP_SIZE             #
#                            -Z(DATA)CODE_I                                    #
#                            -Z(DATA)DATA20_I,DATA20_Z,DATA20_N,DATA20_HEAP+_D #
#                            ATA20_HEAP_SIZE                                   #
#                            -Z(DATA)CSTACK+_STACK_SIZE#                       #
#                            -Z(CONST)DATA16_C,DATA16_ID,TLS16_ID,DIFUNCT,CHEC #
#                            KSUM=4400-FF7F                                    #
#                            -Z(CODE)CSTART,ISR_CODE,CODE16=4400-FF7F          #
#                            -P(CODE)CODE=4400-FF7F,10000-243FF                #
#                            -Z(CONST)DATA20_C,DATA20_ID,CODE_ID=4400-FF7F,100 #
#                            40-243FF                                          #
#                            -Z(CODE)INTVEC=FF80-FFFF                          #
#                            -Z(CODE)RESET=FFFE-FFFF) -f                       #
#                            D:\IAR\430\config\linker\multiplier32.xcl         #
#                            (-e?Mul8Hw=?Mul8 -e?Mul16Hw=?Mul16                #
#                            -e?Mul16to32uHw=?Mul16to32u                       #
#                            -e?Mul16to32sHw=?Mul16to32s -e?Mul32Hw32=?Mul32   #
#                            -e?Mul64Hw32=_Mul64i                              #
#                            -e?Mul32u32uto64iHw32=_Mul32u32uto64i             #
#                            -e?Mul32fHw32=_Mul32f                             #
#                            -e_Mul64fHw32Ptr=_Mul64fPtr) -D_STACK_SIZE=A0     #
#                            -rt D:\IAR\430\lib\dlib\dl430xlsfn.r43            #
#                            -e_PrintfLarge=_Printf -e_ScanfLarge=_Scanf       #
#                            -D_DATA16_HEAP_SIZE=A0 -s __program_start         #
#                            -D_DATA20_HEAP_SIZE=50)                           #
#                                                                              #
#                           Copyright (C) 1987-2016 IAR Systems AB.            #
################################################################################





                ****************************************
                *                                      *
                *           CROSS REFERENCE            *
                *                                      *
                ****************************************

       Program entry at :           4400  Relocatable, from module : ?cstart




                ****************************************
                *                                      *
                *            RUNTIME MODEL             *
                *                                      *
                ****************************************

  __Heap_Handler             = Basic
  __SystemLibrary            = DLib
  __code_model               = large
  __core                     = 430X
  __data_model               = small
  __dlib_file_descriptor     = 0
  __dlib_full_locale_support = 0
  __double_size              = 32
  __pic                      = no
  __reg_r4                   = free
  __reg_r5                   = free
  __rt_version               = 3

                ****************************************
                *                                      *
                *    AUTOMATIC SYMBOL REDIRECTIONS     *
                *                                      *
                ****************************************

                  There are no automatic symbol redirections.



                ****************************************
                *                                      *
                *              MODULE MAP              *
                *                                      *
                ****************************************


  DEFINED ABSOLUTE ENTRIES
    *************************************************************************

  DEFINED ABSOLUTE ENTRIES
  PROGRAM MODULE, NAME : ?ABS_ENTRY_MOD

Absolute parts
           ENTRY                   ADDRESS         REF BY
           =====                   =======         ======
           _DATA20_HEAP_SIZE       0050 
           _DATA16_HEAP_SIZE       00A0 
           _STACK_SIZE             00A0 
           __iar_HWMUL             04C0 
           ?CPU30_OFFSET           0002 
    *************************************************************************

  FILE NAME : E:\WindowsDesktop\Control\MSP430◊ ¡œ\MSP430¿˝≥Ã\msp430g2553¿˝≥Ã\g2553_00.g2553–°µ∆…¡À∏£¨P1.0Õ‚Ω”–°µ∆…¡À∏°£\Debug\Obj\main.r43
  PROGRAM MODULE, NAME : main

  SEGMENTS IN THE MODULE
  ======================
DATA16_AN
  Relative segment, address: 0202 - 0203 (0x2 bytes), align: 0
  Segment part 1. ROOT        Intra module refs:   main
           ENTRY                   ADDRESS         REF BY
           =====                   =======         ======
           _A_PAOUT                0202 
           LOCAL                   ADDRESS         
           =====                   =======         
           P1OUT                   0202 
           P1OUT_bit               0202 
           P2OUT                   0203 
           P2OUT_bit               0203 
           PAOUT                   0202 
           PAOUT_H                 0203 
           PAOUT_L                 0202 
           PAOUT_bit               0202 
    -------------------------------------------------------------------------
DATA16_AN
  Relative segment, address: 0204 - 0205 (0x2 bytes), align: 0
  Segment part 2. ROOT        Intra module refs:   main
           ENTRY                   ADDRESS         REF BY
           =====                   =======         ======
           _A_PADIR                0204 
           LOCAL                   ADDRESS         
           =====                   =======         
           P1DIR                   0204 
           P1DIR_bit               0204 
           P2DIR                   0205 
           P2DIR_bit               0205 
           PADIR                   0204 
           PADIR_H                 0205 
           PADIR_L                 0204 
           PADIR_bit               0204 
    -------------------------------------------------------------------------
DATA16_AN
  Relative segment, address: 015C - 015D (0x2 bytes), align: 0
  Segment part 3. ROOT        Intra module refs:   main
           ENTRY                   ADDRESS         REF BY
           =====                   =======         ======
           _A_WDTCTL               015C 
           LOCAL                   ADDRESS         
           =====                   =======         
           WDTCTL                  015C 
           WDTCTL_H                015D 
           WDTCTL_L                015C 
           WDTCTL_bit              015C 
    -------------------------------------------------------------------------
<CODE> 1 (was CODE)
  Relative segment, address: 4436 - 4445 (0x10 bytes), align: 1
  Segment part 5.             Intra module refs:   main
           ENTRY                   ADDRESS         REF BY
           =====                   =======         ======
           delay                   4436 
    -------------------------------------------------------------------------
<CODE> 1 (was CODE)
  Relative segment, address: 440C - 4421 (0x16 bytes), align: 1
  Segment part 6.
           ENTRY                   ADDRESS         REF BY
           =====                   =======         ======
           main                    440C            Segment part 26 (?cstart)
               calls direct

    *************************************************************************

  FILE NAME : D:\IAR\430\lib\dlib\dl430xlsfn.r43
  LIBRARY MODULE, NAME : ?__dbg_break

  SEGMENTS IN THE MODULE
  ======================
<CODE> 1 (was CODE)
  Relative segment, address: 444E - 444F (0x2 bytes), align: 1
  Segment part 2.
           ENTRY                   ADDRESS         REF BY
           =====                   =======         ======
           __DebugBreak            444E            __exit (?__exit)

    -------------------------------------------------------------------------
  LIBRARY MODULE, NAME : ?__exit

  SEGMENTS IN THE MODULE
  ======================
<CODE> 1 (was CODE)
  Relative segment, address: 4422 - 4435 (0x14 bytes), align: 1
  Segment part 2.
           ENTRY                   ADDRESS         REF BY
           =====                   =======         ======
           __exit                  4422            Segment part 6 (?_exit)
                                                   _exit (?_exit)
               calls direct

    -------------------------------------------------------------------------
  LIBRARY MODULE, NAME : ?_exit

  SEGMENTS IN THE MODULE
  ======================
<CODE> 1 (was CODE)
  Relative segment, address: 4446, align: 1
  Segment part 0.
           ENTRY                   ADDRESS         REF BY
           =====                   =======         ======
           _exit                   4446            exit (?exit)
    -------------------------------------------------------------------------
<CODE> 1 (was CODE)
  Relative segment, address: 4446 - 4449 (0x4 bytes), align: 1
  Segment part 6.             Intra module refs:   _exit

    -------------------------------------------------------------------------
  LIBRARY MODULE, NAME : ?cstart

  SEGMENTS IN THE MODULE
  ======================
CSTACK
  Relative segment, address: 4360, align: 1
  Segment part 1.
    -------------------------------------------------------------------------
CODE_I
  Relative segment, address: 2400, align: 1
  Segment part 5.
    -------------------------------------------------------------------------
CODE_ID
  Relative segment, address: 4450, align: 1
  Segment part 6.
    -------------------------------------------------------------------------
DATA20_Z
  Relative segment, address: 2400, align: 1
  Segment part 7.
    -------------------------------------------------------------------------
DATA20_I
  Relative segment, address: 2400, align: 1
  Segment part 8.
    -------------------------------------------------------------------------
DATA20_ID
  Relative segment, address: 4450, align: 1
  Segment part 9.
    -------------------------------------------------------------------------
DATA20_C
  Relative segment, address: 4450, align: 1
  Segment part 10.
    -------------------------------------------------------------------------
DATA20_N
  Relative segment, address: 2400, align: 1
  Segment part 12.
    -------------------------------------------------------------------------
CSTART
  Relative segment, address: 4400 - 4403 (0x4 bytes), align: 1
  Segment part 15.
           ENTRY                   ADDRESS         REF BY
           =====                   =======         ======
           __program_start         4400            ?reset_vector (?reset_vector)
                                                   Absolute parts (?ABS_ENTRY_MOD)
           ?cstart_begin           4400 
    -------------------------------------------------------------------------
CSTART
  Relative segment, address: 4404 - 440B (0x8 bytes), align: 1
  Segment part 26.            Intra module refs:   Segment part 15
           ENTRY                   ADDRESS         REF BY
           =====                   =======         ======
           ?cstart_call_main       4404 
           ?cstart_end             440C 
    -------------------------------------------------------------------------
CODE_ID
  Relative segment, address: 4450, align: 1
  Segment part 27.            Intra module refs:   Segment part 5

    -------------------------------------------------------------------------
  LIBRARY MODULE, NAME : ?reset_vector

  SEGMENTS IN THE MODULE
  ======================
RESET
  Relative segment, address: FFFE - FFFF (0x2 bytes), align: 1
  Segment part 0.
           ENTRY                   ADDRESS         REF BY
           =====                   =======         ======
           ?reset_vector           FFFE            Segment part 15 (?cstart)

    -------------------------------------------------------------------------
  LIBRARY MODULE, NAME : ?exit

  SEGMENTS IN THE MODULE
  ======================
<CODE> 1 (was CODE)
  Relative segment, address: 444A - 444D (0x4 bytes), align: 1
  Segment part 2.
           ENTRY                   ADDRESS         REF BY
           =====                   =======         ======
           exit                    444A            Segment part 26 (?cstart)
               calls direct




                ****************************************
                *                                      *
                *      SEGMENTS IN ADDRESS ORDER       *
                *                                      *
                ****************************************


SEGMENT              SPACE    START ADDRESS   END ADDRESS     SIZE  TYPE  ALIGN
=======              =====    =============   ===========     ====  ====  =====
DATA16_AN                              015C - 015D               2   rel    0
                                       0202 - 0205               4 
DATA20_N                                  2400                       rel    1
DATA20_Z                                  2400                       rel    1
DATA20_I                                  2400                       rel    1
CODE_I                                    2400                       rel    1
CSTACK                                 4360 - 43FF              A0   rel    1
CSTART                                 4400 - 440B               C   rel    1
<CODE> 1                               440C - 444F              44   rel    1
DATA20_ID                                 4450                       rel    1
CODE_ID                                   4450                       rel    1
DATA20_C                                  4450                       rel    1
RESET                                  FFFE - FFFF               2   rel    1

                ****************************************
                *                                      *
                *        END OF CROSS REFERENCE        *
                *                                      *
                ****************************************

  82 bytes of CODE memory
 160 bytes of DATA memory (+ 6 absolute )

Errors: none
Warnings: none

