C51 COMPILER V9.00   TIMER3                                                                07/12/2019 11:24:07 PAGE 1   


C51 COMPILER V9.00, COMPILATION OF MODULE TIMER3
OBJECT MODULE PLACED IN Timer3.OBJ
COMPILER INVOKED BY: D:\KeilC51\C51\BIN\C51.EXE Timer3.c BROWSE DEBUG OBJECTEXTEND

line level    source

   1          #include "C8051F020.h"
   2          #include "timer3.h"
   3          
   4          unsigned int ms=0;
   5          unsigned long sTotal=0;
   6          
   7          
   8          void TIMER3_ISR(void)interrupt 14
   9          {
  10   1              TMR3CN &= ~0x80;                     /* TMR3CN.7（TF3）置为0
  11   1                                                                                      TF3：定时器 3 溢出标志   
  12   1                                                                                      当定时器3从0xFFFF到0x0000溢出时由硬件置位。
  13   1                                                                                  当定时器3中断被允许时， 该位置‘1’使 CPU 转向定时器 3 的中断服务程序。
  14   1                                                                                  该位不能由硬件自动清 0， 必须用软件清 0。*/
  15   1              ms++;
  16   1              if(ms>999)
  17   1              {
  18   2                      ms=0;
  19   2                      sTotal++;
  20   2                      P5 ^=0x01;                                              //P5.1交替闪亮
  21   2      
  22   2              }
  23   1      
  24   1      
  25   1      }


MODULE INFORMATION:   STATIC OVERLAYABLE
   CODE SIZE        =     59    ----
   CONSTANT SIZE    =   ----    ----
   XDATA SIZE       =   ----    ----
   PDATA SIZE       =   ----    ----
   DATA SIZE        =      6    ----
   IDATA SIZE       =   ----    ----
   BIT SIZE         =   ----    ----
END OF MODULE INFORMATION.


C51 COMPILATION COMPLETE.  0 WARNING(S),  0 ERROR(S)
