C51 COMPILER V9.00   CHARACTER                                                             04/08/2019 19:09:33 PAGE 1   


C51 COMPILER V9.00, COMPILATION OF MODULE CHARACTER
OBJECT MODULE PLACED IN .\Object\Character.obj
COMPILER INVOKED BY: D:\KeilC51\C51\BIN\C51.EXE Common\Character.c BROWSE INCDIR(.\Peripheral_H;.\Common) DEBUG OBJECTEX
                    -TEND PRINT(.\List\Character.lst) OBJECT(.\Object\Character.obj)

line level    source

   1                  const unsigned char code Fix[32]={
   2                                  0x80,0x40,0x20,0x10,0x08,0x04,0x02,0x01,0x00,0x00,0x00,0x00,0x00,0x00,0x00,0x00,
   3                                  0x00,0x00,0x00,0x00,0x00,0x00,0x00,0x00,0x80,0x40,0x20,0x10,0x08,0x04,0x02,0x01,
   4                          }; 
   5          //扫描方式：纵向--先左右后上下
   6          //高位在前  
   7                  const unsigned char code DzkCode[7][32]={
   8                  /* 0xCBB3 [顺]   [0]*/
   9                          0x80,0x7F,0x20,0x3F,0x08,0xFF,0x02,0x4F,0x48,0x58,0x6B,0x48,0x48,0x4F,0x40,0x00,
  10                          0x02,0xFC,0x00,0xFC,0x00,0xFF,0x01,0xF2,0x84,0x58,0xE0,0x18,0x0C,0xF6,0x03,0x01,
  11                  /* 0xC4E6 [逆]   [1]*/
  12                          0x82,0x42,0x33,0x10,0x18,0x17,0x92,0x71,0x10,0x1F,0x10,0x30,0xD0,0x13,0x10,0x00,
  13                          0x02,0x04,0xF8,0x04,0x02,0xC6,0x4A,0x52,0xE2,0xC2,0x62,0x52,0x4A,0xE6,0x02,0x01,
  14                  /* 0xCAB1 [时]   [2]*/
  15                          0x80,0x7F,0x21,0x31,0x29,0x3F,0x02,0x09,0x08,0x08,0x08,0x08,0xFF,0x08,0x08,0x00,
  16                          0x00,0xFC,0x08,0x08,0x08,0xFC,0x00,0x00,0x80,0x60,0x22,0x11,0xFE,0x04,0x02,0x01,
  17                  /* 0xD5EB [针]   [3]*/
  18                          0x82,0x44,0x3C,0xF7,0x2C,0x24,0x22,0x03,0x02,0x02,0xFF,0x02,0x02,0x02,0x02,0x00,
  19                          0x80,0x80,0x80,0xFE,0x84,0x88,0x90,0x00,0x80,0x40,0xFF,0x10,0x08,0x04,0x02,0x01,
  20                  /* 0xD7AA [转]   [4]*/
  21                          0x93,0x5D,0xF1,0x17,0x19,0x15,0x02,0x13,0x12,0x17,0xFA,0x12,0x12,0x12,0x02,0x00,
  22                          0x10,0x18,0x10,0xFF,0x20,0x20,0x00,0x40,0xD0,0x48,0x64,0x5B,0x58,0x64,0x02,0x01,
  23                  /* 0xC8A6 [圈]   [5]*/
  24                          0x80,0x7F,0x62,0x5A,0x6B,0x5E,0x4E,0x7B,0x4A,0x5A,0x6B,0x4A,0x42,0x7F,0x00,0x00,
  25                          0x00,0xFF,0x42,0x82,0x02,0xF2,0x8A,0x8A,0xAA,0xEA,0x3A,0x92,0x4A,0xFF,0x02,0x01,
  26          //      /* 0xC3BF [每]   [6]*/
  27          //              0x84,0x48,0x30,0xDF,0x48,0x4C,0x4A,0x49,0x48,0x48,0x48,0x4F,0x40,0x40,0x00,0x00,
  28          //              0x80,0x80,0xF8,0x88,0x88,0x88,0xA8,0x98,0x8A,0xC9,0xAA,0xFC,0x88,0x8C,0x82,0x01,
  29          //      /* 0xC5C4 [拍]   [7]*/
  30          //              0x88,0x48,0x28,0xFF,0x08,0x0D,0x02,0x1F,0x10,0x30,0xD0,0x10,0x10,0x1F,0x00,0x00,
  31          //              0x20,0x22,0x41,0xFE,0x80,0x00,0x00,0xFF,0x82,0xC2,0xA2,0x92,0x8A,0xFF,0x02,0x01,
  32          //      /* 0xC6B5 [频]   [8]*/
  33          //              0x82,0x7E,0x22,0xFE,0x1A,0x16,0x02,0x4F,0x48,0x58,0x6B,0x48,0x48,0x4F,0x40,0x00,
  34          //              0x09,0x71,0x02,0xF2,0x04,0x78,0x01,0xF2,0x84,0x58,0xE0,0x18,0x0C,0xF6,0x03,0x01,
  35          //      /* 0xC2CA [率]   [9]*/
  36          //              0x80,0x68,0x25,0x32,0x2C,0x2C,0xB7,0x67,0x24,0x29,0x20,0x22,0x25,0x28,0x00,0x00,
  37          //              0x10,0x90,0x10,0x10,0x90,0x90,0x90,0xBF,0x90,0xD0,0xF0,0x10,0x18,0x94,0x12,0x01,
  38          //      /* 0xCBD9 [速]   [10]*/
  39          //              0x82,0x42,0x62,0x33,0x08,0x24,0x2F,0x29,0x29,0xFF,0x29,0x29,0x2F,0x20,0x00,0x00,
  40          //              0x00,0x02,0x04,0xF8,0x04,0x12,0x22,0x42,0x82,0xFA,0xA2,0x52,0x2A,0x16,0x02,0x01,
  41          //      /* 0xB6C8 [度]   [11]*/
  42          //              0x80,0x40,0x3F,0x34,0x2C,0x24,0x3F,0xA5,0x64,0x24,0x3F,0x24,0x24,0x24,0x20,0x00,
  43          //              0x02,0x0C,0xF1,0x01,0x21,0x32,0xAA,0xA4,0xA4,0xE4,0xAA,0x32,0x09,0x05,0x03,0x01,
  44          //      /* 0xB7D6 [分]   [12]*/
  45          //              0x81,0x42,0x24,0x19,0x19,0x65,0x03,0x01,0x01,0xC1,0x31,0x08,0x04,0x02,0x01,0x00,
  46          //              0x00,0x01,0x02,0x04,0x18,0xE0,0x00,0x02,0x81,0x42,0xFC,0x10,0x08,0x04,0x02,0x01,
  47          //      /* 0xBCF5 [减]   [13]*/
  48          //              0x80,0x40,0x30,0x13,0x08,0x1F,0x12,0x13,0x12,0x12,0x10,0xFF,0x10,0x90,0x51,0x00,
  49          //              0x40,0x40,0xFE,0x01,0x02,0xFC,0x00,0x78,0xC9,0x7A,0x24,0xF8,0x1C,0x66,0x8F,0x01,
  50          //      /* 0xC9D9 [少]   [14]*/
  51          //              0x80,0x40,0x21,0x16,0x18,0x04,0x02,0xFF,0x00,0x00,0x10,0x09,0x04,0x03,0x00,0x00,
  52          //              0x00,0x81,0x01,0x01,0x02,0x02,0x04,0xC8,0x90,0x60,0x60,0x90,0x08,0x04,0x02,0x01,
  53          //      /* 0xD4F6 [增]   [15]*/
  54          //              0x84,0x44,0xFF,0x14,0x0C,0x1F,0x92,0x55,0x12,0x1F,0x12,0x54,0x90,0x1F,0x00,0x00,
C51 COMPILER V9.00   CHARACTER                                                             04/08/2019 19:09:33 PAGE 2   

  55          //              0x08,0x0C,0xF8,0x10,0x10,0x80,0xBF,0xAA,0xAA,0xEA,0xAA,0xBA,0xBF,0x84,0x02,0x01,
  56          //      /* 0xBCD3 [加]   [16]*/
  57          //              0x88,0x48,0x28,0xFF,0x08,0x0C,0x0F,0x01,0x00,0x1F,0x10,0x10,0x10,0x1F,0x00,0x00,
  58          //              0x01,0x02,0x0C,0xF0,0x02,0x01,0xFE,0x00,0x80,0xFE,0x24,0x14,0x0C,0xFE,0x02,0x01,
  59          //      
  60                          0xFF,0xFF,0xFF,0xFF,0xFF,0xFF,0xFF,0xFF,0xFF,0xFF,0xFF,0xFF,0xFF,0xFF,0xFF,0xFF,
  61                          0xFF,0xFF,0xFF,0xFF,0xFF,0xFF,0xFF,0xFF,0xFF,0xFF,0xFF,0xFF,0xFF,0xFF,0xFF,0xFF,
  62                  };
  63          
  64                  //extern const unsigned char code AsciiFontData[95][16];
  65                  const unsigned char code AsciiFontData[95][16]  =
  66                  {
  67                  /*--  文字:     --*/
  68                  /*--  宋体9;  此字体下对应的点阵为：宽x高=8x15   --*/
  69                  /*--  高度不是8的倍数，现调整为：宽度x高度=8x16  --*/
  70                  0x00,0x00,0x00,0x00,0x00,0x00,0x00,0x00,0x00,0x00,0x00,0x00,0x00,0x00,0x00,0x00,
  71                  
  72                  /*--  文字:  !  --*/
  73                  /*--  宋体9;  此字体下对应的点阵为：宽x高=8x15   --*/
  74                  /*--  高度不是8的倍数，现调整为：宽度x高度=8x16  --*/
  75                  0x00,0x00,0x00,0x3F,0x00,0x00,0x00,0x00,0x00,0x00,0x00,0x98,0x18,0x00,0x00,0x00,
  76                  
  77                  /*--  文字:  "  --*/
  78                  /*--  宋体9;  此字体下对应的点阵为：宽x高=8x15   --*/
  79                  /*--  高度不是8的倍数，现调整为：宽度x高度=8x16  --*/
  80                  0x00,0x08,0x30,0x48,0x30,0x40,0x00,0x00,0x00,0x00,0x00,0x00,0x00,0x00,0x00,0x00,
  81                  
  82                  /*--  文字:  #  --*/
  83                  /*--  宋体9;  此字体下对应的点阵为：宽x高=8x15   --*/
  84                  /*--  高度不是8的倍数，现调整为：宽度x高度=8x16  --*/
  85                  0x00,0x04,0x04,0x1F,0x04,0x1F,0x04,0x00,0x00,0x40,0xF8,0x40,0xF8,0x40,0x40,0x00,
  86                  
  87                  /*--  文字:  $  --*/
  88                  /*--  宋体9;  此字体下对应的点阵为：宽x高=8x15   --*/
  89                  /*--  高度不是8的倍数，现调整为：宽度x高度=8x16  --*/
  90                  0x00,0x0E,0x11,0x3F,0x10,0x0C,0x00,0x00,0x00,0x30,0x08,0xFE,0x88,0x70,0x00,0x00,
  91                  
  92                  /*--  文字:  %  --*/
  93                  /*--  宋体9;  此字体下对应的点阵为：宽x高=8x15   --*/
  94                  /*--  高度不是8的倍数，现调整为：宽度x高度=8x16  --*/
  95                  0x0E,0x11,0x0E,0x01,0x06,0x18,0x00,0x00,0x00,0x18,0x60,0x80,0x70,0x88,0x70,0x00,
  96                  
  97                  /*--  文字:  &  --*/
  98                  /*--  宋体9;  此字体下对应的点阵为：宽x高=8x15   --*/
  99                  /*--  高度不是8的倍数，现调整为：宽度x高度=8x16  --*/
 100                  0x00,0x0F,0x11,0x0F,0x01,0x01,0x00,0x00,0xF0,0x08,0xC8,0x28,0xF0,0x08,0x08,0x00,
 101                  
 102                  /*--  文字:  '  --*/
 103                  /*--  宋体9;  此字体下对应的点阵为：宽x高=8x15   --*/
 104                  /*--  高度不是8的倍数，现调整为：宽度x高度=8x16  --*/
 105                  0x08,0x68,0x70,0x00,0x00,0x00,0x00,0x00,0x00,0x00,0x00,0x00,0x00,0x00,0x00,0x00,
 106                  
 107                  /*--  文字:  (  --*/
 108                  /*--  宋体9;  此字体下对应的点阵为：宽x高=8x15   --*/
 109                  /*--  高度不是8的倍数，现调整为：宽度x高度=8x16  --*/
 110                  0x00,0x00,0x00,0x07,0x18,0x20,0x40,0x00,0x00,0x00,0x00,0xC0,0x30,0x08,0x04,0x00,
 111                  
 112                  /*--  文字:  )  --*/
 113                  /*--  宋体9;  此字体下对应的点阵为：宽x高=8x15   --*/
 114                  /*--  高度不是8的倍数，现调整为：宽度x高度=8x16  --*/
 115                  0x00,0x40,0x20,0x18,0x07,0x00,0x00,0x00,0x00,0x04,0x08,0x30,0xC0,0x00,0x00,0x00,
 116                  
C51 COMPILER V9.00   CHARACTER                                                             04/08/2019 19:09:33 PAGE 3   

 117                  /*--  文字:  *  --*/
 118                  /*--  宋体9;  此字体下对应的点阵为：宽x高=8x15   --*/
 119                  /*--  高度不是8的倍数，现调整为：宽度x高度=8x16  --*/
 120                  0x02,0x02,0x01,0x0F,0x01,0x02,0x02,0x00,0x40,0x40,0x80,0xF0,0x80,0x40,0x40,0x00,
 121                  
 122                  /*--  文字:  +  --*/
 123                  /*--  宋体9;  此字体下对应的点阵为：宽x高=8x15   --*/
 124                  /*--  高度不是8的倍数，现调整为：宽度x高度=8x16  --*/
 125                  0x01,0x01,0x01,0x0F,0x01,0x01,0x01,0x00,0x00,0x00,0x00,0xE0,0x00,0x00,0x00,0x00,
 126                  
 127                  /*--  文字:  ,  --*/
 128                  /*--  宋体9;  此字体下对应的点阵为：宽x高=8x15   --*/
 129                  /*--  高度不是8的倍数，现调整为：宽度x高度=8x16  --*/
 130                  0x00,0x00,0x00,0x00,0x00,0x00,0x00,0x00,0x02,0x1A,0x1C,0x00,0x00,0x00,0x00,0x00,
 131                  
 132                  /*--  文字:  -  --*/
 133                  /*--  宋体9;  此字体下对应的点阵为：宽x高=8x15   --*/
 134                  /*--  高度不是8的倍数，现调整为：宽度x高度=8x16  --*/
 135                  0x01,0x01,0x01,0x01,0x01,0x01,0x01,0x00,0x00,0x00,0x00,0x00,0x00,0x00,0x00,0x00,
 136                  
 137                  /*--  文字:  .  --*/
 138                  /*--  宋体9;  此字体下对应的点阵为：宽x高=8x15   --*/
 139                  /*--  高度不是8的倍数，现调整为：宽度x高度=8x16  --*/
 140                  0x00,0x00,0x00,0x00,0x00,0x00,0x00,0x00,0x00,0x18,0x18,0x00,0x00,0x00,0x00,0x00,
 141                  
 142                  /*--  文字:  /  --*/
 143                  /*--  宋体9;  此字体下对应的点阵为：宽x高=8x15   --*/
 144                  /*--  高度不是8的倍数，现调整为：宽度x高度=8x16  --*/
 145                  0x00,0x00,0x00,0x01,0x06,0x38,0x40,0x00,0x00,0x0C,0x30,0xC0,0x00,0x00,0x00,0x00,
 146                  
 147                  /*--  文字:  0  --*/
 148                  /*--  宋体9;  此字体下对应的点阵为：宽x高=8x15   --*/
 149                  /*--  高度不是8的倍数，现调整为：宽度x高度=8x16  --*/
 150                  0x00,0x07,0x08,0x10,0x10,0x08,0x07,0x00,0x00,0xE0,0x10,0x08,0x08,0x10,0xE0,0x00,
 151                  
 152                  /*--  文字:  1  --*/
 153                  /*--  宋体9;  此字体下对应的点阵为：宽x高=8x15   --*/
 154                  /*--  高度不是8的倍数，现调整为：宽度x高度=8x16  --*/
 155                  0x00,0x08,0x08,0x1F,0x00,0x00,0x00,0x00,0x00,0x08,0x08,0xF8,0x08,0x08,0x00,0x00,
 156                  
 157                  /*--  文字:  2  --*/
 158                  /*--  宋体9;  此字体下对应的点阵为：宽x高=8x15   --*/
 159                  /*--  高度不是8的倍数，现调整为：宽度x高度=8x16  --*/
 160                  0x00,0x0C,0x10,0x10,0x10,0x11,0x0E,0x00,0x00,0x18,0x28,0x48,0x88,0x08,0x18,0x00,
 161                  
 162                  /*--  文字:  3  --*/
 163                  /*--  宋体9;  此字体下对应的点阵为：宽x高=8x15   --*/
 164                  /*--  高度不是8的倍数，现调整为：宽度x高度=8x16  --*/
 165                  0x00,0x0C,0x10,0x11,0x11,0x12,0x0C,0x00,0x00,0x30,0x08,0x08,0x08,0x88,0x70,0x00,
 166                  
 167                  /*--  文字:  4  --*/
 168                  /*--  宋体9;  此字体下对应的点阵为：宽x高=8x15   --*/
 169                  /*--  高度不是8的倍数，现调整为：宽度x高度=8x16  --*/
 170                  0x00,0x01,0x02,0x04,0x1F,0x00,0x00,0x00,0x00,0xC0,0x40,0x48,0xF8,0x48,0x48,0x00,
 171                  
 172                  /*--  文字:  5  --*/
 173                  /*--  宋体9;  此字体下对应的点阵为：宽x高=8x15   --*/
 174                  /*--  高度不是8的倍数，现调整为：宽度x高度=8x16  --*/
 175                  0x00,0x1F,0x11,0x12,0x12,0x12,0x11,0x00,0x00,0x30,0x08,0x08,0x08,0x08,0xF0,0x00,
 176                  
 177                  /*--  文字:  6  --*/
 178                  /*--  宋体9;  此字体下对应的点阵为：宽x高=8x15   --*/
C51 COMPILER V9.00   CHARACTER                                                             04/08/2019 19:09:33 PAGE 4   

 179                  /*--  高度不是8的倍数，现调整为：宽度x高度=8x16  --*/
 180                  0x00,0x07,0x08,0x11,0x11,0x19,0x00,0x00,0x00,0xF0,0x88,0x08,0x08,0x08,0xF0,0x00,
 181                  
 182                  /*--  文字:  7  --*/
 183                  /*--  宋体9;  此字体下对应的点阵为：宽x高=8x15   --*/
 184                  /*--  高度不是8的倍数，现调整为：宽度x高度=8x16  --*/
 185                  0x00,0x1C,0x10,0x10,0x13,0x1C,0x10,0x00,0x00,0x00,0x00,0xF8,0x00,0x00,0x00,0x00,
 186                  
 187                  /*--  文字:  8  --*/
 188                  /*--  宋体9;  此字体下对应的点阵为：宽x高=8x15   --*/
 189                  /*--  高度不是8的倍数，现调整为：宽度x高度=8x16  --*/
 190                  0x00,0x0E,0x11,0x11,0x11,0x11,0x0E,0x00,0x00,0x70,0x88,0x08,0x08,0x88,0x70,0x00,
 191                  
 192                  /*--  文字:  9  --*/
 193                  /*--  宋体9;  此字体下对应的点阵为：宽x高=8x15   --*/
 194                  /*--  高度不是8的倍数，现调整为：宽度x高度=8x16  --*/
 195                  0x00,0x0F,0x10,0x10,0x10,0x09,0x07,0x00,0x00,0x00,0x98,0x88,0x88,0x10,0xE0,0x00,
 196                  
 197                  /*--  文字:  :  --*/
 198                  /*--  宋体9;  此字体下对应的点阵为：宽x高=8x15   --*/
 199                  /*--  高度不是8的倍数，现调整为：宽度x高度=8x16  --*/
 200                  0x00,0x00,0x00,0x03,0x03,0x00,0x00,0x00,0x00,0x00,0x00,0x18,0x18,0x00,0x00,0x00,
 201                  
 202                  /*--  文字:  ;  --*/
 203                  /*--  宋体9;  此字体下对应的点阵为：宽x高=8x15   --*/
 204                  /*--  高度不是8的倍数，现调整为：宽度x高度=8x16  --*/
 205                  0x00,0x00,0x00,0x02,0x00,0x00,0x00,0x00,0x00,0x00,0x02,0x0C,0x00,0x00,0x00,0x00,
 206                  
 207                  /*--  文字:  <  --*/
 208                  /*--  宋体9;  此字体下对应的点阵为：宽x高=8x15   --*/
 209                  /*--  高度不是8的倍数，现调整为：宽度x高度=8x16  --*/
 210                  0x00,0x01,0x02,0x04,0x08,0x10,0x20,0x00,0x00,0x00,0x80,0x40,0x20,0x10,0x08,0x00,
 211                  
 212                  /*--  文字:  =  --*/
 213                  /*--  宋体9;  此字体下对应的点阵为：宽x高=8x15   --*/
 214                  /*--  高度不是8的倍数，现调整为：宽度x高度=8x16  --*/
 215                  0x02,0x02,0x02,0x02,0x02,0x02,0x02,0x00,0x40,0x40,0x40,0x40,0x40,0x40,0x40,0x00,
 216                  
 217                  /*--  文字:  >  --*/
 218                  /*--  宋体9;  此字体下对应的点阵为：宽x高=8x15   --*/
 219                  /*--  高度不是8的倍数，现调整为：宽度x高度=8x16  --*/
 220                  0x00,0x20,0x10,0x08,0x04,0x02,0x01,0x00,0x00,0x08,0x10,0x20,0x40,0x80,0x00,0x00,
 221                  
 222                  /*--  文字:  ?  --*/
 223                  /*--  宋体9;  此字体下对应的点阵为：宽x高=8x15   --*/
 224                  /*--  高度不是8的倍数，现调整为：宽度x高度=8x16  --*/
 225                  0x00,0x1C,0x20,0x20,0x20,0x21,0x1E,0x00,0x00,0x00,0x00,0x18,0xD8,0x00,0x00,0x00,
 226                  
 227                  /*--  文字:  @  --*/
 228                  /*--  宋体9;  此字体下对应的点阵为：宽x高=8x15   --*/
 229                  /*--  高度不是8的倍数，现调整为：宽度x高度=8x16  --*/
 230                  0x07,0x08,0x13,0x14,0x17,0x08,0x07,0x00,0xE0,0x10,0xE8,0x28,0xC8,0x28,0xD0,0x00,
 231                  
 232                  /*--  文字:  A  --*/
 233                  /*--  宋体9;  此字体下对应的点阵为：宽x高=8x15   --*/
 234                  /*--  高度不是8的倍数，现调整为：宽度x高度=8x16  --*/
 235                  0x00,0x00,0x07,0x18,0x07,0x00,0x00,0x00,0x08,0x78,0xC8,0x40,0xC8,0x78,0x08,0x00,
 236                  
 237                  /*--  文字:  B  --*/
 238                  /*--  宋体9;  此字体下对应的点阵为：宽x高=8x15   --*/
 239                  /*--  高度不是8的倍数，现调整为：宽度x高度=8x16  --*/
 240                  0x10,0x1F,0x11,0x11,0x11,0x12,0x0C,0x00,0x08,0xF8,0x08,0x08,0x08,0x88,0x70,0x00,
C51 COMPILER V9.00   CHARACTER                                                             04/08/2019 19:09:33 PAGE 5   

 241                  
 242                  /*--  文字:  C  --*/
 243                  /*--  宋体9;  此字体下对应的点阵为：宽x高=8x15   --*/
 244                  /*--  高度不是8的倍数，现调整为：宽度x高度=8x16  --*/
 245                  0x07,0x08,0x10,0x10,0x10,0x10,0x1C,0x00,0xE0,0x10,0x08,0x08,0x08,0x10,0x20,0x00,
 246                  
 247                  /*--  文字:  D  --*/
 248                  /*--  宋体9;  此字体下对应的点阵为：宽x高=8x15   --*/
 249                  /*--  高度不是8的倍数，现调整为：宽度x高度=8x16  --*/
 250                  0x10,0x1F,0x10,0x10,0x10,0x08,0x07,0x00,0x08,0xF8,0x08,0x08,0x08,0x10,0xE0,0x00,
 251                  
 252                  /*--  文字:  E  --*/
 253                  /*--  宋体9;  此字体下对应的点阵为：宽x高=8x15   --*/
 254                  /*--  高度不是8的倍数，现调整为：宽度x高度=8x16  --*/
 255                  0x10,0x1F,0x11,0x11,0x17,0x10,0x08,0x00,0x08,0xF8,0x08,0x08,0xC8,0x08,0x10,0x00,
 256                  
 257                  /*--  文字:  F  --*/
 258                  /*--  宋体9;  此字体下对应的点阵为：宽x高=8x15   --*/
 259                  /*--  高度不是8的倍数，现调整为：宽度x高度=8x16  --*/
 260                  0x10,0x1F,0x11,0x11,0x17,0x10,0x08,0x00,0x08,0xF8,0x08,0x00,0xC0,0x00,0x00,0x00,
 261                  
 262                  /*--  文字:  G  --*/
 263                  /*--  宋体9;  此字体下对应的点阵为：宽x高=8x15   --*/
 264                  /*--  高度不是8的倍数，现调整为：宽度x高度=8x16  --*/
 265                  0x07,0x08,0x10,0x10,0x10,0x1C,0x00,0x00,0xE0,0x10,0x08,0x08,0x48,0x70,0x40,0x00,
 266                  
 267                  /*--  文字:  H  --*/
 268                  /*--  宋体9;  此字体下对应的点阵为：宽x高=8x15   --*/
 269                  /*--  高度不是8的倍数，现调整为：宽度x高度=8x16  --*/
 270                  0x10,0x1F,0x11,0x01,0x11,0x1F,0x10,0x00,0x08,0xF8,0x08,0x00,0x08,0xF8,0x08,0x00,
 271                  
 272                  /*--  文字:  I  --*/
 273                  /*--  宋体9;  此字体下对应的点阵为：宽x高=8x15   --*/
 274                  /*--  高度不是8的倍数，现调整为：宽度x高度=8x16  --*/
 275                  0x00,0x10,0x10,0x1F,0x10,0x10,0x00,0x00,0x00,0x08,0x08,0xF8,0x08,0x08,0x00,0x00,
 276                  
 277                  /*--  文字:  J  --*/
 278                  /*--  宋体9;  此字体下对应的点阵为：宽x高=8x15   --*/
 279                  /*--  高度不是8的倍数，现调整为：宽度x高度=8x16  --*/
 280                  0x00,0x00,0x10,0x10,0x1F,0x10,0x10,0x00,0x06,0x02,0x02,0x02,0xFC,0x00,0x00,0x00,
 281                  
 282                  /*--  文字:  K  --*/
 283                  /*--  宋体9;  此字体下对应的点阵为：宽x高=8x15   --*/
 284                  /*--  高度不是8的倍数，现调整为：宽度x高度=8x16  --*/
 285                  0x10,0x1F,0x11,0x03,0x14,0x18,0x10,0x00,0x08,0xF8,0x08,0x80,0x68,0x18,0x08,0x00,
 286                  
 287                  /*--  文字:  L  --*/
 288                  /*--  宋体9;  此字体下对应的点阵为：宽x高=8x15   --*/
 289                  /*--  高度不是8的倍数，现调整为：宽度x高度=8x16  --*/
 290                  0x10,0x1F,0x10,0x00,0x00,0x00,0x00,0x00,0x08,0xF8,0x08,0x08,0x08,0x08,0x18,0x00,
 291                  
 292                  /*--  文字:  M  --*/
 293                  /*--  宋体9;  此字体下对应的点阵为：宽x高=8x15   --*/
 294                  /*--  高度不是8的倍数，现调整为：宽度x高度=8x16  --*/
 295                  0x10,0x1F,0x1E,0x01,0x1E,0x1F,0x10,0x00,0x08,0xF8,0x00,0xF8,0x00,0xF8,0x08,0x00,
 296                  
 297                  /*--  文字:  N  --*/
 298                  /*--  宋体9;  此字体下对应的点阵为：宽x高=8x15   --*/
 299                  /*--  高度不是8的倍数，现调整为：宽度x高度=8x16  --*/
 300                  0x10,0x1F,0x1C,0x03,0x10,0x1F,0x10,0x00,0x08,0xF8,0x08,0x80,0x70,0xF8,0x00,0x00,
 301                  
 302                  /*--  文字:  O  --*/
C51 COMPILER V9.00   CHARACTER                                                             04/08/2019 19:09:33 PAGE 6   

 303                  /*--  宋体9;  此字体下对应的点阵为：宽x高=8x15   --*/
 304                  /*--  高度不是8的倍数，现调整为：宽度x高度=8x16  --*/
 305                  0x07,0x08,0x10,0x10,0x10,0x08,0x07,0x00,0xE0,0x10,0x08,0x08,0x08,0x10,0xE0,0x00,
 306                  
 307                  /*--  文字:  P  --*/
 308                  /*--  宋体9;  此字体下对应的点阵为：宽x高=8x15   --*/
 309                  /*--  高度不是8的倍数，现调整为：宽度x高度=8x16  --*/
 310                  0x10,0x1F,0x11,0x11,0x11,0x11,0x0E,0x00,0x08,0xF8,0x08,0x00,0x00,0x00,0x00,0x00,
 311                  
 312                  /*--  文字:  Q  --*/
 313                  /*--  宋体9;  此字体下对应的点阵为：宽x高=8x15   --*/
 314                  /*--  高度不是8的倍数，现调整为：宽度x高度=8x16  --*/
 315                  0x07,0x08,0x10,0x10,0x10,0x08,0x07,0x00,0xE0,0x10,0x28,0x28,0x18,0x14,0xE4,0x00,
 316                  
 317                  /*--  文字:  R  --*/
 318                  /*--  宋体9;  此字体下对应的点阵为：宽x高=8x15   --*/
 319                  /*--  高度不是8的倍数，现调整为：宽度x高度=8x16  --*/
 320                  0x10,0x1F,0x11,0x11,0x11,0x0E,0x00,0x00,0x08,0xF8,0x08,0x80,0x60,0x18,0x08,0x00,
 321                  
 322                  /*--  文字:  S  --*/
 323                  /*--  宋体9;  此字体下对应的点阵为：宽x高=8x15   --*/
 324                  /*--  高度不是8的倍数，现调整为：宽度x高度=8x16  --*/
 325                  0x00,0x0E,0x11,0x11,0x10,0x10,0x1C,0x00,0x00,0x38,0x08,0x08,0x88,0x88,0x70,0x00,
 326                  
 327                  /*--  文字:  T  --*/
 328                  /*--  宋体9;  此字体下对应的点阵为：宽x高=8x15   --*/
 329                  /*--  高度不是8的倍数，现调整为：宽度x高度=8x16  --*/
 330                  0x18,0x10,0x10,0x1F,0x10,0x10,0x18,0x00,0x00,0x00,0x08,0xF8,0x08,0x00,0x00,0x00,
 331                  
 332                  /*--  文字:  U  --*/
 333                  /*--  宋体9;  此字体下对应的点阵为：宽x高=8x15   --*/
 334                  /*--  高度不是8的倍数，现调整为：宽度x高度=8x16  --*/
 335                  0x10,0x1F,0x10,0x00,0x10,0x1F,0x10,0x00,0x00,0xF0,0x08,0x08,0x08,0xF0,0x00,0x00,
 336                  
 337                  /*--  文字:  V  --*/
 338                  /*--  宋体9;  此字体下对应的点阵为：宽x高=8x15   --*/
 339                  /*--  高度不是8的倍数，现调整为：宽度x高度=8x16  --*/
 340                  0x10,0x1E,0x11,0x00,0x11,0x1E,0x10,0x00,0x00,0x00,0xE0,0x18,0xE0,0x00,0x00,0x00,
 341                  
 342                  /*--  文字:  W  --*/
 343                  /*--  宋体9;  此字体下对应的点阵为：宽x高=8x15   --*/
 344                  /*--  高度不是8的倍数，现调整为：宽度x高度=8x16  --*/
 345                  0x10,0x1F,0x00,0x1F,0x00,0x1F,0x10,0x00,0x00,0x80,0xF8,0x00,0xF8,0x80,0x00,0x00,
 346                  
 347                  /*--  文字:  X  --*/
 348                  /*--  宋体9;  此字体下对应的点阵为：宽x高=8x15   --*/
 349                  /*--  高度不是8的倍数，现调整为：宽度x高度=8x16  --*/
 350                  0x10,0x18,0x16,0x01,0x16,0x18,0x10,0x00,0x08,0x18,0x68,0x80,0x68,0x18,0x08,0x00,
 351                  
 352                  /*--  文字:  Y  --*/
 353                  /*--  宋体9;  此字体下对应的点阵为：宽x高=8x15   --*/
 354                  /*--  高度不是8的倍数，现调整为：宽度x高度=8x16  --*/
 355                  0x10,0x1C,0x13,0x00,0x13,0x1C,0x10,0x00,0x00,0x00,0x08,0xF8,0x08,0x00,0x00,0x00,
 356                  
 357                  /*--  文字:  Z  --*/
 358                  /*--  宋体9;  此字体下对应的点阵为：宽x高=8x15   --*/
 359                  /*--  高度不是8的倍数，现调整为：宽度x高度=8x16  --*/
 360                  0x00,0x08,0x10,0x10,0x13,0x1C,0x10,0x00,0x00,0x08,0x38,0xC8,0x08,0x08,0x18,0x00,
 361                  
 362                  /*--  文字:  [  --*/
 363                  /*--  宋体9;  此字体下对应的点阵为：宽x高=8x15   --*/
 364                  /*--  高度不是8的倍数，现调整为：宽度x高度=8x16  --*/
C51 COMPILER V9.00   CHARACTER                                                             04/08/2019 19:09:33 PAGE 7   

 365                  0x00,0x00,0x00,0x7F,0x40,0x40,0x40,0x00,0x00,0x00,0x00,0xFC,0x04,0x04,0x04,0x00,
 366                  
 367                  /*--  文字:  \  --*/
 368                  /*--  宋体9;  此字体下对应的点阵为：宽x高=8x15   --*/
 369                  /*--  高度不是8的倍数，现调整为：宽度x高度=8x16  --*/
 370                  0x00,0x30,0x0C,0x03,0x00,0x00,0x00,0x00,0x00,0x00,0x00,0x80,0x60,0x1C,0x02,0x00,
 371                  
 372                  /*--  文字:  ]  --*/
 373                  /*--  宋体9;  此字体下对应的点阵为：宽x高=8x15   --*/
 374                  /*--  高度不是8的倍数，现调整为：宽度x高度=8x16  --*/
 375                  0x00,0x40,0x40,0x40,0x7F,0x00,0x00,0x00,0x00,0x04,0x04,0x04,0xFC,0x00,0x00,0x00,
 376                  
 377                  /*--  文字:  ^  --*/
 378                  /*--  宋体9;  此字体下对应的点阵为：宽x高=8x15   --*/
 379                  /*--  高度不是8的倍数，现调整为：宽度x高度=8x16  --*/
 380                  0x00,0x00,0x20,0x40,0x40,0x20,0x00,0x00,0x00,0x00,0x00,0x00,0x00,0x00,0x00,0x00,
 381                  
 382                  /*--  文字:  _  --*/
 383                  /*--  宋体9;  此字体下对应的点阵为：宽x高=8x15   --*/
 384                  /*--  高度不是8的倍数，现调整为：宽度x高度=8x16  --*/
 385                  0x00,0x00,0x00,0x00,0x00,0x00,0x00,0x00,0x02,0x02,0x02,0x02,0x02,0x02,0x02,0x00,
 386                  
 387                  /*--  文字:  `  --*/
 388                  /*--  宋体9;  此字体下对应的点阵为：宽x高=8x15   --*/
 389                  /*--  高度不是8的倍数，现调整为：宽度x高度=8x16  --*/
 390                  0x00,0x40,0x40,0x20,0x00,0x00,0x00,0x00,0x00,0x00,0x00,0x00,0x00,0x00,0x00,0x00,
 391                  
 392                  /*--  文字:  a  --*/
 393                  /*--  宋体9;  此字体下对应的点阵为：宽x高=8x15   --*/
 394                  /*--  高度不是8的倍数，现调整为：宽度x高度=8x16  --*/
 395                  0x00,0x01,0x02,0x02,0x02,0x01,0x00,0x00,0x00,0x30,0x48,0x88,0x88,0xF8,0x08,0x00,
 396                  
 397                  /*--  文字:  b  --*/
 398                  /*--  宋体9;  此字体下对应的点阵为：宽x高=8x15   --*/
 399                  /*--  高度不是8的倍数，现调整为：宽度x高度=8x16  --*/
 400                  0x10,0x1F,0x01,0x02,0x02,0x02,0x01,0x00,0x00,0xF8,0x08,0x08,0x08,0x08,0xF0,0x00,
 401                  
 402                  /*--  文字:  c  --*/
 403                  /*--  宋体9;  此字体下对应的点阵为：宽x高=8x15   --*/
 404                  /*--  高度不是8的倍数，现调整为：宽度x高度=8x16  --*/
 405                  0x00,0x00,0x01,0x02,0x02,0x02,0x01,0x00,0x00,0xE0,0x10,0x08,0x08,0x08,0x10,0x00,
 406                  
 407                  /*--  文字:  d  --*/
 408                  /*--  宋体9;  此字体下对应的点阵为：宽x高=8x15   --*/
 409                  /*--  高度不是8的倍数，现调整为：宽度x高度=8x16  --*/
 410                  0x00,0x01,0x02,0x02,0x02,0x12,0x1F,0x00,0x00,0xF0,0x08,0x08,0x08,0x10,0xF8,0x08,
 411                  
 412                  /*--  文字:  e  --*/
 413                  /*--  宋体9;  此字体下对应的点阵为：宽x高=8x15   --*/
 414                  /*--  高度不是8的倍数，现调整为：宽度x高度=8x16  --*/
 415                  0x00,0x01,0x02,0x02,0x02,0x02,0x01,0x00,0x00,0xF0,0x88,0x88,0x88,0x88,0x90,0x00,
 416                  
 417                  /*--  文字:  f  --*/
 418                  /*--  宋体9;  此字体下对应的点阵为：宽x高=8x15   --*/
 419                  /*--  高度不是8的倍数，现调整为：宽度x高度=8x16  --*/
 420                  0x00,0x02,0x02,0x0F,0x12,0x12,0x18,0x00,0x00,0x08,0x08,0xF8,0x08,0x08,0x00,0x00,
 421                  
 422                  /*--  文字:  g  --*/
 423                  /*--  宋体9;  此字体下对应的点阵为：宽x高=8x15   --*/
 424                  /*--  高度不是8的倍数，现调整为：宽度x高度=8x16  --*/
 425                  0x00,0x01,0x02,0x02,0x02,0x03,0x02,0x00,0x00,0xAC,0x52,0x52,0x52,0x92,0x0C,0x00,
 426                  
C51 COMPILER V9.00   CHARACTER                                                             04/08/2019 19:09:33 PAGE 8   

 427                  /*--  文字:  h  --*/
 428                  /*--  宋体9;  此字体下对应的点阵为：宽x高=8x15   --*/
 429                  /*--  高度不是8的倍数，现调整为：宽度x高度=8x16  --*/
 430                  0x10,0x1F,0x01,0x02,0x02,0x02,0x01,0x00,0x08,0xF8,0x08,0x00,0x00,0x08,0xF8,0x08,
 431                  
 432                  /*--  文字:  i  --*/
 433                  /*--  宋体9;  此字体下对应的点阵为：宽x高=8x15   --*/
 434                  /*--  高度不是8的倍数，现调整为：宽度x高度=8x16  --*/
 435                  0x00,0x02,0x1A,0x1B,0x00,0x00,0x00,0x00,0x00,0x08,0x08,0xF8,0x08,0x08,0x00,0x00,
 436                  
 437                  /*--  文字:  j  --*/
 438                  /*--  宋体9;  此字体下对应的点阵为：宽x高=8x15   --*/
 439                  /*--  高度不是8的倍数，现调整为：宽度x高度=8x16  --*/
 440                  0x00,0x00,0x00,0x02,0x1A,0x1B,0x00,0x00,0x00,0x06,0x02,0x02,0x02,0xFC,0x00,0x00,
 441                  
 442                  /*--  文字:  k  --*/
 443                  /*--  宋体9;  此字体下对应的点阵为：宽x高=8x15   --*/
 444                  /*--  高度不是8的倍数，现调整为：宽度x高度=8x16  --*/
 445                  0x10,0x1F,0x00,0x00,0x03,0x02,0x02,0x00,0x08,0xF8,0x48,0x80,0x68,0x18,0x08,0x00,
 446                  
 447                  /*--  文字:  l  --*/
 448                  /*--  宋体9;  此字体下对应的点阵为：宽x高=8x15   --*/
 449                  /*--  高度不是8的倍数，现调整为：宽度x高度=8x16  --*/
 450                  0x00,0x10,0x10,0x1F,0x00,0x00,0x00,0x00,0x00,0x08,0x08,0xF8,0x08,0x08,0x00,0x00,
 451                  
 452                  /*--  文字:  m  --*/
 453                  /*--  宋体9;  此字体下对应的点阵为：宽x高=8x15   --*/
 454                  /*--  高度不是8的倍数，现调整为：宽度x高度=8x16  --*/
 455                  0x02,0x03,0x02,0x03,0x02,0x01,0x00,0x00,0x08,0xF8,0x00,0xF8,0x00,0xF8,0x08,0x00,
 456                  
 457                  /*--  文字:  n  --*/
 458                  /*--  宋体9;  此字体下对应的点阵为：宽x高=8x15   --*/
 459                  /*--  高度不是8的倍数，现调整为：宽度x高度=8x16  --*/
 460                  0x02,0x03,0x01,0x02,0x02,0x02,0x01,0x00,0x08,0xF8,0x08,0x00,0x00,0x08,0xF8,0x08,
 461                  
 462                  /*--  文字:  o  --*/
 463                  /*--  宋体9;  此字体下对应的点阵为：宽x高=8x15   --*/
 464                  /*--  高度不是8的倍数，现调整为：宽度x高度=8x16  --*/
 465                  0x00,0x00,0x01,0x02,0x02,0x01,0x00,0x00,0x00,0xE0,0x10,0x08,0x08,0x10,0xE0,0x00,
 466                  
 467                  /*--  文字:  p  --*/
 468                  /*--  宋体9;  此字体下对应的点阵为：宽x高=8x15   --*/
 469                  /*--  高度不是8的倍数，现调整为：宽度x高度=8x16  --*/
 470                  0x02,0x03,0x01,0x02,0x02,0x02,0x01,0x00,0x02,0xFE,0x0A,0x08,0x08,0x08,0xF0,0x00,
 471                  
 472                  /*--  文字:  q  --*/
 473                  /*--  宋体9;  此字体下对应的点阵为：宽x高=8x15   --*/
 474                  /*--  高度不是8的倍数，现调整为：宽度x高度=8x16  --*/
 475                  0x00,0x01,0x02,0x02,0x02,0x02,0x03,0x00,0x00,0xF0,0x08,0x08,0x08,0x12,0xFE,0x02,
 476                  
 477                  /*--  文字:  r  --*/
 478                  /*--  宋体9;  此字体下对应的点阵为：宽x高=8x15   --*/
 479                  /*--  高度不是8的倍数，现调整为：宽度x高度=8x16  --*/
 480                  0x02,0x02,0x03,0x01,0x02,0x02,0x03,0x00,0x08,0x08,0xF8,0x08,0x08,0x00,0x00,0x00,
 481                  
 482                  /*--  文字:  s  --*/
 483                  /*--  宋体9;  此字体下对应的点阵为：宽x高=8x15   --*/
 484                  /*--  高度不是8的倍数，现调整为：宽度x高度=8x16  --*/
 485                  0x00,0x01,0x02,0x02,0x02,0x03,0x00,0x00,0x00,0x98,0x48,0x48,0x48,0x30,0x00,0x00,
 486                  
 487                  /*--  文字:  t  --*/
 488                  /*--  宋体9;  此字体下对应的点阵为：宽x高=8x15   --*/
C51 COMPILER V9.00   CHARACTER                                                             04/08/2019 19:09:33 PAGE 9   

 489                  /*--  高度不是8的倍数，现调整为：宽度x高度=8x16  --*/
 490                  0x00,0x02,0x02,0x0F,0x02,0x02,0x00,0x00,0x00,0x00,0x00,0xF0,0x08,0x08,0x00,0x00,
 491                  
 492                  /*--  文字:  u  --*/
 493                  /*--  宋体9;  此字体下对应的点阵为：宽x高=8x15   --*/
 494                  /*--  高度不是8的倍数，现调整为：宽度x高度=8x16  --*/
 495                  0x02,0x03,0x00,0x00,0x00,0x02,0x03,0x00,0x00,0xF0,0x08,0x08,0x08,0x10,0xF8,0x08,
 496                  
 497                  /*--  文字:  v  --*/
 498                  /*--  宋体9;  此字体下对应的点阵为：宽x高=8x15   --*/
 499                  /*--  高度不是8的倍数，现调整为：宽度x高度=8x16  --*/
 500                  0x02,0x03,0x02,0x00,0x00,0x02,0x03,0x02,0x00,0x00,0xE0,0x18,0x20,0xC0,0x00,0x00,
 501                  
 502                  /*--  文字:  w  --*/
 503                  /*--  宋体9;  此字体下对应的点阵为：宽x高=8x15   --*/
 504                  /*--  高度不是8的倍数，现调整为：宽度x高度=8x16  --*/
 505                  0x02,0x03,0x00,0x03,0x00,0x03,0x02,0x00,0x00,0xC0,0x38,0xC0,0x38,0xC0,0x00,0x00,
 506                  
 507                  /*--  文字:  x  --*/
 508                  /*--  宋体9;  此字体下对应的点阵为：宽x高=8x15   --*/
 509                  /*--  高度不是8的倍数，现调整为：宽度x高度=8x16  --*/
 510                  0x00,0x02,0x03,0x00,0x02,0x03,0x02,0x00,0x00,0x08,0x18,0xE8,0xE0,0x18,0x08,0x00,
 511                  
 512                  /*--  文字:  y  --*/
 513                  /*--  宋体9;  此字体下对应的点阵为：宽x高=8x15   --*/
 514                  /*--  高度不是8的倍数，现调整为：宽度x高度=8x16  --*/
 515                  0x02,0x03,0x02,0x00,0x00,0x02,0x03,0x02,0x02,0x02,0xE2,0x1C,0x30,0xC0,0x00,0x00,
 516                  
 517                  /*--  文字:  z  --*/
 518                  /*--  宋体9;  此字体下对应的点阵为：宽x高=8x15   --*/
 519                  /*--  高度不是8的倍数，现调整为：宽度x高度=8x16  --*/
 520                  0x00,0x03,0x02,0x02,0x02,0x03,0x02,0x00,0x00,0x08,0x18,0x68,0x88,0x08,0x18,0x00,
 521                  
 522                  /*--  文字:  {  --*/
 523                  /*--  宋体9;  此字体下对应的点阵为：宽x高=8x15   --*/
 524                  /*--  高度不是8的倍数，现调整为：宽度x高度=8x16  --*/
 525                  0x00,0x00,0x00,0x01,0x7E,0x40,0x00,0x00,0x00,0x00,0x00,0x00,0xFC,0x04,0x00,0x00,
 526                  
 527                  /*--  文字:  |  --*/
 528                  /*--  宋体9;  此字体下对应的点阵为：宽x高=8x15   --*/
 529                  /*--  高度不是8的倍数，现调整为：宽度x高度=8x16  --*/
 530                  0x00,0x00,0x00,0xFF,0x00,0x00,0x00,0x00,0x00,0x00,0x00,0xFE,0x00,0x00,0x00,0x00,
 531                  
 532                  /*--  文字:  }  --*/
 533                  /*--  宋体9;  此字体下对应的点阵为：宽x高=8x15   --*/
 534                  /*--  高度不是8的倍数，现调整为：宽度x高度=8x16  --*/
 535                  0x00,0x00,0x40,0x7E,0x01,0x00,0x00,0x00,0x00,0x00,0x04,0xFC,0x00,0x00,0x00,0x00,
 536                  
 537                  /*--  文字:  ~  --*/
 538                  /*--  宋体9;  此字体下对应的点阵为：宽x高=8x15   --*/
 539                  /*--  高度不是8的倍数，现调整为：宽度x高度=8x16  --*/
 540                  0x00,0x60,0x80,0x80,0x40,0x20,0x20,0xC0,0x00,0x00,0x00,0x00,0x00,0x00,0x00,0x00,
 541                  
 542                  };


MODULE INFORMATION:   STATIC OVERLAYABLE
   CODE SIZE        =   ----    ----
   CONSTANT SIZE    =   1776    ----
   XDATA SIZE       =   ----    ----
   PDATA SIZE       =   ----    ----
   DATA SIZE        =   ----    ----
C51 COMPILER V9.00   CHARACTER                                                             04/08/2019 19:09:33 PAGE 10  

   IDATA SIZE       =   ----    ----
   BIT SIZE         =   ----    ----
END OF MODULE INFORMATION.


C51 COMPILATION COMPLETE.  0 WARNING(S),  0 ERROR(S)
