C51 COMPILER V9.00   CHARACTER                                                             04/05/2019 21:48:52 PAGE 1   


C51 COMPILER V9.00, COMPILATION OF MODULE CHARACTER
OBJECT MODULE PLACED IN .\Object\Character.obj
COMPILER INVOKED BY: D:\KeilC51\C51\BIN\C51.EXE Common\Character.c BROWSE INCDIR(.\Peripheral_H;.\Common) DEBUG OBJECTEX
                    -TEND PRINT(.\List\Character.lst) OBJECT(.\Object\Character.obj)

line level    source

   1                  const unsigned char code Fix[32]={
   2                                  0x80,0x40,0x20,0x10,0x08,0x04,0x02,0x01,0x00,0x00,0x00,0x00,0x00,0x00,0x00,0x00,
   3                                  0x00,0x00,0x00,0x00,0x00,0x00,0x00,0x00,0x80,0x40,0x20,0x10,0x08,0x04,0x02,0x01,
   4                          };   
   5                  const unsigned char code DzkCode[7][32]={
   6                          
   7                  /* 0xCBB3 [顺]   [0]*/
   8                          0x80,0x7F,0x20,0x3F,0x08,0xFF,0x02,0x4F,0x48,0x58,0x6B,0x48,0x48,0x4F,0x40,0x00,
   9                          0x02,0xFC,0x00,0xFC,0x00,0xFF,0x01,0xF2,0x84,0x58,0xE0,0x18,0x0C,0xF6,0x03,0x01,
  10                  /* 0xC4E6 [逆]   [1]*/
  11                          0x82,0x42,0x33,0x10,0x18,0x17,0x92,0x71,0x10,0x1F,0x10,0x30,0xD0,0x13,0x10,0x00,
  12                          0x02,0x04,0xF8,0x04,0x02,0xC6,0x4A,0x52,0xE2,0xC2,0x62,0x52,0x4A,0xE6,0x02,0x01,
  13                  /* 0xCAB1 [时]   [2]*/
  14                          0x80,0x7F,0x21,0x31,0x29,0x3F,0x02,0x09,0x08,0x08,0x08,0x08,0xFF,0x08,0x08,0x00,
  15                          0x00,0xFC,0x08,0x08,0x08,0xFC,0x00,0x00,0x80,0x60,0x22,0x11,0xFE,0x04,0x02,0x01,
  16                  /* 0xD5EB [针]   [3]*/
  17                          0x82,0x44,0x3C,0xF7,0x2C,0x24,0x22,0x03,0x02,0x02,0xFF,0x02,0x02,0x02,0x02,0x00,
  18                          0x80,0x80,0x80,0xFE,0x84,0x88,0x90,0x00,0x80,0x40,0xFF,0x10,0x08,0x04,0x02,0x01,
  19                  /* 0xD7AA [转]   [4]*/
  20                          0x93,0x5D,0xF1,0x17,0x19,0x15,0x02,0x13,0x12,0x17,0xFA,0x12,0x12,0x12,0x02,0x00,
  21                          0x10,0x18,0x10,0xFF,0x20,0x20,0x00,0x40,0xD0,0x48,0x64,0x5B,0x58,0x64,0x02,0x01,
  22                  /* 0xC8A6 [圈]   [5]*/
  23                          0x80,0x7F,0x62,0x5A,0x6B,0x5E,0x4E,0x7B,0x4A,0x5A,0x6B,0x4A,0x42,0x7F,0x00,0x00,
  24                          0x00,0xFF,0x42,0x82,0x02,0xF2,0x8A,0x8A,0xAA,0xEA,0x3A,0x92,0x4A,0xFF,0x02,0x01,
  25          
  26                          0xFF,0xFF,0xFF,0xFF,0xFF,0xFF,0xFF,0xFF,0xFF,0xFF,0xFF,0xFF,0xFF,0xFF,0xFF,0xFF,
  27                          0xFF,0xFF,0xFF,0xFF,0xFF,0xFF,0xFF,0xFF,0xFF,0xFF,0xFF,0xFF,0xFF,0xFF,0xFF,0xFF,
  28                  };
  29          
  30                  //extern const unsigned char code AsciiFontData[95][16];
  31                  const unsigned char code AsciiFontData[95][16]  =
  32                  {
  33                  /*--  文字:     --*/
  34                  /*--  宋体9;  此字体下对应的点阵为：宽x高=8x15   --*/
  35                  /*--  高度不是8的倍数，现调整为：宽度x高度=8x16  --*/
  36                  0x00,0x00,0x00,0x00,0x00,0x00,0x00,0x00,0x00,0x00,0x00,0x00,0x00,0x00,0x00,0x00,
  37                  
  38                  /*--  文字:  !  --*/
  39                  /*--  宋体9;  此字体下对应的点阵为：宽x高=8x15   --*/
  40                  /*--  高度不是8的倍数，现调整为：宽度x高度=8x16  --*/
  41                  0x00,0x00,0x00,0x3F,0x00,0x00,0x00,0x00,0x00,0x00,0x00,0x98,0x18,0x00,0x00,0x00,
  42                  
  43                  /*--  文字:  "  --*/
  44                  /*--  宋体9;  此字体下对应的点阵为：宽x高=8x15   --*/
  45                  /*--  高度不是8的倍数，现调整为：宽度x高度=8x16  --*/
  46                  0x00,0x08,0x30,0x48,0x30,0x40,0x00,0x00,0x00,0x00,0x00,0x00,0x00,0x00,0x00,0x00,
  47                  
  48                  /*--  文字:  #  --*/
  49                  /*--  宋体9;  此字体下对应的点阵为：宽x高=8x15   --*/
  50                  /*--  高度不是8的倍数，现调整为：宽度x高度=8x16  --*/
  51                  0x00,0x04,0x04,0x1F,0x04,0x1F,0x04,0x00,0x00,0x40,0xF8,0x40,0xF8,0x40,0x40,0x00,
  52                  
  53                  /*--  文字:  $  --*/
  54                  /*--  宋体9;  此字体下对应的点阵为：宽x高=8x15   --*/
C51 COMPILER V9.00   CHARACTER                                                             04/05/2019 21:48:52 PAGE 2   

  55                  /*--  高度不是8的倍数，现调整为：宽度x高度=8x16  --*/
  56                  0x00,0x0E,0x11,0x3F,0x10,0x0C,0x00,0x00,0x00,0x30,0x08,0xFE,0x88,0x70,0x00,0x00,
  57                  
  58                  /*--  文字:  %  --*/
  59                  /*--  宋体9;  此字体下对应的点阵为：宽x高=8x15   --*/
  60                  /*--  高度不是8的倍数，现调整为：宽度x高度=8x16  --*/
  61                  0x0E,0x11,0x0E,0x01,0x06,0x18,0x00,0x00,0x00,0x18,0x60,0x80,0x70,0x88,0x70,0x00,
  62                  
  63                  /*--  文字:  &  --*/
  64                  /*--  宋体9;  此字体下对应的点阵为：宽x高=8x15   --*/
  65                  /*--  高度不是8的倍数，现调整为：宽度x高度=8x16  --*/
  66                  0x00,0x0F,0x11,0x0F,0x01,0x01,0x00,0x00,0xF0,0x08,0xC8,0x28,0xF0,0x08,0x08,0x00,
  67                  
  68                  /*--  文字:  '  --*/
  69                  /*--  宋体9;  此字体下对应的点阵为：宽x高=8x15   --*/
  70                  /*--  高度不是8的倍数，现调整为：宽度x高度=8x16  --*/
  71                  0x08,0x68,0x70,0x00,0x00,0x00,0x00,0x00,0x00,0x00,0x00,0x00,0x00,0x00,0x00,0x00,
  72                  
  73                  /*--  文字:  (  --*/
  74                  /*--  宋体9;  此字体下对应的点阵为：宽x高=8x15   --*/
  75                  /*--  高度不是8的倍数，现调整为：宽度x高度=8x16  --*/
  76                  0x00,0x00,0x00,0x07,0x18,0x20,0x40,0x00,0x00,0x00,0x00,0xC0,0x30,0x08,0x04,0x00,
  77                  
  78                  /*--  文字:  )  --*/
  79                  /*--  宋体9;  此字体下对应的点阵为：宽x高=8x15   --*/
  80                  /*--  高度不是8的倍数，现调整为：宽度x高度=8x16  --*/
  81                  0x00,0x40,0x20,0x18,0x07,0x00,0x00,0x00,0x00,0x04,0x08,0x30,0xC0,0x00,0x00,0x00,
  82                  
  83                  /*--  文字:  *  --*/
  84                  /*--  宋体9;  此字体下对应的点阵为：宽x高=8x15   --*/
  85                  /*--  高度不是8的倍数，现调整为：宽度x高度=8x16  --*/
  86                  0x02,0x02,0x01,0x0F,0x01,0x02,0x02,0x00,0x40,0x40,0x80,0xF0,0x80,0x40,0x40,0x00,
  87                  
  88                  /*--  文字:  +  --*/
  89                  /*--  宋体9;  此字体下对应的点阵为：宽x高=8x15   --*/
  90                  /*--  高度不是8的倍数，现调整为：宽度x高度=8x16  --*/
  91                  0x01,0x01,0x01,0x0F,0x01,0x01,0x01,0x00,0x00,0x00,0x00,0xE0,0x00,0x00,0x00,0x00,
  92                  
  93                  /*--  文字:  ,  --*/
  94                  /*--  宋体9;  此字体下对应的点阵为：宽x高=8x15   --*/
  95                  /*--  高度不是8的倍数，现调整为：宽度x高度=8x16  --*/
  96                  0x00,0x00,0x00,0x00,0x00,0x00,0x00,0x00,0x02,0x1A,0x1C,0x00,0x00,0x00,0x00,0x00,
  97                  
  98                  /*--  文字:  -  --*/
  99                  /*--  宋体9;  此字体下对应的点阵为：宽x高=8x15   --*/
 100                  /*--  高度不是8的倍数，现调整为：宽度x高度=8x16  --*/
 101                  0x01,0x01,0x01,0x01,0x01,0x01,0x01,0x00,0x00,0x00,0x00,0x00,0x00,0x00,0x00,0x00,
 102                  
 103                  /*--  文字:  .  --*/
 104                  /*--  宋体9;  此字体下对应的点阵为：宽x高=8x15   --*/
 105                  /*--  高度不是8的倍数，现调整为：宽度x高度=8x16  --*/
 106                  0x00,0x00,0x00,0x00,0x00,0x00,0x00,0x00,0x00,0x18,0x18,0x00,0x00,0x00,0x00,0x00,
 107                  
 108                  /*--  文字:  /  --*/
 109                  /*--  宋体9;  此字体下对应的点阵为：宽x高=8x15   --*/
 110                  /*--  高度不是8的倍数，现调整为：宽度x高度=8x16  --*/
 111                  0x00,0x00,0x00,0x01,0x06,0x38,0x40,0x00,0x00,0x0C,0x30,0xC0,0x00,0x00,0x00,0x00,
 112                  
 113                  /*--  文字:  0  --*/
 114                  /*--  宋体9;  此字体下对应的点阵为：宽x高=8x15   --*/
 115                  /*--  高度不是8的倍数，现调整为：宽度x高度=8x16  --*/
 116                  0x00,0x07,0x08,0x10,0x10,0x08,0x07,0x00,0x00,0xE0,0x10,0x08,0x08,0x10,0xE0,0x00,
C51 COMPILER V9.00   CHARACTER                                                             04/05/2019 21:48:52 PAGE 3   

 117                  
 118                  /*--  文字:  1  --*/
 119                  /*--  宋体9;  此字体下对应的点阵为：宽x高=8x15   --*/
 120                  /*--  高度不是8的倍数，现调整为：宽度x高度=8x16  --*/
 121                  0x00,0x08,0x08,0x1F,0x00,0x00,0x00,0x00,0x00,0x08,0x08,0xF8,0x08,0x08,0x00,0x00,
 122                  
 123                  /*--  文字:  2  --*/
 124                  /*--  宋体9;  此字体下对应的点阵为：宽x高=8x15   --*/
 125                  /*--  高度不是8的倍数，现调整为：宽度x高度=8x16  --*/
 126                  0x00,0x0C,0x10,0x10,0x10,0x11,0x0E,0x00,0x00,0x18,0x28,0x48,0x88,0x08,0x18,0x00,
 127                  
 128                  /*--  文字:  3  --*/
 129                  /*--  宋体9;  此字体下对应的点阵为：宽x高=8x15   --*/
 130                  /*--  高度不是8的倍数，现调整为：宽度x高度=8x16  --*/
 131                  0x00,0x0C,0x10,0x11,0x11,0x12,0x0C,0x00,0x00,0x30,0x08,0x08,0x08,0x88,0x70,0x00,
 132                  
 133                  /*--  文字:  4  --*/
 134                  /*--  宋体9;  此字体下对应的点阵为：宽x高=8x15   --*/
 135                  /*--  高度不是8的倍数，现调整为：宽度x高度=8x16  --*/
 136                  0x00,0x01,0x02,0x04,0x1F,0x00,0x00,0x00,0x00,0xC0,0x40,0x48,0xF8,0x48,0x48,0x00,
 137                  
 138                  /*--  文字:  5  --*/
 139                  /*--  宋体9;  此字体下对应的点阵为：宽x高=8x15   --*/
 140                  /*--  高度不是8的倍数，现调整为：宽度x高度=8x16  --*/
 141                  0x00,0x1F,0x11,0x12,0x12,0x12,0x11,0x00,0x00,0x30,0x08,0x08,0x08,0x08,0xF0,0x00,
 142                  
 143                  /*--  文字:  6  --*/
 144                  /*--  宋体9;  此字体下对应的点阵为：宽x高=8x15   --*/
 145                  /*--  高度不是8的倍数，现调整为：宽度x高度=8x16  --*/
 146                  0x00,0x07,0x08,0x11,0x11,0x19,0x00,0x00,0x00,0xF0,0x88,0x08,0x08,0x08,0xF0,0x00,
 147                  
 148                  /*--  文字:  7  --*/
 149                  /*--  宋体9;  此字体下对应的点阵为：宽x高=8x15   --*/
 150                  /*--  高度不是8的倍数，现调整为：宽度x高度=8x16  --*/
 151                  0x00,0x1C,0x10,0x10,0x13,0x1C,0x10,0x00,0x00,0x00,0x00,0xF8,0x00,0x00,0x00,0x00,
 152                  
 153                  /*--  文字:  8  --*/
 154                  /*--  宋体9;  此字体下对应的点阵为：宽x高=8x15   --*/
 155                  /*--  高度不是8的倍数，现调整为：宽度x高度=8x16  --*/
 156                  0x00,0x0E,0x11,0x11,0x11,0x11,0x0E,0x00,0x00,0x70,0x88,0x08,0x08,0x88,0x70,0x00,
 157                  
 158                  /*--  文字:  9  --*/
 159                  /*--  宋体9;  此字体下对应的点阵为：宽x高=8x15   --*/
 160                  /*--  高度不是8的倍数，现调整为：宽度x高度=8x16  --*/
 161                  0x00,0x0F,0x10,0x10,0x10,0x09,0x07,0x00,0x00,0x00,0x98,0x88,0x88,0x10,0xE0,0x00,
 162                  
 163                  /*--  文字:  :  --*/
 164                  /*--  宋体9;  此字体下对应的点阵为：宽x高=8x15   --*/
 165                  /*--  高度不是8的倍数，现调整为：宽度x高度=8x16  --*/
 166                  0x00,0x00,0x00,0x03,0x03,0x00,0x00,0x00,0x00,0x00,0x00,0x18,0x18,0x00,0x00,0x00,
 167                  
 168                  /*--  文字:  ;  --*/
 169                  /*--  宋体9;  此字体下对应的点阵为：宽x高=8x15   --*/
 170                  /*--  高度不是8的倍数，现调整为：宽度x高度=8x16  --*/
 171                  0x00,0x00,0x00,0x02,0x00,0x00,0x00,0x00,0x00,0x00,0x02,0x0C,0x00,0x00,0x00,0x00,
 172                  
 173                  /*--  文字:  <  --*/
 174                  /*--  宋体9;  此字体下对应的点阵为：宽x高=8x15   --*/
 175                  /*--  高度不是8的倍数，现调整为：宽度x高度=8x16  --*/
 176                  0x00,0x01,0x02,0x04,0x08,0x10,0x20,0x00,0x00,0x00,0x80,0x40,0x20,0x10,0x08,0x00,
 177                  
 178                  /*--  文字:  =  --*/
C51 COMPILER V9.00   CHARACTER                                                             04/05/2019 21:48:52 PAGE 4   

 179                  /*--  宋体9;  此字体下对应的点阵为：宽x高=8x15   --*/
 180                  /*--  高度不是8的倍数，现调整为：宽度x高度=8x16  --*/
 181                  0x02,0x02,0x02,0x02,0x02,0x02,0x02,0x00,0x40,0x40,0x40,0x40,0x40,0x40,0x40,0x00,
 182                  
 183                  /*--  文字:  >  --*/
 184                  /*--  宋体9;  此字体下对应的点阵为：宽x高=8x15   --*/
 185                  /*--  高度不是8的倍数，现调整为：宽度x高度=8x16  --*/
 186                  0x00,0x20,0x10,0x08,0x04,0x02,0x01,0x00,0x00,0x08,0x10,0x20,0x40,0x80,0x00,0x00,
 187                  
 188                  /*--  文字:  ?  --*/
 189                  /*--  宋体9;  此字体下对应的点阵为：宽x高=8x15   --*/
 190                  /*--  高度不是8的倍数，现调整为：宽度x高度=8x16  --*/
 191                  0x00,0x1C,0x20,0x20,0x20,0x21,0x1E,0x00,0x00,0x00,0x00,0x18,0xD8,0x00,0x00,0x00,
 192                  
 193                  /*--  文字:  @  --*/
 194                  /*--  宋体9;  此字体下对应的点阵为：宽x高=8x15   --*/
 195                  /*--  高度不是8的倍数，现调整为：宽度x高度=8x16  --*/
 196                  0x07,0x08,0x13,0x14,0x17,0x08,0x07,0x00,0xE0,0x10,0xE8,0x28,0xC8,0x28,0xD0,0x00,
 197                  
 198                  /*--  文字:  A  --*/
 199                  /*--  宋体9;  此字体下对应的点阵为：宽x高=8x15   --*/
 200                  /*--  高度不是8的倍数，现调整为：宽度x高度=8x16  --*/
 201                  0x00,0x00,0x07,0x18,0x07,0x00,0x00,0x00,0x08,0x78,0xC8,0x40,0xC8,0x78,0x08,0x00,
 202                  
 203                  /*--  文字:  B  --*/
 204                  /*--  宋体9;  此字体下对应的点阵为：宽x高=8x15   --*/
 205                  /*--  高度不是8的倍数，现调整为：宽度x高度=8x16  --*/
 206                  0x10,0x1F,0x11,0x11,0x11,0x12,0x0C,0x00,0x08,0xF8,0x08,0x08,0x08,0x88,0x70,0x00,
 207                  
 208                  /*--  文字:  C  --*/
 209                  /*--  宋体9;  此字体下对应的点阵为：宽x高=8x15   --*/
 210                  /*--  高度不是8的倍数，现调整为：宽度x高度=8x16  --*/
 211                  0x07,0x08,0x10,0x10,0x10,0x10,0x1C,0x00,0xE0,0x10,0x08,0x08,0x08,0x10,0x20,0x00,
 212                  
 213                  /*--  文字:  D  --*/
 214                  /*--  宋体9;  此字体下对应的点阵为：宽x高=8x15   --*/
 215                  /*--  高度不是8的倍数，现调整为：宽度x高度=8x16  --*/
 216                  0x10,0x1F,0x10,0x10,0x10,0x08,0x07,0x00,0x08,0xF8,0x08,0x08,0x08,0x10,0xE0,0x00,
 217                  
 218                  /*--  文字:  E  --*/
 219                  /*--  宋体9;  此字体下对应的点阵为：宽x高=8x15   --*/
 220                  /*--  高度不是8的倍数，现调整为：宽度x高度=8x16  --*/
 221                  0x10,0x1F,0x11,0x11,0x17,0x10,0x08,0x00,0x08,0xF8,0x08,0x08,0xC8,0x08,0x10,0x00,
 222                  
 223                  /*--  文字:  F  --*/
 224                  /*--  宋体9;  此字体下对应的点阵为：宽x高=8x15   --*/
 225                  /*--  高度不是8的倍数，现调整为：宽度x高度=8x16  --*/
 226                  0x10,0x1F,0x11,0x11,0x17,0x10,0x08,0x00,0x08,0xF8,0x08,0x00,0xC0,0x00,0x00,0x00,
 227                  
 228                  /*--  文字:  G  --*/
 229                  /*--  宋体9;  此字体下对应的点阵为：宽x高=8x15   --*/
 230                  /*--  高度不是8的倍数，现调整为：宽度x高度=8x16  --*/
 231                  0x07,0x08,0x10,0x10,0x10,0x1C,0x00,0x00,0xE0,0x10,0x08,0x08,0x48,0x70,0x40,0x00,
 232                  
 233                  /*--  文字:  H  --*/
 234                  /*--  宋体9;  此字体下对应的点阵为：宽x高=8x15   --*/
 235                  /*--  高度不是8的倍数，现调整为：宽度x高度=8x16  --*/
 236                  0x10,0x1F,0x11,0x01,0x11,0x1F,0x10,0x00,0x08,0xF8,0x08,0x00,0x08,0xF8,0x08,0x00,
 237                  
 238                  /*--  文字:  I  --*/
 239                  /*--  宋体9;  此字体下对应的点阵为：宽x高=8x15   --*/
 240                  /*--  高度不是8的倍数，现调整为：宽度x高度=8x16  --*/
C51 COMPILER V9.00   CHARACTER                                                             04/05/2019 21:48:52 PAGE 5   

 241                  0x00,0x10,0x10,0x1F,0x10,0x10,0x00,0x00,0x00,0x08,0x08,0xF8,0x08,0x08,0x00,0x00,
 242                  
 243                  /*--  文字:  J  --*/
 244                  /*--  宋体9;  此字体下对应的点阵为：宽x高=8x15   --*/
 245                  /*--  高度不是8的倍数，现调整为：宽度x高度=8x16  --*/
 246                  0x00,0x00,0x10,0x10,0x1F,0x10,0x10,0x00,0x06,0x02,0x02,0x02,0xFC,0x00,0x00,0x00,
 247                  
 248                  /*--  文字:  K  --*/
 249                  /*--  宋体9;  此字体下对应的点阵为：宽x高=8x15   --*/
 250                  /*--  高度不是8的倍数，现调整为：宽度x高度=8x16  --*/
 251                  0x10,0x1F,0x11,0x03,0x14,0x18,0x10,0x00,0x08,0xF8,0x08,0x80,0x68,0x18,0x08,0x00,
 252                  
 253                  /*--  文字:  L  --*/
 254                  /*--  宋体9;  此字体下对应的点阵为：宽x高=8x15   --*/
 255                  /*--  高度不是8的倍数，现调整为：宽度x高度=8x16  --*/
 256                  0x10,0x1F,0x10,0x00,0x00,0x00,0x00,0x00,0x08,0xF8,0x08,0x08,0x08,0x08,0x18,0x00,
 257                  
 258                  /*--  文字:  M  --*/
 259                  /*--  宋体9;  此字体下对应的点阵为：宽x高=8x15   --*/
 260                  /*--  高度不是8的倍数，现调整为：宽度x高度=8x16  --*/
 261                  0x10,0x1F,0x1E,0x01,0x1E,0x1F,0x10,0x00,0x08,0xF8,0x00,0xF8,0x00,0xF8,0x08,0x00,
 262                  
 263                  /*--  文字:  N  --*/
 264                  /*--  宋体9;  此字体下对应的点阵为：宽x高=8x15   --*/
 265                  /*--  高度不是8的倍数，现调整为：宽度x高度=8x16  --*/
 266                  0x10,0x1F,0x1C,0x03,0x10,0x1F,0x10,0x00,0x08,0xF8,0x08,0x80,0x70,0xF8,0x00,0x00,
 267                  
 268                  /*--  文字:  O  --*/
 269                  /*--  宋体9;  此字体下对应的点阵为：宽x高=8x15   --*/
 270                  /*--  高度不是8的倍数，现调整为：宽度x高度=8x16  --*/
 271                  0x07,0x08,0x10,0x10,0x10,0x08,0x07,0x00,0xE0,0x10,0x08,0x08,0x08,0x10,0xE0,0x00,
 272                  
 273                  /*--  文字:  P  --*/
 274                  /*--  宋体9;  此字体下对应的点阵为：宽x高=8x15   --*/
 275                  /*--  高度不是8的倍数，现调整为：宽度x高度=8x16  --*/
 276                  0x10,0x1F,0x11,0x11,0x11,0x11,0x0E,0x00,0x08,0xF8,0x08,0x00,0x00,0x00,0x00,0x00,
 277                  
 278                  /*--  文字:  Q  --*/
 279                  /*--  宋体9;  此字体下对应的点阵为：宽x高=8x15   --*/
 280                  /*--  高度不是8的倍数，现调整为：宽度x高度=8x16  --*/
 281                  0x07,0x08,0x10,0x10,0x10,0x08,0x07,0x00,0xE0,0x10,0x28,0x28,0x18,0x14,0xE4,0x00,
 282                  
 283                  /*--  文字:  R  --*/
 284                  /*--  宋体9;  此字体下对应的点阵为：宽x高=8x15   --*/
 285                  /*--  高度不是8的倍数，现调整为：宽度x高度=8x16  --*/
 286                  0x10,0x1F,0x11,0x11,0x11,0x0E,0x00,0x00,0x08,0xF8,0x08,0x80,0x60,0x18,0x08,0x00,
 287                  
 288                  /*--  文字:  S  --*/
 289                  /*--  宋体9;  此字体下对应的点阵为：宽x高=8x15   --*/
 290                  /*--  高度不是8的倍数，现调整为：宽度x高度=8x16  --*/
 291                  0x00,0x0E,0x11,0x11,0x10,0x10,0x1C,0x00,0x00,0x38,0x08,0x08,0x88,0x88,0x70,0x00,
 292                  
 293                  /*--  文字:  T  --*/
 294                  /*--  宋体9;  此字体下对应的点阵为：宽x高=8x15   --*/
 295                  /*--  高度不是8的倍数，现调整为：宽度x高度=8x16  --*/
 296                  0x18,0x10,0x10,0x1F,0x10,0x10,0x18,0x00,0x00,0x00,0x08,0xF8,0x08,0x00,0x00,0x00,
 297                  
 298                  /*--  文字:  U  --*/
 299                  /*--  宋体9;  此字体下对应的点阵为：宽x高=8x15   --*/
 300                  /*--  高度不是8的倍数，现调整为：宽度x高度=8x16  --*/
 301                  0x10,0x1F,0x10,0x00,0x10,0x1F,0x10,0x00,0x00,0xF0,0x08,0x08,0x08,0xF0,0x00,0x00,
 302                  
C51 COMPILER V9.00   CHARACTER                                                             04/05/2019 21:48:52 PAGE 6   

 303                  /*--  文字:  V  --*/
 304                  /*--  宋体9;  此字体下对应的点阵为：宽x高=8x15   --*/
 305                  /*--  高度不是8的倍数，现调整为：宽度x高度=8x16  --*/
 306                  0x10,0x1E,0x11,0x00,0x11,0x1E,0x10,0x00,0x00,0x00,0xE0,0x18,0xE0,0x00,0x00,0x00,
 307                  
 308                  /*--  文字:  W  --*/
 309                  /*--  宋体9;  此字体下对应的点阵为：宽x高=8x15   --*/
 310                  /*--  高度不是8的倍数，现调整为：宽度x高度=8x16  --*/
 311                  0x10,0x1F,0x00,0x1F,0x00,0x1F,0x10,0x00,0x00,0x80,0xF8,0x00,0xF8,0x80,0x00,0x00,
 312                  
 313                  /*--  文字:  X  --*/
 314                  /*--  宋体9;  此字体下对应的点阵为：宽x高=8x15   --*/
 315                  /*--  高度不是8的倍数，现调整为：宽度x高度=8x16  --*/
 316                  0x10,0x18,0x16,0x01,0x16,0x18,0x10,0x00,0x08,0x18,0x68,0x80,0x68,0x18,0x08,0x00,
 317                  
 318                  /*--  文字:  Y  --*/
 319                  /*--  宋体9;  此字体下对应的点阵为：宽x高=8x15   --*/
 320                  /*--  高度不是8的倍数，现调整为：宽度x高度=8x16  --*/
 321                  0x10,0x1C,0x13,0x00,0x13,0x1C,0x10,0x00,0x00,0x00,0x08,0xF8,0x08,0x00,0x00,0x00,
 322                  
 323                  /*--  文字:  Z  --*/
 324                  /*--  宋体9;  此字体下对应的点阵为：宽x高=8x15   --*/
 325                  /*--  高度不是8的倍数，现调整为：宽度x高度=8x16  --*/
 326                  0x00,0x08,0x10,0x10,0x13,0x1C,0x10,0x00,0x00,0x08,0x38,0xC8,0x08,0x08,0x18,0x00,
 327                  
 328                  /*--  文字:  [  --*/
 329                  /*--  宋体9;  此字体下对应的点阵为：宽x高=8x15   --*/
 330                  /*--  高度不是8的倍数，现调整为：宽度x高度=8x16  --*/
 331                  0x00,0x00,0x00,0x7F,0x40,0x40,0x40,0x00,0x00,0x00,0x00,0xFC,0x04,0x04,0x04,0x00,
 332                  
 333                  /*--  文字:  \  --*/
 334                  /*--  宋体9;  此字体下对应的点阵为：宽x高=8x15   --*/
 335                  /*--  高度不是8的倍数，现调整为：宽度x高度=8x16  --*/
 336                  0x00,0x30,0x0C,0x03,0x00,0x00,0x00,0x00,0x00,0x00,0x00,0x80,0x60,0x1C,0x02,0x00,
 337                  
 338                  /*--  文字:  ]  --*/
 339                  /*--  宋体9;  此字体下对应的点阵为：宽x高=8x15   --*/
 340                  /*--  高度不是8的倍数，现调整为：宽度x高度=8x16  --*/
 341                  0x00,0x40,0x40,0x40,0x7F,0x00,0x00,0x00,0x00,0x04,0x04,0x04,0xFC,0x00,0x00,0x00,
 342                  
 343                  /*--  文字:  ^  --*/
 344                  /*--  宋体9;  此字体下对应的点阵为：宽x高=8x15   --*/
 345                  /*--  高度不是8的倍数，现调整为：宽度x高度=8x16  --*/
 346                  0x00,0x00,0x20,0x40,0x40,0x20,0x00,0x00,0x00,0x00,0x00,0x00,0x00,0x00,0x00,0x00,
 347                  
 348                  /*--  文字:  _  --*/
 349                  /*--  宋体9;  此字体下对应的点阵为：宽x高=8x15   --*/
 350                  /*--  高度不是8的倍数，现调整为：宽度x高度=8x16  --*/
 351                  0x00,0x00,0x00,0x00,0x00,0x00,0x00,0x00,0x02,0x02,0x02,0x02,0x02,0x02,0x02,0x00,
 352                  
 353                  /*--  文字:  `  --*/
 354                  /*--  宋体9;  此字体下对应的点阵为：宽x高=8x15   --*/
 355                  /*--  高度不是8的倍数，现调整为：宽度x高度=8x16  --*/
 356                  0x00,0x40,0x40,0x20,0x00,0x00,0x00,0x00,0x00,0x00,0x00,0x00,0x00,0x00,0x00,0x00,
 357                  
 358                  /*--  文字:  a  --*/
 359                  /*--  宋体9;  此字体下对应的点阵为：宽x高=8x15   --*/
 360                  /*--  高度不是8的倍数，现调整为：宽度x高度=8x16  --*/
 361                  0x00,0x01,0x02,0x02,0x02,0x01,0x00,0x00,0x00,0x30,0x48,0x88,0x88,0xF8,0x08,0x00,
 362                  
 363                  /*--  文字:  b  --*/
 364                  /*--  宋体9;  此字体下对应的点阵为：宽x高=8x15   --*/
C51 COMPILER V9.00   CHARACTER                                                             04/05/2019 21:48:52 PAGE 7   

 365                  /*--  高度不是8的倍数，现调整为：宽度x高度=8x16  --*/
 366                  0x10,0x1F,0x01,0x02,0x02,0x02,0x01,0x00,0x00,0xF8,0x08,0x08,0x08,0x08,0xF0,0x00,
 367                  
 368                  /*--  文字:  c  --*/
 369                  /*--  宋体9;  此字体下对应的点阵为：宽x高=8x15   --*/
 370                  /*--  高度不是8的倍数，现调整为：宽度x高度=8x16  --*/
 371                  0x00,0x00,0x01,0x02,0x02,0x02,0x01,0x00,0x00,0xE0,0x10,0x08,0x08,0x08,0x10,0x00,
 372                  
 373                  /*--  文字:  d  --*/
 374                  /*--  宋体9;  此字体下对应的点阵为：宽x高=8x15   --*/
 375                  /*--  高度不是8的倍数，现调整为：宽度x高度=8x16  --*/
 376                  0x00,0x01,0x02,0x02,0x02,0x12,0x1F,0x00,0x00,0xF0,0x08,0x08,0x08,0x10,0xF8,0x08,
 377                  
 378                  /*--  文字:  e  --*/
 379                  /*--  宋体9;  此字体下对应的点阵为：宽x高=8x15   --*/
 380                  /*--  高度不是8的倍数，现调整为：宽度x高度=8x16  --*/
 381                  0x00,0x01,0x02,0x02,0x02,0x02,0x01,0x00,0x00,0xF0,0x88,0x88,0x88,0x88,0x90,0x00,
 382                  
 383                  /*--  文字:  f  --*/
 384                  /*--  宋体9;  此字体下对应的点阵为：宽x高=8x15   --*/
 385                  /*--  高度不是8的倍数，现调整为：宽度x高度=8x16  --*/
 386                  0x00,0x02,0x02,0x0F,0x12,0x12,0x18,0x00,0x00,0x08,0x08,0xF8,0x08,0x08,0x00,0x00,
 387                  
 388                  /*--  文字:  g  --*/
 389                  /*--  宋体9;  此字体下对应的点阵为：宽x高=8x15   --*/
 390                  /*--  高度不是8的倍数，现调整为：宽度x高度=8x16  --*/
 391                  0x00,0x01,0x02,0x02,0x02,0x03,0x02,0x00,0x00,0xAC,0x52,0x52,0x52,0x92,0x0C,0x00,
 392                  
 393                  /*--  文字:  h  --*/
 394                  /*--  宋体9;  此字体下对应的点阵为：宽x高=8x15   --*/
 395                  /*--  高度不是8的倍数，现调整为：宽度x高度=8x16  --*/
 396                  0x10,0x1F,0x01,0x02,0x02,0x02,0x01,0x00,0x08,0xF8,0x08,0x00,0x00,0x08,0xF8,0x08,
 397                  
 398                  /*--  文字:  i  --*/
 399                  /*--  宋体9;  此字体下对应的点阵为：宽x高=8x15   --*/
 400                  /*--  高度不是8的倍数，现调整为：宽度x高度=8x16  --*/
 401                  0x00,0x02,0x1A,0x1B,0x00,0x00,0x00,0x00,0x00,0x08,0x08,0xF8,0x08,0x08,0x00,0x00,
 402                  
 403                  /*--  文字:  j  --*/
 404                  /*--  宋体9;  此字体下对应的点阵为：宽x高=8x15   --*/
 405                  /*--  高度不是8的倍数，现调整为：宽度x高度=8x16  --*/
 406                  0x00,0x00,0x00,0x02,0x1A,0x1B,0x00,0x00,0x00,0x06,0x02,0x02,0x02,0xFC,0x00,0x00,
 407                  
 408                  /*--  文字:  k  --*/
 409                  /*--  宋体9;  此字体下对应的点阵为：宽x高=8x15   --*/
 410                  /*--  高度不是8的倍数，现调整为：宽度x高度=8x16  --*/
 411                  0x10,0x1F,0x00,0x00,0x03,0x02,0x02,0x00,0x08,0xF8,0x48,0x80,0x68,0x18,0x08,0x00,
 412                  
 413                  /*--  文字:  l  --*/
 414                  /*--  宋体9;  此字体下对应的点阵为：宽x高=8x15   --*/
 415                  /*--  高度不是8的倍数，现调整为：宽度x高度=8x16  --*/
 416                  0x00,0x10,0x10,0x1F,0x00,0x00,0x00,0x00,0x00,0x08,0x08,0xF8,0x08,0x08,0x00,0x00,
 417                  
 418                  /*--  文字:  m  --*/
 419                  /*--  宋体9;  此字体下对应的点阵为：宽x高=8x15   --*/
 420                  /*--  高度不是8的倍数，现调整为：宽度x高度=8x16  --*/
 421                  0x02,0x03,0x02,0x03,0x02,0x01,0x00,0x00,0x08,0xF8,0x00,0xF8,0x00,0xF8,0x08,0x00,
 422                  
 423                  /*--  文字:  n  --*/
 424                  /*--  宋体9;  此字体下对应的点阵为：宽x高=8x15   --*/
 425                  /*--  高度不是8的倍数，现调整为：宽度x高度=8x16  --*/
 426                  0x02,0x03,0x01,0x02,0x02,0x02,0x01,0x00,0x08,0xF8,0x08,0x00,0x00,0x08,0xF8,0x08,
C51 COMPILER V9.00   CHARACTER                                                             04/05/2019 21:48:52 PAGE 8   

 427                  
 428                  /*--  文字:  o  --*/
 429                  /*--  宋体9;  此字体下对应的点阵为：宽x高=8x15   --*/
 430                  /*--  高度不是8的倍数，现调整为：宽度x高度=8x16  --*/
 431                  0x00,0x00,0x01,0x02,0x02,0x01,0x00,0x00,0x00,0xE0,0x10,0x08,0x08,0x10,0xE0,0x00,
 432                  
 433                  /*--  文字:  p  --*/
 434                  /*--  宋体9;  此字体下对应的点阵为：宽x高=8x15   --*/
 435                  /*--  高度不是8的倍数，现调整为：宽度x高度=8x16  --*/
 436                  0x02,0x03,0x01,0x02,0x02,0x02,0x01,0x00,0x02,0xFE,0x0A,0x08,0x08,0x08,0xF0,0x00,
 437                  
 438                  /*--  文字:  q  --*/
 439                  /*--  宋体9;  此字体下对应的点阵为：宽x高=8x15   --*/
 440                  /*--  高度不是8的倍数，现调整为：宽度x高度=8x16  --*/
 441                  0x00,0x01,0x02,0x02,0x02,0x02,0x03,0x00,0x00,0xF0,0x08,0x08,0x08,0x12,0xFE,0x02,
 442                  
 443                  /*--  文字:  r  --*/
 444                  /*--  宋体9;  此字体下对应的点阵为：宽x高=8x15   --*/
 445                  /*--  高度不是8的倍数，现调整为：宽度x高度=8x16  --*/
 446                  0x02,0x02,0x03,0x01,0x02,0x02,0x03,0x00,0x08,0x08,0xF8,0x08,0x08,0x00,0x00,0x00,
 447                  
 448                  /*--  文字:  s  --*/
 449                  /*--  宋体9;  此字体下对应的点阵为：宽x高=8x15   --*/
 450                  /*--  高度不是8的倍数，现调整为：宽度x高度=8x16  --*/
 451                  0x00,0x01,0x02,0x02,0x02,0x03,0x00,0x00,0x00,0x98,0x48,0x48,0x48,0x30,0x00,0x00,
 452                  
 453                  /*--  文字:  t  --*/
 454                  /*--  宋体9;  此字体下对应的点阵为：宽x高=8x15   --*/
 455                  /*--  高度不是8的倍数，现调整为：宽度x高度=8x16  --*/
 456                  0x00,0x02,0x02,0x0F,0x02,0x02,0x00,0x00,0x00,0x00,0x00,0xF0,0x08,0x08,0x00,0x00,
 457                  
 458                  /*--  文字:  u  --*/
 459                  /*--  宋体9;  此字体下对应的点阵为：宽x高=8x15   --*/
 460                  /*--  高度不是8的倍数，现调整为：宽度x高度=8x16  --*/
 461                  0x02,0x03,0x00,0x00,0x00,0x02,0x03,0x00,0x00,0xF0,0x08,0x08,0x08,0x10,0xF8,0x08,
 462                  
 463                  /*--  文字:  v  --*/
 464                  /*--  宋体9;  此字体下对应的点阵为：宽x高=8x15   --*/
 465                  /*--  高度不是8的倍数，现调整为：宽度x高度=8x16  --*/
 466                  0x02,0x03,0x02,0x00,0x00,0x02,0x03,0x02,0x00,0x00,0xE0,0x18,0x20,0xC0,0x00,0x00,
 467                  
 468                  /*--  文字:  w  --*/
 469                  /*--  宋体9;  此字体下对应的点阵为：宽x高=8x15   --*/
 470                  /*--  高度不是8的倍数，现调整为：宽度x高度=8x16  --*/
 471                  0x02,0x03,0x00,0x03,0x00,0x03,0x02,0x00,0x00,0xC0,0x38,0xC0,0x38,0xC0,0x00,0x00,
 472                  
 473                  /*--  文字:  x  --*/
 474                  /*--  宋体9;  此字体下对应的点阵为：宽x高=8x15   --*/
 475                  /*--  高度不是8的倍数，现调整为：宽度x高度=8x16  --*/
 476                  0x00,0x02,0x03,0x00,0x02,0x03,0x02,0x00,0x00,0x08,0x18,0xE8,0xE0,0x18,0x08,0x00,
 477                  
 478                  /*--  文字:  y  --*/
 479                  /*--  宋体9;  此字体下对应的点阵为：宽x高=8x15   --*/
 480                  /*--  高度不是8的倍数，现调整为：宽度x高度=8x16  --*/
 481                  0x02,0x03,0x02,0x00,0x00,0x02,0x03,0x02,0x02,0x02,0xE2,0x1C,0x30,0xC0,0x00,0x00,
 482                  
 483                  /*--  文字:  z  --*/
 484                  /*--  宋体9;  此字体下对应的点阵为：宽x高=8x15   --*/
 485                  /*--  高度不是8的倍数，现调整为：宽度x高度=8x16  --*/
 486                  0x00,0x03,0x02,0x02,0x02,0x03,0x02,0x00,0x00,0x08,0x18,0x68,0x88,0x08,0x18,0x00,
 487                  
 488                  /*--  文字:  {  --*/
C51 COMPILER V9.00   CHARACTER                                                             04/05/2019 21:48:52 PAGE 9   

 489                  /*--  宋体9;  此字体下对应的点阵为：宽x高=8x15   --*/
 490                  /*--  高度不是8的倍数，现调整为：宽度x高度=8x16  --*/
 491                  0x00,0x00,0x00,0x01,0x7E,0x40,0x00,0x00,0x00,0x00,0x00,0x00,0xFC,0x04,0x00,0x00,
 492                  
 493                  /*--  文字:  |  --*/
 494                  /*--  宋体9;  此字体下对应的点阵为：宽x高=8x15   --*/
 495                  /*--  高度不是8的倍数，现调整为：宽度x高度=8x16  --*/
 496                  0x00,0x00,0x00,0xFF,0x00,0x00,0x00,0x00,0x00,0x00,0x00,0xFE,0x00,0x00,0x00,0x00,
 497                  
 498                  /*--  文字:  }  --*/
 499                  /*--  宋体9;  此字体下对应的点阵为：宽x高=8x15   --*/
 500                  /*--  高度不是8的倍数，现调整为：宽度x高度=8x16  --*/
 501                  0x00,0x00,0x40,0x7E,0x01,0x00,0x00,0x00,0x00,0x00,0x04,0xFC,0x00,0x00,0x00,0x00,
 502                  
 503                  /*--  文字:  ~  --*/
 504                  /*--  宋体9;  此字体下对应的点阵为：宽x高=8x15   --*/
 505                  /*--  高度不是8的倍数，现调整为：宽度x高度=8x16  --*/
 506                  0x00,0x60,0x80,0x80,0x40,0x20,0x20,0xC0,0x00,0x00,0x00,0x00,0x00,0x00,0x00,0x00,
 507                  
 508                  };


MODULE INFORMATION:   STATIC OVERLAYABLE
   CODE SIZE        =   ----    ----
   CONSTANT SIZE    =   1776    ----
   XDATA SIZE       =   ----    ----
   PDATA SIZE       =   ----    ----
   DATA SIZE        =   ----    ----
   IDATA SIZE       =   ----    ----
   BIT SIZE         =   ----    ----
END OF MODULE INFORMATION.


C51 COMPILATION COMPLETE.  0 WARNING(S),  0 ERROR(S)
