C51 COMPILER V9.00   INIT                                                                  04/24/2019 18:42:25 PAGE 1   


C51 COMPILER V9.00, COMPILATION OF MODULE INIT
OBJECT MODULE PLACED IN .\Object\Init.obj
COMPILER INVOKED BY: D:\KeilC51\C51\BIN\C51.EXE Peripheral_C\Init.c BROWSE INCDIR(.\Peripheral_H;.\Common) DEBUG OBJECTE
                    -XTEND PRINT(.\List\Init.lst) OBJECT(.\Object\Init.obj)

line level    source

   1          #include"init.h"
   2          #include "key.h"
   3          #include "Timer3.h"
   4          #include "lcd.h"
   5          #include "C8051F020.h"
   6          
   7          void Reset_Sources_Init()
   8          {
   9   1          WDTCN     = 0xDE;
  10   1          WDTCN     = 0xAD;
  11   1          RSTSRC    = 0x04;
  12   1      }
  13          
  14          void Voltage_Reference_Init()
  15          {
  16   1          REF0CN    = 0x03;
  17   1      }
  18          
  19          void Port_IO_Init()
  20          {
  21   1              /* 位 6： XBARE：交叉开关使能位   
  22   1              0：交叉开关禁止。端口 0、1、2 和 3 的所有引脚被强制为输入方式。 
  23   1              1：交叉开关使能。
  24   1              */
  25   1              XBR2      = 0x40;
  26   1      
  27   1              /*
  28   1              位 7-0： P3MDOUT.[7:0]：端口 3 输出方式位。   
  29   1              0：端口引脚的输出方式为漏极开路。 
  30   1              1：端口引脚的输出方式为推挽。
  31   1              LCD屏使用了P3.4、P3.5,推挽输出。
  32   1              */
  33   1          P3MDOUT   = 0x30;                                                           
  34   1          
  35   1              P74OUT = 0x40;                                                   
  36   1      }
  37          
  38          void Oscillator_Init()
  39          {
  40   1          int i = 0;
  41   1          OSCXCN    = 0x67;
  42   1          for (i = 0; i < 3000; i++);  // Wait 1ms for initialization
  43   1          while ((OSCXCN & 0x80) == 0);
  44   1          OSCICN    = 0x08;
  45   1      }
  46          
  47          void Interrupts_Init()                          
  48          {                                                                       
  49   1          IE        = 0x80;//打开总的中断
  50   1          EIE2      = 0x01;//打开定时器3的中断
  51   1      }
  52          
  53          // Initialization function for device,
  54          // Call Init_Device() from your main program
C51 COMPILER V9.00   INIT                                                                  04/24/2019 18:42:25 PAGE 2   

  55          void Init_Device(void)
  56          {
  57   1          Reset_Sources_Init();
  58   1          Timer_Init(); 
  59   1              OpenTimer3();
  60   1          Voltage_Reference_Init();
  61   1          Port_IO_Init();
  62   1          Oscillator_Init();
  63   1          Interrupts_Init();
  64   1              newLCDInit();
  65   1      }
  66          
  67          void DelayOneSecond(void)//延时1s
  68          {
  69   1       unsigned long a;
  70   1       for(a=0;a<153600;a++);
  71   1      }
  72          
  73          void DelayMSec(int time)
  74          {
  75   1              int a ;
  76   1              while(time--)
  77   1              {
  78   2                      for(a=0;a<150;a++);     //大约延时1ms
  79   2              }
  80   1      }
  81          
  82          void DelayPart(int time)
  83          {
  84   1              int a;
  85   1              while(time--)
  86   1              {
  87   2                      for(a=0;a<15;a++);//大约延时0.1ms
  88   2              }       
  89   1      }


MODULE INFORMATION:   STATIC OVERLAYABLE
   CODE SIZE        =    200    ----
   CONSTANT SIZE    =   ----    ----
   XDATA SIZE       =   ----    ----
   PDATA SIZE       =   ----    ----
   DATA SIZE        =   ----       4
   IDATA SIZE       =   ----    ----
   BIT SIZE         =   ----    ----
END OF MODULE INFORMATION.


C51 COMPILATION COMPLETE.  0 WARNING(S),  0 ERROR(S)
