C51 COMPILER V9.00   MAIN                                                                  03/21/2019 20:14:45 PAGE 1   


C51 COMPILER V9.00, COMPILATION OF MODULE MAIN
OBJECT MODULE PLACED IN main.OBJ
COMPILER INVOKED BY: D:\KeilC51\C51\BIN\C51.EXE main.c BROWSE DEBUG OBJECTEXTEND

line level    source

   1          /////////////////////////////////////
   2          //  Generated Initialization File  //
   3          /////////////////////////////////////
   4          
   5          #include "C8051F020.h"
   6          #include "lcd.h"
   7          #include "key.h"
   8          #include "adc.h"
   9          #include "math.h"
  10          #include "String.h"
  11          
  12          unsigned char str[20];
  13          void itoa(int n, char *s);
  14          void reverse(char *s);
  15          void CompositeChars(char hour,char minute,char second,char*setTime);
  16          
  17          // Peripheral specific initialization functions,
  18          // Called from the Init_Device() function
  19          void Reset_Sources_Init()
  20          {
  21   1          WDTCN     = 0xDE;
  22   1          WDTCN     = 0xAD;
  23   1          RSTSRC    = 0x04;
  24   1      }
  25          
  26          void Timer_Init()//定时器3计时1ms
  27          {
  28   1          CKCON     = 0x20;
  29   1          TMR3CN    = 0x02;
  30   1          TMR3RLL   = 0xCD;
  31   1          TMR3RLH   = 0xD4;
  32   1      }
  33          
  34          void OpenTimer3()  //开定时器
  35          {
  36   1              TMR3CN|=0x04;
  37   1      }
  38          
  39          void CloseTimer3() //关定时器
  40          {
  41   1              TMR3CN&=~0X04;
  42   1      }
  43          void ADC_Init()
  44          {
  45   1          ADC0CN    = 0x84;
  46   1      }
  47          
  48          void DAC_Init()
  49          {
  50   1          DAC0CN    = 0x88;
  51   1          DAC1CN    = 0x80;
  52   1      }
  53          
  54          void Voltage_Reference_Init()
  55          {
C51 COMPILER V9.00   MAIN                                                                  03/21/2019 20:14:45 PAGE 2   

  56   1          REF0CN    = 0x03;
  57   1      }
  58          
  59          void Port_IO_Init()
  60          {
  61   1          // P0.0  -  Unassigned,  Open-Drain, Digital
  62   1          // P0.1  -  Unassigned,  Open-Drain, Digital
  63   1          // P0.2  -  Unassigned,  Open-Drain, Digital
  64   1          // P0.3  -  Unassigned,  Open-Drain, Digital
  65   1          // P0.4  -  Unassigned,  Open-Drain, Digital
  66   1          // P0.5  -  Unassigned,  Open-Drain, Digital
  67   1          // P0.6  -  Unassigned,  Open-Drain, Digital
  68   1          // P0.7  -  Unassigned,  Open-Drain, Digital
  69   1      
  70   1          // P1.0  -  Unassigned,  Open-Drain, Digital
  71   1          // P1.1  -  Unassigned,  Open-Drain, Digital
  72   1          // P1.2  -  Unassigned,  Open-Drain, Digital
  73   1          // P1.3  -  Unassigned,  Open-Drain, Digital
  74   1          // P1.4  -  Unassigned,  Open-Drain, Digital
  75   1          // P1.5  -  Unassigned,  Open-Drain, Digital
  76   1          // P1.6  -  Unassigned,  Open-Drain, Digital
  77   1          // P1.7  -  Unassigned,  Open-Drain, Digital
  78   1      
  79   1          // P2.0  -  Unassigned,  Open-Drain, Digital
  80   1          // P2.1  -  Unassigned,  Open-Drain, Digital
  81   1          // P2.2  -  Unassigned,  Open-Drain, Digital
  82   1          // P2.3  -  Unassigned,  Open-Drain, Digital
  83   1          // P2.4  -  Unassigned,  Open-Drain, Digital
  84   1          // P2.5  -  Unassigned,  Open-Drain, Digital
  85   1          // P2.6  -  Unassigned,  Open-Drain, Digital
  86   1          // P2.7  -  Unassigned,  Open-Drain, Digital
  87   1      
  88   1          // P3.0  -  Unassigned,  Open-Drain, Digital
  89   1          // P3.1  -  Unassigned,  Open-Drain, Digital
  90   1          // P3.2  -  Unassigned,  Open-Drain, Digital
  91   1          // P3.3  -  Unassigned,  Open-Drain, Digital
  92   1          // P3.4  -  Unassigned,  Push-Pull,  Digital
  93   1          // P3.5  -  Unassigned,  Push-Pull,  Digital
  94   1          // P3.6  -  Unassigned,  Open-Drain, Digital
  95   1          // P3.7  -  Unassigned,  Open-Drain, Digital
  96   1      
  97   1          P3MDOUT   = 0x30;
  98   1          XBR2      = 0x40;
  99   1      }
 100          
 101          void Oscillator_Init()
 102          {
 103   1          int i = 0;
 104   1          OSCXCN    = 0x67;
 105   1          for (i = 0; i < 3000; i++);  // Wait 1ms for initialization
 106   1          while ((OSCXCN & 0x80) == 0);
 107   1          OSCICN    = 0x08;
 108   1      }
 109          
 110          void Interrupts_Init()                          
 111          {                                                                       
 112   1          IE        = 0x80;//打开总的中断
 113   1          EIE2      = 0x01;//打开定时器3的中断
 114   1      }
 115          
 116          // Initialization function for device,
 117          // Call Init_Device() from your main program
C51 COMPILER V9.00   MAIN                                                                  03/21/2019 20:14:45 PAGE 3   

 118          void Init_Device(void)
 119          {
 120   1          Reset_Sources_Init();
 121   1          Timer_Init();
 122   1          ADC_Init();
 123   1          DAC_Init();
 124   1          Voltage_Reference_Init();
 125   1          Port_IO_Init();
 126   1          Oscillator_Init();
 127   1          Interrupts_Init();
 128   1      }
 129          
 130          
 131          main()
 132          {
 133   1      
 134   1               unsigned char key=0,flag=0;     
 135   1               unsigned char hour=0,minute=0,second=0;
 136   1               unsigned char nowHour=0,nowMinute=0,nowSecond=0;
 137   1               unsigned char setTime[10]="SetTime ";
 138   1               unsigned char nowTime[10]="NowTime ";
 139   1               unsigned int totalTime,i=0;
 140   1      
 141   1               Init_Device();
 142   1               newLCDInit();
 143   1      
 144   1               Clear();
 145   1           DrawcharS("Project-2",1,4);
 146   1           DrawcharS("3.14--3.21",2,4);        
 147   1               for(i=0;i<255;i++)
 148   1                      {
 149   2                              Delayms(100);
 150   2                      }
 151   1               Clear();                               
 152   1      
 153   1      
 154   1               while(1)
 155   1               {                         
 156   2                 CompositeChars(hour,minute,second,setTime);
 157   2                 DrawcharS(str,0,0);     
 158   2             key = KeyScan();
 159   2                 if(key != 0)
 160   2                      {
 161   3                              switch(key)
 162   3                              {       case 1: hour++;
 163   4                                                      Clear();
 164   4                                                      break;
 165   4                                      case 6: if(hour>0) 
 166   4                                                      hour--;
 167   4                                                      Clear();
 168   4                                                      break;
 169   4                                      case 2: minute++;
 170   4                                                      Clear();
 171   4                                                      break;
 172   4                                      case 7: if(minute>0)
 173   4                                                      minute--;
 174   4                                                      Clear();
 175   4                                                      break;
 176   4                                      case 3: second++;
 177   4                                                      Clear();
 178   4                                                      break;
 179   4                                      case 8: if(second>0)
C51 COMPILER V9.00   MAIN                                                                  03/21/2019 20:14:45 PAGE 4   

 180   4                                                      second--;
 181   4                                                      Clear();
 182   4                                                      break;
 183   4                                      case 9: flag=1;                                 //开始计时，恢复计时
 184   4                                                      OpenTimer3();
 185   4                                                      Clear();
 186   4                                                      break;
 187   4                                      case 4: CloseTimer3();                  //暂停计时
 188   4                                                      Clear();
 189   4                                                      break;
 190   4                                      case 5: ms=0;                                   //重新开始计时
 191   4                                                      sTotal=0;
 192   4                                                      OpenTimer3();
 193   4                                                      Clear();
 194   4                                                      break;
 195   4                              }
 196   3                      }
 197   2                      totalTime=3600*hour+60*minute+second;
 198   2                      if(flag>0)
 199   2                              {       
 200   3                                      P5|=0x02;                       
 201   3                                      nowHour=sTotal/3600; nowMinute=(sTotal%3600)/60; nowSecond=(sTotal%3600)%60;
 202   3                                      CompositeChars(nowHour,nowMinute,nowSecond,nowTime);
 203   3                                      DrawcharS(str,1,0);
 204   3                                      str[0]='\0';                            
 205   3                                      if(sTotal>=totalTime)
 206   3                                      {
 207   4                                              DrawcharS("Time is up!",3,0);
 208   4                                              CloseTimer3();
 209   4                                              P5&=~0x02;                                              //P5.2置为低电平，灯亮。
 210   4                                      }
 211   3                              }               
 212   2               }
 213   1      }
 214          
 215          
 216          
 217          void itoa(int n, char *s)
 218          {
 219   1        int sign;
 220   1        char *t = s;  
 221   1        if ((sign = n) < 0)
 222   1          n = -n; 
 223   1        do
 224   1        {
 225   2          *s++ = n % 10 + '0';
 226   2        } 
 227   1        while ((n /= 10) >0); 
 228   1        if (sign < 0)
 229   1          *s++ = '-'; 
 230   1        *s = '\0';  
 231   1        reverse(t);
 232   1      }
 233          
 234           void reverse(char *s)
 235          {
 236   1        int c;
 237   1        char *t; 
 238   1        for (t = s + (strlen(s) - 1); s < t; s++, t-- )
 239   1        {
 240   2          c = *s;
 241   2          *s = *t;
C51 COMPILER V9.00   MAIN                                                                  03/21/2019 20:14:45 PAGE 5   

 242   2          *t = c;
 243   2        }
 244   1      }
 245          
 246                  
 247          
 248          
 249          void CompositeChars(char hour,char minute,char second,char*setTime)
 250          {
 251   1                      
 252   1              unsigned char S_hour[4],S_minute[4],S_second[4],temp[4];
 253   1              unsigned char i;
 254   1              if(hour>9)      
 255   1                      itoa(hour,S_hour);      
 256   1              else
 257   1              {       
 258   2                      itoa(hour,S_hour);      
 259   2                      strcpy(temp,S_hour);
 260   2                      strcpy(S_hour,"0");
 261   2                      strcat(S_hour,temp);
 262   2                      
 263   2              }
 264   1      
 265   1              if(minute>9)    
 266   1                      itoa(minute,S_minute);  
 267   1              else
 268   1              {       
 269   2                      itoa(minute,S_minute);  
 270   2                      strcpy(temp,S_minute);
 271   2                      strcpy(S_minute,"0");
 272   2                      strcat(S_minute,temp);
 273   2                      
 274   2              }
 275   1              if(second>9)    
 276   1                      itoa(second,S_second);  
 277   1              else
 278   1              {       
 279   2                      itoa(second,S_second);  
 280   2                      strcpy(temp,S_second);
 281   2                      strcpy(S_second,"0");
 282   2                      strcat(S_second,temp);          
 283   2              }
 284   1      
 285   1              strcpy(str,setTime);
 286   1              strcat(str,S_hour);
 287   1              strcat(str,":");
 288   1              strcat(str,S_minute);
 289   1              strcat(str,":");
 290   1              strcat(str,S_second);
 291   1      
 292   1              for(i=0;str[i]!='\0';i++)
 293   1              {
 294   2                      if(str[i]=='s')
 295   2                      {
 296   3                              i++;
 297   3                              str[i]='\0';
 298   3                              break;
 299   3                      }
 300   2              }
 301   1              
 302   1      } 

C51 COMPILER V9.00   MAIN                                                                  03/21/2019 20:14:45 PAGE 6   


MODULE INFORMATION:   STATIC OVERLAYABLE
   CODE SIZE        =   1228    ----
   CONSTANT SIZE    =     57    ----
   XDATA SIZE       =   ----    ----
   PDATA SIZE       =   ----    ----
   DATA SIZE        =     20      70
   IDATA SIZE       =   ----    ----
   BIT SIZE         =   ----    ----
END OF MODULE INFORMATION.


C51 COMPILATION COMPLETE.  0 WARNING(S),  0 ERROR(S)
